Archive member included to satisfy reference by file (symbol)

arch/arm/lib/lib.a(ashldi3.o)
                              lib/built-in.o (__aeabi_llsl)
arch/arm/lib/lib.a(lib1funcs.o)
                              arch/arm/mach-sunxi/built-in.o (__aeabi_uidiv)
arch/arm/lib/lib.a(lshrdi3.o)
                              lib/built-in.o (__aeabi_llsr)
arch/arm/lib/lib.a(div0.o)    arch/arm/lib/lib.a(lib1funcs.o) (__div0)

Discarded input sections

 .data          0x0000000000000000        0x0 arch/arm/cpu/armv7/start.o
 .bss           0x0000000000000000        0x0 arch/arm/cpu/armv7/start.o
 .text          0x0000000000000000        0x0 arch/arm/mach-sunxi/built-in.o
 .text.enable_caches
                0x0000000000000000        0x4 arch/arm/mach-sunxi/built-in.o
 .text.sunxi_get_sram_id
                0x0000000000000000       0x20 arch/arm/mach-sunxi/built-in.o
 .text.print_cpuinfo
                0x0000000000000000       0x18 arch/arm/mach-sunxi/built-in.o
 .text.sun8i_efuse_read
                0x0000000000000000       0x5c arch/arm/mach-sunxi/built-in.o
 .text.sunxi_get_sid
                0x0000000000000000       0x18 arch/arm/mach-sunxi/built-in.o
 .text.sunxi_gpio_get_cfgbank
                0x0000000000000000       0x1a arch/arm/mach-sunxi/built-in.o
 .text.sunxi_gpio_get_cfgpin
                0x0000000000000000       0x24 arch/arm/mach-sunxi/built-in.o
 .text.sunxi_usb_phy_enable_squelch_detect
                0x0000000000000000       0x70 arch/arm/mach-sunxi/built-in.o
 .text.sunxi_usb_phy_init
                0x0000000000000000       0x60 arch/arm/mach-sunxi/built-in.o
 .text.sunxi_usb_phy_exit
                0x0000000000000000       0x40 arch/arm/mach-sunxi/built-in.o
 .text.sunxi_usb_phy_power_on
                0x0000000000000000       0x48 arch/arm/mach-sunxi/built-in.o
 .text.sunxi_usb_phy_power_off
                0x0000000000000000       0x20 arch/arm/mach-sunxi/built-in.o
 .text.sunxi_usb_phy_vbus_detect
                0x0000000000000000       0x3c arch/arm/mach-sunxi/built-in.o
 .text.sunxi_usb_phy_id_detect
                0x0000000000000000       0x18 arch/arm/mach-sunxi/built-in.o
 .text.sunxi_usb_phy_probe
                0x0000000000000000       0xa4 arch/arm/mach-sunxi/built-in.o
 .text.sunxi_usb_phy_remove
                0x0000000000000000       0x40 arch/arm/mach-sunxi/built-in.o
 .text.rsb_await_trans
                0x0000000000000000       0x4c arch/arm/mach-sunxi/built-in.o
 .text.rsb_do_trans
                0x0000000000000000       0x14 arch/arm/mach-sunxi/built-in.o
 .text.rsb_init
                0x0000000000000000       0x9c arch/arm/mach-sunxi/built-in.o
 .text.rsb_set_device_address
                0x0000000000000000       0x20 arch/arm/mach-sunxi/built-in.o
 .text.rsb_write
                0x0000000000000000       0x2c arch/arm/mach-sunxi/built-in.o
 .text.rsb_read
                0x0000000000000000       0x38 arch/arm/mach-sunxi/built-in.o
 .text.clock_set_pll3
                0x0000000000000000       0x38 arch/arm/mach-sunxi/built-in.o
 .text.clock_set_pll3_factors
                0x0000000000000000       0x2c arch/arm/mach-sunxi/built-in.o
 .text.clock_set_pll10
                0x0000000000000000       0x44 arch/arm/mach-sunxi/built-in.o
 .text.clock_get_pll3
                0x0000000000000000       0x2c arch/arm/mach-sunxi/built-in.o
 .text.clock_get_mipi_pll
                0x0000000000000000       0x40 arch/arm/mach-sunxi/built-in.o
 .text.clock_set_de_mod_clock
                0x0000000000000000       0x30 arch/arm/mach-sunxi/built-in.o
 .data.sunxi_usb_phy
                0x0000000000000000       0x80 arch/arm/mach-sunxi/built-in.o
 .bss           0x0000000000000000        0x0 arch/arm/mach-sunxi/built-in.o
 .bss.initial_usb_scan_delay
                0x0000000000000000        0x4 arch/arm/mach-sunxi/built-in.o
 .text.invalidate_icache_all
                0x0000000000000000       0x14 arch/arm/cpu/armv7/built-in.o
 .text.v7_outer_cache_enable
                0x0000000000000000        0x2 arch/arm/cpu/armv7/built-in.o
 .text.v7_outer_cache_disable
                0x0000000000000000        0x2 arch/arm/cpu/armv7/built-in.o
 .text.v7_outer_cache_flush_all
                0x0000000000000000        0x2 arch/arm/cpu/armv7/built-in.o
 .text.flush_dcache_all
                0x0000000000000000        0xe arch/arm/cpu/armv7/built-in.o
 .text.v7_outer_cache_inval_all
                0x0000000000000000        0x2 arch/arm/cpu/armv7/built-in.o
 .text.invalidate_dcache_all
                0x0000000000000000        0xe arch/arm/cpu/armv7/built-in.o
 .text.arm_init_before_mmu
                0x0000000000000000       0x22 arch/arm/cpu/armv7/built-in.o
 .text.v7_outer_cache_flush_range
                0x0000000000000000        0x2 arch/arm/cpu/armv7/built-in.o
 .text.flush_dcache_range
                0x0000000000000000       0x38 arch/arm/cpu/armv7/built-in.o
 .text.mmu_page_table_flush
                0x0000000000000000       0x1e arch/arm/cpu/armv7/built-in.o
 .text.v7_outer_cache_inval_range
                0x0000000000000000        0x2 arch/arm/cpu/armv7/built-in.o
 .text.invalidate_dcache_range
                0x0000000000000000       0x42 arch/arm/cpu/armv7/built-in.o
 .text.cpu_cache_initialization
                0x0000000000000000        0x2 arch/arm/cpu/armv7/built-in.o
 .text.cleanup_before_linux_select
                0x0000000000000000       0x38 arch/arm/cpu/armv7/built-in.o
 .text.cleanup_before_linux
                0x0000000000000000        0x6 arch/arm/cpu/armv7/built-in.o
 .text.v7_arch_cp15_set_l2aux_ctrl
                0x0000000000000000        0x6 arch/arm/cpu/armv7/built-in.o
 .text.v7_arch_cp15_set_acr
                0x0000000000000000        0x6 arch/arm/cpu/armv7/built-in.o
 .text.wait_on_value
                0x0000000000000000       0x1e arch/arm/cpu/armv7/built-in.o
 .text.s_init   0x0000000000000000        0x4 arch/arm/cpu/armv7/built-in.o
 ._secure.text  0x0000000000000000      0x3ec arch/arm/cpu/armv7/built-in.o
 .text.get_gicd_base_address
                0x0000000000000000       0x2c arch/arm/cpu/armv7/built-in.o
 .text.protect_secure_section
                0x0000000000000000        0x2 arch/arm/cpu/armv7/built-in.o
 .text.smp_kick_all_cpus
                0x0000000000000000       0x18 arch/arm/cpu/armv7/built-in.o
 .text.psci_board_init
                0x0000000000000000        0x2 arch/arm/cpu/armv7/built-in.o
 .text.armv7_init_nonsec
                0x0000000000000000       0x64 arch/arm/cpu/armv7/built-in.o
 .text.armv7_apply_memory_carveout
                0x0000000000000000        0x4 arch/arm/cpu/armv7/built-in.o
 .text.psci_update_dt
                0x0000000000000000       0x38 arch/arm/cpu/armv7/built-in.o
 .rodata.str1.1
                0x0000000000000000       0x5c arch/arm/cpu/armv7/built-in.o
 .data          0x0000000000000000        0x0 arch/arm/cpu/armv7/built-in.o
 ._secure.data  0x0000000000000000       0x10 arch/arm/cpu/armv7/built-in.o
 .bss           0x0000000000000000        0x0 arch/arm/cpu/armv7/built-in.o
 .text.board_init_f
                0x0000000000000000        0x2 arch/arm/lib/built-in.o
 .text.bootz_setup
                0x0000000000000000       0x6c arch/arm/lib/built-in.o
 .text.arch_fixup_fdt
                0x0000000000000000       0x38 arch/arm/lib/built-in.o
 .text.arch_reserve_stacks
                0x0000000000000000       0x16 arch/arm/lib/built-in.o
 .text.interrupt_init
                0x0000000000000000       0x14 arch/arm/lib/built-in.o
 .text.enable_interrupts
                0x0000000000000000        0x2 arch/arm/lib/built-in.o
 .text.bad_mode
                0x0000000000000000        0xc arch/arm/lib/built-in.o
 .text.show_regs
                0x0000000000000000      0x108 arch/arm/lib/built-in.o
 .text.do_undefined_instruction
                0x0000000000000000       0x20 arch/arm/lib/built-in.o
 .text.do_software_interrupt
                0x0000000000000000       0x20 arch/arm/lib/built-in.o
 .text.do_prefetch_abort
                0x0000000000000000       0x20 arch/arm/lib/built-in.o
 .text.do_data_abort
                0x0000000000000000       0x20 arch/arm/lib/built-in.o
 .text.do_not_used
                0x0000000000000000       0x20 arch/arm/lib/built-in.o
 .text.do_fiq   0x0000000000000000       0x20 arch/arm/lib/built-in.o
 .text.do_irq   0x0000000000000000       0x20 arch/arm/lib/built-in.o
 .text.enable_caches
                0x0000000000000000        0xc arch/arm/lib/built-in.o
 .text.invalidate_dcache_range
                0x0000000000000000        0x2 arch/arm/lib/built-in.o
 .text.flush_dcache_range
                0x0000000000000000        0x2 arch/arm/lib/built-in.o
 .text.flush_cache
                0x0000000000000000        0x6 arch/arm/lib/built-in.o
 .text.flush_dcache_all
                0x0000000000000000        0xa arch/arm/lib/built-in.o
 .text.check_cache_range
                0x0000000000000000       0x14 arch/arm/lib/built-in.o
 .text.invalidate_l2_cache
                0x0000000000000000        0xc arch/arm/lib/built-in.o
 .text.arm_init_before_mmu
                0x0000000000000000        0x2 arch/arm/lib/built-in.o
 .text.arm_init_domains
                0x0000000000000000        0x2 arch/arm/lib/built-in.o
 .text.set_section_dcache
                0x0000000000000000       0x12 arch/arm/lib/built-in.o
 .text.mmu_page_table_flush
                0x0000000000000000        0x2 arch/arm/lib/built-in.o
 .text.mmu_set_region_dcache_behaviour
                0x0000000000000000       0x40 arch/arm/lib/built-in.o
 .text.dram_bank_mmu_setup
                0x0000000000000000       0x2a arch/arm/lib/built-in.o
 .text.icache_enable
                0x0000000000000000       0x12 arch/arm/lib/built-in.o
 .text.icache_disable
                0x0000000000000000       0x16 arch/arm/lib/built-in.o
 .text.icache_status
                0x0000000000000000        0xa arch/arm/lib/built-in.o
 .text.dcache_enable
                0x0000000000000000       0x70 arch/arm/lib/built-in.o
 .text.dcache_disable
                0x0000000000000000       0x20 arch/arm/lib/built-in.o
 .text.dcache_status
                0x0000000000000000        0xa arch/arm/lib/built-in.o
 .text.fdt_psci
                0x0000000000000000      0x16c arch/arm/lib/built-in.o
 .rodata        0x0000000000000000       0x80 arch/arm/lib/built-in.o
 .__secure_end  0x0000000000000000        0x0 arch/arm/lib/built-in.o
 .__rel_dyn_end
                0x0000000000000000        0x0 arch/arm/lib/built-in.o
 .__image_copy_end
                0x0000000000000000        0x0 arch/arm/lib/built-in.o
 .__image_copy_start
                0x0000000000000000        0x0 arch/arm/lib/built-in.o
 .__efi_runtime_rel_start
                0x0000000000000000        0x0 arch/arm/lib/built-in.o
 .__secure_stack_start
                0x0000000000000000        0x0 arch/arm/lib/built-in.o
 .__secure_stack_end
                0x0000000000000000        0x0 arch/arm/lib/built-in.o
 .__efi_runtime_stop
                0x0000000000000000        0x0 arch/arm/lib/built-in.o
 .__end         0x0000000000000000        0x0 arch/arm/lib/built-in.o
 .__efi_runtime_rel_stop
                0x0000000000000000        0x0 arch/arm/lib/built-in.o
 .__efi_runtime_start
                0x0000000000000000        0x0 arch/arm/lib/built-in.o
 .__rel_dyn_start
                0x0000000000000000        0x0 arch/arm/lib/built-in.o
 .__secure_start
                0x0000000000000000        0x0 arch/arm/lib/built-in.o
 .bss           0x0000000000000000        0x0 arch/arm/lib/built-in.o
 .text          0x0000000000000000        0x0 board/sunxi/built-in.o
 .text.setup_environment
                0x0000000000000000      0x14c board/sunxi/built-in.o
 .text.board_init
                0x0000000000000000       0x78 board/sunxi/built-in.o
 .text.dram_init
                0x0000000000000000       0x16 board/sunxi/built-in.o
 .text.g_dnl_board_usb_cable_connected
                0x0000000000000000        0x6 board/sunxi/built-in.o
 .text.get_board_serial
                0x0000000000000000       0x24 board/sunxi/built-in.o
 .text.misc_init_r
                0x0000000000000000       0xb0 board/sunxi/built-in.o
 .text.ft_board_setup
                0x0000000000000000        0xa board/sunxi/built-in.o
 .data          0x0000000000000000        0x0 board/sunxi/built-in.o
 .bss           0x0000000000000000        0x0 board/sunxi/built-in.o
 .text          0x0000000000000000        0x0 common/spl/built-in.o
 .text.spl_fixup_fdt
                0x0000000000000000        0x2 common/spl/built-in.o
 .text.spl_board_prepare_for_linux
                0x0000000000000000        0x2 common/spl/built-in.o
 .text.spl_early_init
                0x0000000000000000       0x26 common/spl/built-in.o
 .text.spl_start_uboot
                0x0000000000000000        0x4 common/spl/built-in.o
 .bss           0x0000000000000000        0x0 common/spl/built-in.o
 .bss.boot_params_ptr
                0x0000000000000000        0x4 common/spl/built-in.o
 .text          0x0000000000000000        0x0 common/init/built-in.o
 .text.show_boot_progress
                0x0000000000000000        0x2 common/init/built-in.o
 .data          0x0000000000000000        0x0 common/init/built-in.o
 .bss           0x0000000000000000        0x0 common/init/built-in.o
 .text          0x0000000000000000        0x0 common/built-in.o
 .text.console_setfile
                0x0000000000000000       0x74 common/built-in.o
 .text.serial_printf
                0x0000000000000000       0x32 common/built-in.o
 .text.fgetc    0x0000000000000000       0x18 common/built-in.o
 .text.getc     0x0000000000000000       0x1a common/built-in.o
 .text.ftstc    0x0000000000000000       0x18 common/built-in.o
 .text.tstc     0x0000000000000000       0x1a common/built-in.o
 .text.fputc    0x0000000000000000       0x14 common/built-in.o
 .text.fputs    0x0000000000000000       0x14 common/built-in.o
 .text.fprintf  0x0000000000000000       0x36 common/built-in.o
 .text.ctrlc    0x0000000000000000       0x38 common/built-in.o
 .text.confirm_yesno
                0x0000000000000000       0x84 common/built-in.o
 .text.disable_ctrlc
                0x0000000000000000       0x10 common/built-in.o
 .text.had_ctrlc
                0x0000000000000000        0xc common/built-in.o
 .text.clear_ctrlc
                0x0000000000000000        0xc common/built-in.o
 .text.search_device
                0x0000000000000000       0x16 common/built-in.o
 .text.console_assign
                0x0000000000000000       0x2a common/built-in.o
 .text.console_announce_r
                0x0000000000000000       0x34 common/built-in.o
 .text.console_init_f
                0x0000000000000000        0xa common/built-in.o
 .text.stdio_print_current_devices
                0x0000000000000000       0x78 common/built-in.o
 .text.console_init_r
                0x0000000000000000       0x8c common/built-in.o
 .text.sbrk     0x0000000000000000       0x44 common/built-in.o
 .text.mem_malloc_init
                0x0000000000000000       0x1c common/built-in.o
 .text.malloc_trim
                0x0000000000000000       0x80 common/built-in.o
 .text.fREe     0x0000000000000000      0x16c common/built-in.o
 .text.mALLOc   0x0000000000000000      0x41c common/built-in.o
 .text.cALLOc   0x0000000000000000       0x96 common/built-in.o
 .text.rEALLOc  0x0000000000000000      0x2e4 common/built-in.o
 .text.mEMALIGn
                0x0000000000000000      0x10c common/built-in.o
 .text.vALLOc   0x0000000000000000        0xa common/built-in.o
 .text.pvALLOc  0x0000000000000000       0x14 common/built-in.o
 .text.cfree    0x0000000000000000        0x4 common/built-in.o
 .text.malloc_usable_size
                0x0000000000000000       0x2a common/built-in.o
 .text.mALLOPt  0x0000000000000000       0x30 common/built-in.o
 .text.initf_malloc
                0x0000000000000000       0x14 common/built-in.o
 .text.memalign_simple
                0x0000000000000000       0x32 common/built-in.o
 .text.image_check_hcrc
                0x0000000000000000       0x2a common/built-in.o
 .text.image_check_dcrc
                0x0000000000000000       0x22 common/built-in.o
 .text.image_multi_count
                0x0000000000000000       0x12 common/built-in.o
 .text.image_multi_getimg
                0x0000000000000000       0x4c common/built-in.o
 .text.env_get_bootm_low
                0x0000000000000000       0x20 common/built-in.o
 .text.env_get_bootm_size
                0x0000000000000000       0x44 common/built-in.o
 .text.env_get_bootm_mapsize
                0x0000000000000000       0x20 common/built-in.o
 .text.memmove_wd
                0x0000000000000000        0xa common/built-in.o
 .text.genimg_print_size
                0x0000000000000000       0x24 common/built-in.o
 .text.get_table_entry
                0x0000000000000000       0x12 common/built-in.o
 .text.genimg_get_short_name
                0x0000000000000000       0x14 common/built-in.o
 .text.genimg_get_cat_name
                0x0000000000000000       0x38 common/built-in.o
 .text.genimg_get_cat_short_name
                0x0000000000000000       0x38 common/built-in.o
 .text.genimg_get_cat_count
                0x0000000000000000       0x10 common/built-in.o
 .text.genimg_get_cat_desc
                0x0000000000000000       0x10 common/built-in.o
 .text.get_table_entry_name
                0x0000000000000000       0x14 common/built-in.o
 .text.genimg_get_os_name
                0x0000000000000000       0x14 common/built-in.o
 .text.genimg_get_arch_name
                0x0000000000000000       0x14 common/built-in.o
 .text.genimg_get_type_name
                0x0000000000000000       0x14 common/built-in.o
 .text.genimg_get_type_short_name
                0x0000000000000000        0xc common/built-in.o
 .text.genimg_get_comp_name
                0x0000000000000000       0x14 common/built-in.o
 .text.image_print_contents
                0x0000000000000000      0x10c common/built-in.o
 .text.genimg_get_comp_short_name
                0x0000000000000000        0xc common/built-in.o
 .text.genimg_get_os_short_name
                0x0000000000000000        0xc common/built-in.o
 .text.genimg_get_arch_short_name
                0x0000000000000000        0xc common/built-in.o
 .text.get_table_entry_id
                0x0000000000000000       0x26 common/built-in.o
 .text.genimg_get_os_id
                0x0000000000000000       0x14 common/built-in.o
 .text.genimg_get_arch_id
                0x0000000000000000       0x14 common/built-in.o
 .text.genimg_get_type_id
                0x0000000000000000       0x14 common/built-in.o
 .text.genimg_get_comp_id
                0x0000000000000000       0x14 common/built-in.o
 .text.genimg_get_kernel_addr_fit
                0x0000000000000000       0x14 common/built-in.o
 .text.genimg_get_kernel_addr
                0x0000000000000000       0x18 common/built-in.o
 .text.genimg_get_format
                0x0000000000000000       0x10 common/built-in.o
 .text.genimg_has_config
                0x0000000000000000        0x4 common/built-in.o
 .text.boot_get_ramdisk
                0x0000000000000000      0x184 common/built-in.o
 .text.boot_ramdisk_high
                0x0000000000000000       0xcc common/built-in.o
 .text.boot_get_setup
                0x0000000000000000        0x6 common/built-in.o
 .text.image_setup_linux
                0x0000000000000000        0x4 common/built-in.o
 .text.get_ram_size
                0x0000000000000000       0x90 common/built-in.o
 .text.get_effective_memsize
                0x0000000000000000        0x6 common/built-in.o
 .text.stdio_serial_tstc
                0x0000000000000000        0x4 common/built-in.o
 .text.stdio_serial_getc
                0x0000000000000000        0x4 common/built-in.o
 .text.stdio_serial_puts
                0x0000000000000000        0x6 common/built-in.o
 .text.stdio_serial_putc
                0x0000000000000000        0x6 common/built-in.o
 .text.stdio_get_list
                0x0000000000000000        0x8 common/built-in.o
 .text.stdio_get_by_name
                0x0000000000000000       0x30 common/built-in.o
 .text.stdio_clone
                0x0000000000000000       0x22 common/built-in.o
 .text.stdio_register_dev
                0x0000000000000000       0x30 common/built-in.o
 .text.stdio_register
                0x0000000000000000        0x6 common/built-in.o
 .text.stdio_init_tables
                0x0000000000000000       0x14 common/built-in.o
 .text.stdio_add_devices
                0x0000000000000000       0x88 common/built-in.o
 .text.stdio_init
                0x0000000000000000        0xe common/built-in.o
 .text.run_command
                0x0000000000000000        0xe common/built-in.o
 .text.run_command_repeatable
                0x0000000000000000       0x12 common/built-in.o
 .text.run_command_list
                0x0000000000000000       0x38 common/built-in.o
 .text.do_run   0x0000000000000000       0x50 common/built-in.o
 .text.cli_loop
                0x0000000000000000        0x8 common/built-in.o
 .text.cli_init
                0x0000000000000000        0x4 common/built-in.o
 .text.find_cmd_tbl
                0x0000000000000000       0x64 common/built-in.o
 .text.find_cmd
                0x0000000000000000       0x1c common/built-in.o
 .text.cmd_usage
                0x0000000000000000       0x14 common/built-in.o
 .text._do_help
                0x0000000000000000       0xfc common/built-in.o
 .text.cmd_get_data_size
                0x0000000000000000       0x38 common/built-in.o
 .text.cmd_process
                0x0000000000000000       0x94 common/built-in.o
 .text.cmd_process_error
                0x0000000000000000       0x1c common/built-in.o
 .text.hex1_bin
                0x0000000000000000       0x2a common/built-in.o
 .text.hex2_bin
                0x0000000000000000       0x24 common/built-in.o
 .text.srec_decode
                0x0000000000000000      0x184 common/built-in.o
 .text.CYGACC_COMM_IF_GETC_TIMEOUT.isra.0
                0x0000000000000000       0x2e common/built-in.o
 .text.xyzModem_flush
                0x0000000000000000       0x14 common/built-in.o
 .text.xyzModem_get_hdr
                0x0000000000000000      0x174 common/built-in.o
 .text.xyzModem_stream_open
                0x0000000000000000      0x178 common/built-in.o
 .text.xyzModem_stream_read
                0x0000000000000000      0x1c0 common/built-in.o
 .text.xyzModem_stream_close
                0x0000000000000000       0x40 common/built-in.o
 .text.xyzModem_stream_terminate
                0x0000000000000000       0x68 common/built-in.o
 .text.xyzModem_error
                0x0000000000000000       0x18 common/built-in.o
 .rodata.str1.1
                0x0000000000000000      0xba7 common/built-in.o
 .rodata.uimage_comp
                0x0000000000000000       0x54 common/built-in.o
 .rodata.uimage_os
                0x0000000000000000       0x78 common/built-in.o
 .rodata.unknown_str.7647
                0x0000000000000000        0x9 common/built-in.o
 .rodata.table_info
                0x0000000000000000       0x30 common/built-in.o
 .rodata.uimage_type
                0x0000000000000000      0x18c common/built-in.o
 .rodata.uimage_arch
                0x0000000000000000      0x138 common/built-in.o
 .rodata.CSWTCH.23
                0x0000000000000000       0x16 common/built-in.o
 .rodata.CSWTCH.28
                0x0000000000000000       0x20 common/built-in.o
 .data          0x0000000000000000        0x0 common/built-in.o
 .data.av_      0x0000000000000000      0x408 common/built-in.o
 .data.sbrk_base
                0x0000000000000000        0x4 common/built-in.o
 .data.trim_threshold
                0x0000000000000000        0x4 common/built-in.o
 .data.load_addr
                0x0000000000000000        0x4 common/built-in.o
 .data.stdio_names
                0x0000000000000000        0xc common/built-in.o
 .bss           0x0000000000000000        0x0 common/built-in.o
 .bss.ctrlc_was_pressed
                0x0000000000000000        0x4 common/built-in.o
 .bss.ctrlc_disabled
                0x0000000000000000        0x4 common/built-in.o
 .bss.max_total_mem
                0x0000000000000000        0x4 common/built-in.o
 .bss.mem_malloc_brk
                0x0000000000000000        0x4 common/built-in.o
 .bss.max_sbrked_mem
                0x0000000000000000        0x4 common/built-in.o
 .bss.current_mallinfo
                0x0000000000000000       0x28 common/built-in.o
 .bss.mem_malloc_end
                0x0000000000000000        0x4 common/built-in.o
 .bss.top_pad   0x0000000000000000        0x4 common/built-in.o
 .bss.mem_malloc_start
                0x0000000000000000        0x4 common/built-in.o
 .bss.save_addr
                0x0000000000000000        0x4 common/built-in.o
 .bss.msg.7648  0x0000000000000000       0x1e common/built-in.o
 .bss.save_size
                0x0000000000000000        0x4 common/built-in.o
 .bss.devs      0x0000000000000000       0x4c common/built-in.o
 .bss.xyz       0x0000000000000000      0x434 common/built-in.o
 .text          0x0000000000000000        0x0 cmd/built-in.o
 .text._do_env_set.isra.0.constprop.2
                0x0000000000000000      0x120 cmd/built-in.o
 .text.get_env_id
                0x0000000000000000        0xc cmd/built-in.o
 .text.env_set  0x0000000000000000       0x38 cmd/built-in.o
 .text.env_set_ulong
                0x0000000000000000       0x16 cmd/built-in.o
 .text.env_set_hex
                0x0000000000000000       0x20 cmd/built-in.o
 .text.envmatch
                0x0000000000000000       0x3c cmd/built-in.o
 .text.env_get_f
                0x0000000000000000       0x84 cmd/built-in.o
 .text.env_get  0x0000000000000000       0x50 cmd/built-in.o
 .text.env_get_hex
                0x0000000000000000       0x22 cmd/built-in.o
 .text.env_get_ulong
                0x0000000000000000       0x1c cmd/built-in.o
 .rodata.str1.1
                0x0000000000000000       0xb7 cmd/built-in.o
 .data          0x0000000000000000        0x0 cmd/built-in.o
 .data.env_id   0x0000000000000000        0x4 cmd/built-in.o
 .bss           0x0000000000000000        0x0 cmd/built-in.o
 .comment       0x0000000000000000       0x20 cmd/built-in.o
 .note.GNU-stack
                0x0000000000000000        0x0 cmd/built-in.o
 .ARM.attributes
                0x0000000000000000       0x2d cmd/built-in.o
 .debug_aranges
                0x0000000000000000       0x68 cmd/built-in.o
 .debug_info    0x0000000000000000      0xd6e cmd/built-in.o
 .debug_abbrev  0x0000000000000000      0x32c cmd/built-in.o
 .debug_line    0x0000000000000000      0x298 cmd/built-in.o
 .debug_frame   0x0000000000000000      0x144 cmd/built-in.o
 .debug_str     0x0000000000000000      0x748 cmd/built-in.o
 .debug_loc     0x0000000000000000      0x672 cmd/built-in.o
 .debug_ranges  0x0000000000000000       0xa0 cmd/built-in.o
 .text          0x0000000000000000        0x0 env/built-in.o
 .text.env_get_yesno
                0x0000000000000000       0x2a env/built-in.o
 .text.env_get_default
                0x0000000000000000       0x2a env/built-in.o
 .text.set_default_env
                0x0000000000000000       0x7c env/built-in.o
 .text.set_default_vars
                0x0000000000000000       0x28 env/built-in.o
 .text.env_import
                0x0000000000000000       0x84 env/built-in.o
 .text.env_export
                0x0000000000000000       0x58 env/built-in.o
 .text.env_relocate
                0x0000000000000000        0xe env/built-in.o
 .text.env_driver_lookup_default
                0x0000000000000000       0x20 env/built-in.o
 .text.env_get_char
                0x0000000000000000       0x34 env/built-in.o
 .text.env_load
                0x0000000000000000       0x18 env/built-in.o
 .text.env_save
                0x0000000000000000       0x1e env/built-in.o
 .text.env_init
                0x0000000000000000       0x30 env/built-in.o
 .rodata.default_environment
                0x0000000000000000       0x42 env/built-in.o
 .rodata.str1.1
                0x0000000000000000       0xd7 env/built-in.o
 .data          0x0000000000000000        0x0 env/built-in.o
 .data.env_htab
                0x0000000000000000       0x10 env/built-in.o
 .bss           0x0000000000000000        0x0 env/built-in.o
 .text          0x0000000000000000        0x0 lib/built-in.o
 .text.drop_var_from_set.part.2
                0x0000000000000000       0x2e lib/built-in.o
 .text.hcreate_r
                0x0000000000000000       0x60 lib/built-in.o
 .text.hdestroy_r
                0x0000000000000000       0x14 lib/built-in.o
 .text.hmatch_r
                0x0000000000000000       0x5c lib/built-in.o
 .text.hsearch_r
                0x0000000000000000      0x2ac lib/built-in.o
 .text.hdelete_r
                0x0000000000000000       0x94 lib/built-in.o
 .text.himport_r
                0x0000000000000000      0x22c lib/built-in.o
 .text.hwalk_r  0x0000000000000000       0x30 lib/built-in.o
 .text.display_options_get_banner_priv
                0x0000000000000000       0x60 lib/built-in.o
 .text.display_options_get_banner
                0x0000000000000000        0xa lib/built-in.o
 .text.display_options
                0x0000000000000000       0x24 lib/built-in.o
 .text.print_freq
                0x0000000000000000      0x11c lib/built-in.o
 .text.print_size
                0x0000000000000000       0xe0 lib/built-in.o
 .text.print_buffer
                0x0000000000000000      0x114 lib/built-in.o
 .text.crc32_no_comp
                0x0000000000000000       0x8c lib/built-in.o
 .text.crc32    0x0000000000000000        0xc lib/built-in.o
 .text.crc32_wd
                0x0000000000000000        0x4 lib/built-in.o
 .text.crc32_wd_buf
                0x0000000000000000       0x22 lib/built-in.o
 .text.div_s64_rem
                0x0000000000000000       0xae lib/built-in.o
 .text.div64_u64_rem
                0x0000000000000000      0x118 lib/built-in.o
 .text.div64_u64
                0x0000000000000000       0xf8 lib/built-in.o
 .text.div64_s64
                0x0000000000000000       0x34 lib/built-in.o
 .text.iter_div_u64_rem
                0x0000000000000000       0x28 lib/built-in.o
 .text.copy_from_user
                0x0000000000000000        0xa lib/built-in.o
 .text.kmalloc  0x0000000000000000       0x20 lib/built-in.o
 .text.get_mem  0x0000000000000000       0x10 lib/built-in.o
 .text.kmem_cache_alloc
                0x0000000000000000        0x8 lib/built-in.o
 .text.skip_spaces
                0x0000000000000000       0x18 lib/built-in.o
 .text.strim    0x0000000000000000       0x34 lib/built-in.o
 .text.membuff_purge
                0x0000000000000000        0x8 lib/built-in.o
 .text.membuff_putraw
                0x0000000000000000       0x6a lib/built-in.o
 .text.membuff_putbyte
                0x0000000000000000       0x1c lib/built-in.o
 .text.membuff_getraw
                0x0000000000000000       0x52 lib/built-in.o
 .text.membuff_getbyte
                0x0000000000000000       0x24 lib/built-in.o
 .text.membuff_peekbyte
                0x0000000000000000       0x22 lib/built-in.o
 .text.membuff_get
                0x0000000000000000       0x44 lib/built-in.o
 .text.membuff_put
                0x0000000000000000       0x3a lib/built-in.o
 .text.membuff_isempty
                0x0000000000000000        0xc lib/built-in.o
 .text.membuff_avail
                0x0000000000000000       0x34 lib/built-in.o
 .text.membuff_size
                0x0000000000000000        0x6 lib/built-in.o
 .text.membuff_makecontig
                0x0000000000000000       0x44 lib/built-in.o
 .text.membuff_free
                0x0000000000000000       0x1a lib/built-in.o
 .text.membuff_readline
                0x0000000000000000       0x6e lib/built-in.o
 .text.membuff_extend_by
                0x0000000000000000       0x78 lib/built-in.o
 .text.membuff_init
                0x0000000000000000        0xc lib/built-in.o
 .text.membuff_new
                0x0000000000000000       0x22 lib/built-in.o
 .text.membuff_uninit
                0x0000000000000000        0xc lib/built-in.o
 .text.membuff_dispose
                0x0000000000000000        0xc lib/built-in.o
 .text.emit     0x0000000000000000       0x20 lib/built-in.o
 .text.store_char_in_data
                0x0000000000000000       0x24 lib/built-in.o
 .text.get_escape_char
                0x0000000000000000       0x48 lib/built-in.o
 .text.relocate
                0x0000000000000000       0x2a lib/built-in.o
 .text.match    0x0000000000000000      0x264 lib/built-in.o
 .text.loop_greedy
                0x0000000000000000       0x56 lib/built-in.o
 .text.loop_non_greedy
                0x0000000000000000       0x4c lib/built-in.o
 .text.quantifier
                0x0000000000000000       0x5c lib/built-in.o
 .text.fixup_branch
                0x0000000000000000       0x28 lib/built-in.o
 .text.compile  0x0000000000000000      0x230 lib/built-in.o
 .text.slre_compile
                0x0000000000000000       0x90 lib/built-in.o
 .text.slre_match
                0x0000000000000000       0x58 lib/built-in.o
 .text.strncasecmp
                0x0000000000000000       0x54 lib/built-in.o
 .text.strcasecmp
                0x0000000000000000        0x8 lib/built-in.o
 .text.strcpy   0x0000000000000000       0x10 lib/built-in.o
 .text.strncpy  0x0000000000000000       0x18 lib/built-in.o
 .text.strcat   0x0000000000000000       0x1e lib/built-in.o
 .text.strncat  0x0000000000000000       0x2a lib/built-in.o
 .text.strcmp   0x0000000000000000       0x16 lib/built-in.o
 .text.strncmp  0x0000000000000000       0x22 lib/built-in.o
 .text.strchr   0x0000000000000000       0x18 lib/built-in.o
 .text.strchrnul
                0x0000000000000000       0x14 lib/built-in.o
 .text.strlen   0x0000000000000000       0x10 lib/built-in.o
 .text.strlcpy  0x0000000000000000       0x2e lib/built-in.o
 .text.strrchr  0x0000000000000000       0x20 lib/built-in.o
 .text.strnlen  0x0000000000000000       0x18 lib/built-in.o
 .text.strcspn  0x0000000000000000       0x1e lib/built-in.o
 .text.strdup   0x0000000000000000       0x22 lib/built-in.o
 .text.strspn   0x0000000000000000       0x1e lib/built-in.o
 .text.strpbrk  0x0000000000000000       0x20 lib/built-in.o
 .text.strtok   0x0000000000000000       0x44 lib/built-in.o
 .text.strsep   0x0000000000000000       0x1e lib/built-in.o
 .text.strswab  0x0000000000000000       0x26 lib/built-in.o
 .text.memmove  0x0000000000000000       0x28 lib/built-in.o
 .text.memscan  0x0000000000000000       0x16 lib/built-in.o
 .text.strstr   0x0000000000000000       0x48 lib/built-in.o
 .text.memchr   0x0000000000000000       0x1c lib/built-in.o
 .text.memchr_inv
                0x0000000000000000       0xac lib/built-in.o
 .text.table_compute_checksum
                0x0000000000000000       0x1a lib/built-in.o
 .text.get_ticks
                0x0000000000000000       0x32 lib/built-in.o
 .text.timer_init
                0x0000000000000000        0x4 lib/built-in.o
 .text.get_timer
                0x0000000000000000       0x10 lib/built-in.o
 .text.__udelay
                0x0000000000000000       0x88 lib/built-in.o
 .text.uuid_str_valid
                0x0000000000000000       0x50 lib/built-in.o
 .text.uuid_str_to_bin
                0x0000000000000000      0x112 lib/built-in.o
 .text.uuid_bin_to_str
                0x0000000000000000       0x74 lib/built-in.o
 .text.gen_rand_uuid
                0x0000000000000000       0x4a lib/built-in.o
 .text.gen_rand_uuid_str
                0x0000000000000000       0x1c lib/built-in.o
 .text.rand_r   0x0000000000000000       0x14 lib/built-in.o
 .text.rand     0x0000000000000000        0xc lib/built-in.o
 .text.srand    0x0000000000000000        0xc lib/built-in.o
 .text.putc_outstr
                0x0000000000000000        0xa lib/built-in.o
 .text.sprintf  0x0000000000000000       0x2c lib/built-in.o
 .text.snprintf
                0x0000000000000000       0x2c lib/built-in.o
 .text.__assert_fail
                0x0000000000000000       0x14 lib/built-in.o
 .text.panic_str
                0x0000000000000000        0xa lib/built-in.o
 .text.strict_strtoul
                0x0000000000000000       0x42 lib/built-in.o
 .text.ustrtoul
                0x0000000000000000       0x3c lib/built-in.o
 .text.simple_strtoull
                0x0000000000000000       0x70 lib/built-in.o
 .text.ustrtoull
                0x0000000000000000       0x4e lib/built-in.o
 .text.trailing_strtoln
                0x0000000000000000       0x4c lib/built-in.o
 .text.trailing_strtol
                0x0000000000000000        0x6 lib/built-in.o
 .rodata        0x0000000000000000       0x20 lib/built-in.o
 .rodata.names.7227
                0x0000000000000000        0x6 lib/built-in.o
 .rodata.names.7193
                0x0000000000000000        0x3 lib/built-in.o
 .rodata.crc_table
                0x0000000000000000      0x400 lib/built-in.o
 .data          0x0000000000000000        0x0 lib/built-in.o
 .data.cur      0x0000000000000000        0x4 lib/built-in.o
 .data.current  0x0000000000000000        0x4 lib/built-in.o
 .data.y        0x0000000000000000        0x4 lib/built-in.o
 .bss           0x0000000000000000        0x0 lib/built-in.o
 .bss.errno     0x0000000000000000        0x4 lib/built-in.o
 .bss.___strtok
                0x0000000000000000        0x4 lib/built-in.o
 .text          0x0000000000000000        0x0 disk/built-in.o
 .text.blk_get_dev
                0x0000000000000000       0x1c disk/built-in.o
 .text.dev_print
                0x0000000000000000      0x158 disk/built-in.o
 .text.part_print
                0x0000000000000000       0x38 disk/built-in.o
 .text.part_get_info
                0x0000000000000000       0x3c disk/built-in.o
 .text.part_get_info_whole_disk
                0x0000000000000000       0x34 disk/built-in.o
 .text.blk_get_device_by_str
                0x0000000000000000       0xc0 disk/built-in.o
 .text.blk_get_device_part_str
                0x0000000000000000      0x22c disk/built-in.o
 .text.part_get_info_by_name_type
                0x0000000000000000       0x70 disk/built-in.o
 .text.part_get_info_by_name
                0x0000000000000000        0x8 disk/built-in.o
 .text.part_set_generic_name
                0x0000000000000000       0x34 disk/built-in.o
 .rodata.CSWTCH.49
                0x0000000000000000       0x20 disk/built-in.o
 .rodata.str1.1
                0x0000000000000000      0x327 disk/built-in.o
 .data          0x0000000000000000        0x0 disk/built-in.o
 .bss           0x0000000000000000        0x0 disk/built-in.o
 .text          0x0000000000000000        0x0 drivers/built-in.o
 .text.board_mmc_getwp
                0x0000000000000000        0x6 drivers/built-in.o
 .text.mmc_getwp
                0x0000000000000000       0x20 drivers/built-in.o
 .text.mmc_hwpart_config
                0x0000000000000000      0x2d4 drivers/built-in.o
 .text.mmc_set_dsr
                0x0000000000000000        0x6 drivers/built-in.o
 .text.board_mmc_init
                0x0000000000000000        0x6 drivers/built-in.o
 .text.mmc_set_preinit
                0x0000000000000000        0x6 drivers/built-in.o
 .text.get_mmc_num
                0x0000000000000000        0xc drivers/built-in.o
 .text.print_mmc_devices
                0x0000000000000000       0x84 drivers/built-in.o
 .text.mmc_destroy
                0x0000000000000000        0x2 drivers/built-in.o
 .text.serial_stub_start
                0x0000000000000000        0x6 drivers/built-in.o
 .text.serial_stub_stop
                0x0000000000000000        0x6 drivers/built-in.o
 .text.serial_stub_putc
                0x0000000000000000        0x8 drivers/built-in.o
 .text.serial_stub_puts
                0x0000000000000000        0x8 drivers/built-in.o
 .text.serial_stub_getc
                0x0000000000000000        0x6 drivers/built-in.o
 .text.serial_stub_tstc
                0x0000000000000000        0x6 drivers/built-in.o
 .text.serial_null
                0x0000000000000000        0x2 drivers/built-in.o
 .text.serial_register
                0x0000000000000000       0x10 drivers/built-in.o
 .text.serial_stdio_init
                0x0000000000000000       0x64 drivers/built-in.o
 .text.serial_assign
                0x0000000000000000       0x2c drivers/built-in.o
 .text.serial_initialize
                0x0000000000000000       0xb6 drivers/built-in.o
 .text.serial_reinit_all
                0x0000000000000000       0x18 drivers/built-in.o
 .text.serial_setbrg
                0x0000000000000000        0xe drivers/built-in.o
 .text.serial_getc
                0x0000000000000000        0xe drivers/built-in.o
 .text.serial_tstc
                0x0000000000000000        0xe drivers/built-in.o
 .text.default_serial_puts
                0x0000000000000000       0x1a drivers/built-in.o
 .text.eserial2_putc
                0x0000000000000000        0x6 drivers/built-in.o
 .text.eserial3_putc
                0x0000000000000000        0x6 drivers/built-in.o
 .text.eserial4_putc
                0x0000000000000000        0x6 drivers/built-in.o
 .text.eserial5_putc
                0x0000000000000000        0x6 drivers/built-in.o
 .text.eserial2_puts
                0x0000000000000000        0x6 drivers/built-in.o
 .text.eserial3_puts
                0x0000000000000000        0x6 drivers/built-in.o
 .text.eserial4_puts
                0x0000000000000000        0x6 drivers/built-in.o
 .text.eserial5_puts
                0x0000000000000000        0x6 drivers/built-in.o
 .text.eserial4_tstc
                0x0000000000000000        0xc drivers/built-in.o
 .text.eserial5_getc
                0x0000000000000000       0x10 drivers/built-in.o
 .text.eserial2_setbrg
                0x0000000000000000        0x6 drivers/built-in.o
 .text.eserial3_setbrg
                0x0000000000000000        0x6 drivers/built-in.o
 .text.eserial4_setbrg
                0x0000000000000000        0x6 drivers/built-in.o
 .text.eserial5_setbrg
                0x0000000000000000        0x6 drivers/built-in.o
 .text.eserial2_init
                0x0000000000000000       0x24 drivers/built-in.o
 .text.eserial3_init
                0x0000000000000000       0x24 drivers/built-in.o
 .text.eserial4_init
                0x0000000000000000       0x24 drivers/built-in.o
 .text.eserial5_init
                0x0000000000000000       0x24 drivers/built-in.o
 .text.eserial5_tstc
                0x0000000000000000        0xc drivers/built-in.o
 .text.eserial2_getc
                0x0000000000000000       0x10 drivers/built-in.o
 .text.eserial2_tstc
                0x0000000000000000        0xc drivers/built-in.o
 .text.eserial3_getc
                0x0000000000000000       0x10 drivers/built-in.o
 .text.eserial3_tstc
                0x0000000000000000        0xc drivers/built-in.o
 .text.eserial4_getc
                0x0000000000000000       0x10 drivers/built-in.o
 .text.ns16550_serial_initialize
                0x0000000000000000       0x38 drivers/built-in.o
 .text.sunxi_gpio_output
                0x0000000000000000       0x44 drivers/built-in.o
 .text.gpio_free
                0x0000000000000000        0x4 drivers/built-in.o
 .text.gpio_direction_output
                0x0000000000000000       0x18 drivers/built-in.o
 .text.gpio_set_value
                0x0000000000000000        0x4 drivers/built-in.o
 .text.get_desc
                0x0000000000000000       0x3a drivers/built-in.o
 .text.blk_get_if_type_name
                0x0000000000000000        0xc drivers/built-in.o
 .text.blk_list_part
                0x0000000000000000       0x52 drivers/built-in.o
 .text.blk_print_part_devnum
                0x0000000000000000       0x36 drivers/built-in.o
 .text.blk_list_devices
                0x0000000000000000       0x40 drivers/built-in.o
 .text.blk_print_device_num
                0x0000000000000000       0x3c drivers/built-in.o
 .text.blk_show_device
                0x0000000000000000       0x58 drivers/built-in.o
 .text.blk_get_devnum_by_type
                0x0000000000000000       0x20 drivers/built-in.o
 .text.blk_get_devnum_by_typename
                0x0000000000000000       0x40 drivers/built-in.o
 .text.blk_read_devnum
                0x0000000000000000       0x2e drivers/built-in.o
 .text.blk_write_devnum
                0x0000000000000000       0x2e drivers/built-in.o
 .text.blk_select_hwpart_devnum
                0x0000000000000000       0x2a drivers/built-in.o
 .data          0x0000000000000000        0x0 drivers/built-in.o
 .data.eserial2_device
                0x0000000000000000       0x30 drivers/built-in.o
 .data.eserial3_device
                0x0000000000000000       0x30 drivers/built-in.o
 .data.eserial4_device
                0x0000000000000000       0x30 drivers/built-in.o
 .data.eserial5_device
                0x0000000000000000       0x30 drivers/built-in.o
 .bss           0x0000000000000000        0x0 drivers/built-in.o
 .bss.serial_devices
                0x0000000000000000        0x4 drivers/built-in.o
 .text          0x0000000000000000        0x0 fs/built-in.o
 .text.fs_devread
                0x0000000000000000      0x170 fs/built-in.o
 .rodata.str1.1
                0x0000000000000000       0x98 fs/built-in.o
 .rodata.__func__.6975
                0x0000000000000000        0xb fs/built-in.o
 .data          0x0000000000000000        0x0 fs/built-in.o
 .bss           0x0000000000000000        0x0 fs/built-in.o
 .comment       0x0000000000000000       0x20 fs/built-in.o
 .note.GNU-stack
                0x0000000000000000        0x0 fs/built-in.o
 .ARM.attributes
                0x0000000000000000       0x2d fs/built-in.o
 .debug_aranges
                0x0000000000000000       0x20 fs/built-in.o
 .debug_info    0x0000000000000000      0x89d fs/built-in.o
 .debug_abbrev  0x0000000000000000      0x2b7 fs/built-in.o
 .debug_line    0x0000000000000000      0x1ab fs/built-in.o
 .debug_frame   0x0000000000000000       0x40 fs/built-in.o
 .debug_str     0x0000000000000000      0x548 fs/built-in.o
 .debug_loc     0x0000000000000000      0x524 fs/built-in.o
 .debug_ranges  0x0000000000000000       0x88 fs/built-in.o
 .text          0x0000000000000000        0x0 arch/arm/lib/eabi_compat.o
 .data          0x0000000000000000        0x0 arch/arm/lib/eabi_compat.o
 .bss           0x0000000000000000        0x0 arch/arm/lib/eabi_compat.o
 .text.raise    0x0000000000000000        0x4 arch/arm/lib/eabi_compat.o
 .text.__aeabi_unwind_cpp_pr0
                0x0000000000000000        0x2 arch/arm/lib/eabi_compat.o
 .text.__aeabi_unwind_cpp_pr1
                0x0000000000000000        0x2 arch/arm/lib/eabi_compat.o
 .text.__aeabi_memcpy
                0x0000000000000000        0x4 arch/arm/lib/eabi_compat.o
 .text.__aeabi_memset
                0x0000000000000000        0xa arch/arm/lib/eabi_compat.o
 .debug_info    0x0000000000000000      0x1f1 arch/arm/lib/eabi_compat.o
 .debug_abbrev  0x0000000000000000      0x117 arch/arm/lib/eabi_compat.o
 .debug_loc     0x0000000000000000       0xfd arch/arm/lib/eabi_compat.o
 .debug_aranges
                0x0000000000000000       0x38 arch/arm/lib/eabi_compat.o
 .debug_ranges  0x0000000000000000       0x28 arch/arm/lib/eabi_compat.o
 .debug_line    0x0000000000000000       0xd9 arch/arm/lib/eabi_compat.o
 .debug_str     0x0000000000000000      0x2ef arch/arm/lib/eabi_compat.o
 .comment       0x0000000000000000       0x20 arch/arm/lib/eabi_compat.o
 .note.GNU-stack
                0x0000000000000000        0x0 arch/arm/lib/eabi_compat.o
 .debug_frame   0x0000000000000000       0x60 arch/arm/lib/eabi_compat.o
 .ARM.attributes
                0x0000000000000000       0x2d arch/arm/lib/eabi_compat.o
 .text          0x0000000000000000        0x0 arch/arm/lib/lib.a(ashldi3.o)
 .data          0x0000000000000000        0x0 arch/arm/lib/lib.a(ashldi3.o)
 .bss           0x0000000000000000        0x0 arch/arm/lib/lib.a(ashldi3.o)
 .text          0x0000000000000000        0x0 arch/arm/lib/lib.a(lib1funcs.o)
 .data          0x0000000000000000        0x0 arch/arm/lib/lib.a(lib1funcs.o)
 .bss           0x0000000000000000        0x0 arch/arm/lib/lib.a(lib1funcs.o)
 .text.__umodsi3
                0x0000000000000000       0xa0 arch/arm/lib/lib.a(lib1funcs.o)
 .text.__modsi3
                0x0000000000000000       0xb8 arch/arm/lib/lib.a(lib1funcs.o)
 .text          0x0000000000000000        0x0 arch/arm/lib/lib.a(lshrdi3.o)
 .data          0x0000000000000000        0x0 arch/arm/lib/lib.a(lshrdi3.o)
 .bss           0x0000000000000000        0x0 arch/arm/lib/lib.a(lshrdi3.o)
 .text.__lshldi3
                0x0000000000000000       0x20 arch/arm/lib/lib.a(lshrdi3.o)
 .debug_line    0x0000000000000000       0x4d arch/arm/lib/lib.a(lshrdi3.o)
 .debug_info    0x0000000000000000       0x7b arch/arm/lib/lib.a(lshrdi3.o)
 .debug_abbrev  0x0000000000000000       0x14 arch/arm/lib/lib.a(lshrdi3.o)
 .debug_aranges
                0x0000000000000000       0x20 arch/arm/lib/lib.a(lshrdi3.o)
 .ARM.attributes
                0x0000000000000000       0x1d arch/arm/lib/lib.a(lshrdi3.o)
 .text          0x0000000000000000        0x0 arch/arm/lib/lib.a(div0.o)
 .data          0x0000000000000000        0x0 arch/arm/lib/lib.a(div0.o)
 .bss           0x0000000000000000        0x0 arch/arm/lib/lib.a(div0.o)

Memory Configuration

Name             Origin             Length             Attributes
.sram            0x0000000000000060 0x0000000000005fa0
.sdram           0x000000004ff80000 0x0000000000080000
*default*        0x0000000000000000 0xffffffffffffffff

Linker script and memory map


.text           0x0000000000000060     0x3ad8
                0x0000000000000060                __start = .
 *(.vectors)
 .vectors       0x0000000000000060       0x44 arch/arm/lib/built-in.o
                0x0000000000000060                _start
                0x0000000000000080                _undefined_instruction
                0x0000000000000084                _software_interrupt
                0x0000000000000088                _prefetch_abort
                0x000000000000008c                _data_abort
                0x0000000000000090                _not_used
                0x0000000000000094                _irq
                0x0000000000000098                _fiq
 arch/arm/cpu/armv7/start.o(.text)
 .text          0x00000000000000a4       0xb0 arch/arm/cpu/armv7/start.o
                0x00000000000000a4                reset
                0x00000000000000a8                save_boot_params_ret
                0x00000000000000e4                c_runtime_cpu_setup
                0x00000000000000f8                cpu_init_cp15
                0x000000000000014c                cpu_init_crit
 *(.text*)
 .text.spl_board_load_image
                0x0000000000000154       0x14 arch/arm/mach-sunxi/built-in.o
 .text.s_init   0x0000000000000168       0x58 arch/arm/mach-sunxi/built-in.o
                0x0000000000000168                s_init
 .text.sunxi_get_boot_device
                0x00000000000001c0       0x48 arch/arm/mach-sunxi/built-in.o
                0x00000000000001c0                sunxi_get_boot_device
 .text.spl_boot_device
                0x0000000000000208        0x4 arch/arm/mach-sunxi/built-in.o
                0x0000000000000208                spl_boot_device
 .text.spl_boot_mode
                0x000000000000020c        0x4 arch/arm/mach-sunxi/built-in.o
                0x000000000000020c                spl_boot_mode
 .text.mem_test_quick
                0x0000000000000210       0x7c arch/arm/mach-sunxi/built-in.o
                0x0000000000000210                mem_test_quick
 .text.spl_mem_test
                0x000000000000028c       0x2c arch/arm/mach-sunxi/built-in.o
                0x000000000000028c                spl_mem_test
 .text.board_init_f
                0x00000000000002b8       0x16 arch/arm/mach-sunxi/built-in.o
                0x00000000000002b8                board_init_f
 *fill*         0x00000000000002ce        0x2 
 .text.reset_cpu
                0x00000000000002d0       0x20 arch/arm/mach-sunxi/built-in.o
                0x00000000000002d0                reset_cpu
 .text.clock_init_sec
                0x00000000000002f0       0x24 arch/arm/mach-sunxi/built-in.o
                0x00000000000002f4                clock_init_sec
 .text.gtbus_init
                0x0000000000000314        0x2 arch/arm/mach-sunxi/built-in.o
                0x0000000000000314                gtbus_init
 .text.clock_init
                0x0000000000000316       0x16 arch/arm/mach-sunxi/built-in.o
                0x0000000000000316                clock_init
 .text.clock_twi_onoff
                0x000000000000032c       0x50 arch/arm/mach-sunxi/built-in.o
                0x000000000000032c                clock_twi_onoff
 .text.mctl_await_completion
                0x000000000000037c       0x34 arch/arm/mach-sunxi/built-in.o
                0x000000000000037c                mctl_await_completion
 .text.mctl_mem_matches
                0x00000000000003b0       0x34 arch/arm/mach-sunxi/built-in.o
                0x00000000000003b0                mctl_mem_matches
 .text.sunxi_gpio_set_cfgbank
                0x00000000000003e4       0x22 arch/arm/mach-sunxi/built-in.o
                0x00000000000003e4                sunxi_gpio_set_cfgbank
 *fill*         0x0000000000000406        0x2 
 .text.sunxi_gpio_set_cfgpin
                0x0000000000000408       0x30 arch/arm/mach-sunxi/built-in.o
                0x0000000000000408                sunxi_gpio_set_cfgpin
 .text.sunxi_gpio_set_drv
                0x0000000000000438       0x4c arch/arm/mach-sunxi/built-in.o
                0x0000000000000438                sunxi_gpio_set_drv
 .text.sunxi_gpio_set_pull
                0x0000000000000484       0x4c arch/arm/mach-sunxi/built-in.o
                0x0000000000000484                sunxi_gpio_set_pull
 .text.prcm_apb0_enable
                0x00000000000004d0       0x18 arch/arm/mach-sunxi/built-in.o
                0x00000000000004d0                prcm_apb0_enable
 .text.prcm_apb0_disable
                0x00000000000004e8       0x1c arch/arm/mach-sunxi/built-in.o
                0x00000000000004e8                prcm_apb0_disable
 .text.clock_init_uart
                0x0000000000000504       0x2c arch/arm/mach-sunxi/built-in.o
                0x0000000000000504                clock_init_uart
 .text.clock_set_pll1
                0x0000000000000530       0x6c arch/arm/mach-sunxi/built-in.o
                0x0000000000000530                clock_set_pll1
 .text.clock_init_safe
                0x000000000000059c       0x48 arch/arm/mach-sunxi/built-in.o
                0x000000000000059c                clock_init_safe
 .text.clock_get_pll1
                0x00000000000005e4       0x24 arch/arm/mach-sunxi/built-in.o
                0x00000000000005e4                clock_get_pll1
 .text.clock_set_pll5
                0x0000000000000608       0xb0 arch/arm/mach-sunxi/built-in.o
                0x0000000000000608                clock_set_pll5
 .text.clock_get_pll6
                0x00000000000006b8       0x28 arch/arm/mach-sunxi/built-in.o
                0x00000000000006b8                clock_get_pll6
 .text.mctl_phy_init
                0x00000000000006e0       0x20 arch/arm/mach-sunxi/built-in.o
 .text.mctl_set_cr.constprop.4
                0x0000000000000700       0x70 arch/arm/mach-sunxi/built-in.o
 .text.sunxi_dram_init
                0x0000000000000770      0x770 arch/arm/mach-sunxi/built-in.o
                0x0000000000000770                sunxi_dram_init
 .text.mctl_set_timing_params
                0x0000000000000ee0      0x100 arch/arm/mach-sunxi/built-in.o
                0x0000000000000ee0                mctl_set_timing_params
 .text          0x0000000000000fe0      0x1bc arch/arm/cpu/armv7/built-in.o
                0x0000000000000fe0                __v7_flush_dcache_all
                0x000000000000107c                v7_flush_dcache_all
                0x000000000000108c                __v7_invalidate_dcache_all
                0x0000000000001128                v7_invalidate_dcache_all
                0x0000000000001138                save_boot_params
                0x0000000000001168                return_to_fel
 .text.sdelay   0x000000000000119c        0x6 arch/arm/cpu/armv7/built-in.o
                0x000000000000119c                sdelay
 *fill*         0x00000000000011a2        0x2 
 .text.lowlevel_init
                0x00000000000011a4       0x1c arch/arm/cpu/armv7/built-in.o
                0x00000000000011a4                lowlevel_init
 .text.timer_init
                0x00000000000011c0       0x1c arch/arm/cpu/armv7/built-in.o
                0x00000000000011c0                timer_init
 .text.get_timer_masked
                0x00000000000011dc       0x54 arch/arm/cpu/armv7/built-in.o
                0x00000000000011dc                get_timer_masked
 .text.get_timer
                0x0000000000001230        0xc arch/arm/cpu/armv7/built-in.o
                0x0000000000001230                get_timer
 .text.__udelay
                0x000000000000123c       0x38 arch/arm/cpu/armv7/built-in.o
                0x000000000000123c                __udelay
 .text.get_ticks
                0x0000000000001274        0xa arch/arm/cpu/armv7/built-in.o
                0x0000000000001274                get_ticks
 .text.get_tbclk
                0x000000000000127e        0x6 arch/arm/cpu/armv7/built-in.o
                0x000000000000127e                get_tbclk
 .text.tzpc_init
                0x0000000000001284       0x20 arch/arm/cpu/armv7/built-in.o
                0x0000000000001284                tzpc_init
 *fill*         0x00000000000012a4       0x1c 
 .text          0x00000000000012c0      0x400 arch/arm/lib/built-in.o
                0x00000000000012c0                _main
                0x0000000000001340                memset
                0x00000000000013e0                memcpy
 .text.disable_interrupts
                0x00000000000016c0        0x4 arch/arm/lib/built-in.o
                0x00000000000016c0                disable_interrupts
 .text.reset_misc
                0x00000000000016c4        0x2 arch/arm/lib/built-in.o
                0x00000000000016c4                reset_misc
 *fill*         0x00000000000016c6        0x2 
 .text.do_reset
                0x00000000000016c8       0x28 arch/arm/lib/built-in.o
                0x00000000000016c8                do_reset
 .text.i2c_init_board
                0x00000000000016f0       0x22 board/sunxi/built-in.o
                0x00000000000016f0                i2c_init_board
 *fill*         0x0000000000001712        0x2 
 .text.board_mmc_init
                0x0000000000001714       0x9c board/sunxi/built-in.o
                0x0000000000001714                board_mmc_init
 .text.sunxi_board_init
                0x00000000000017b0       0x50 board/sunxi/built-in.o
                0x00000000000017b0                sunxi_board_init
 .text.show_boot_progress
                0x0000000000001800        0x2 common/spl/built-in.o
                0x0000000000001800                show_boot_progress
 .text.spl_board_prepare_for_boot
                0x0000000000001802        0x2 common/spl/built-in.o
                0x0000000000001802                spl_board_prepare_for_boot
 .text.spl_set_header_raw_uboot
                0x0000000000001804       0x1c common/spl/built-in.o
                0x0000000000001804                spl_set_header_raw_uboot
 .text.spl_parse_image_header
                0x0000000000001820       0x4c common/spl/built-in.o
                0x0000000000001820                spl_parse_image_header
 .text.jump_to_image_no_args
                0x000000000000186c        0x6 common/spl/built-in.o
                0x000000000000186c                jump_to_image_no_args
 *fill*         0x0000000000001872        0x2 
 .text.spl_set_bd
                0x0000000000001874       0x14 common/spl/built-in.o
                0x0000000000001874                spl_set_bd
 .text.spl_init
                0x0000000000001888       0x20 common/spl/built-in.o
                0x0000000000001888                spl_init
 .text.board_boot_order
                0x00000000000018a8        0xc common/spl/built-in.o
                0x00000000000018a8                board_boot_order
 .text.board_init_r
                0x00000000000018b4       0xec common/spl/built-in.o
                0x00000000000018b4                board_init_r
 .text.preloader_console_init
                0x00000000000019a0       0x24 common/spl/built-in.o
                0x00000000000019a0                preloader_console_init
 .text.spl_relocate_stack_gd
                0x00000000000019c4       0x30 common/spl/built-in.o
                0x00000000000019c4                spl_relocate_stack_gd
 .text.spl_mmc_load_image
                0x00000000000019f4      0x118 common/spl/built-in.o
                0x00000000000019f4                spl_mmc_load_image
 .text.board_init_f_alloc_reserve
                0x0000000000001b0c        0xa common/init/built-in.o
                0x0000000000001b0c                board_init_f_alloc_reserve
 .text.board_init_f_init_reserve
                0x0000000000001b16       0x14 common/init/built-in.o
                0x0000000000001b16                board_init_f_init_reserve
 *fill*         0x0000000000001b2a        0x2 
 .text.putc     0x0000000000001b2c       0x24 common/built-in.o
                0x0000000000001b2c                putc
 .text.puts     0x0000000000001b50       0x24 common/built-in.o
                0x0000000000001b50                puts
 .text.malloc_simple
                0x0000000000001b74       0x28 common/built-in.o
                0x0000000000001b74                malloc_simple
 .text.calloc   0x0000000000001b9c       0x18 common/built-in.o
                0x0000000000001b9c                calloc
 .text.__div64_32
                0x0000000000001bb4       0x7e lib/built-in.o
                0x0000000000001bb4                __div64_32
 *fill*         0x0000000000001c32        0x2 
 .text.hang     0x0000000000001c34       0x18 lib/built-in.o
                0x0000000000001c34                hang
 .text.memcmp   0x0000000000001c4c       0x1c lib/built-in.o
                0x0000000000001c4c                memcmp
 .text.tick_to_time
                0x0000000000001c68       0x48 lib/built-in.o
 .text.timer_get_us
                0x0000000000001cb0       0x1c lib/built-in.o
                0x0000000000001cb0                timer_get_us
 .text.udelay   0x0000000000001ccc       0x20 lib/built-in.o
                0x0000000000001ccc                udelay
 .text.putc_normal
                0x0000000000001cec        0x6 lib/built-in.o
 .text.div_out  0x0000000000001cf2       0x32 lib/built-in.o
 .text._vprintf
                0x0000000000001d24      0x1d0 lib/built-in.o
 .text.vprintf  0x0000000000001ef4       0x1c lib/built-in.o
                0x0000000000001ef4                vprintf
 .text.printf   0x0000000000001f10       0x24 lib/built-in.o
                0x0000000000001f10                printf
 .text.panic_finish
                0x0000000000001f34       0x20 lib/built-in.o
 .text.panic    0x0000000000001f54       0x14 lib/built-in.o
                0x0000000000001f54                panic
 .text._parse_integer_fixup_radix
                0x0000000000001f68       0x5c lib/built-in.o
 .text.simple_strtoul
                0x0000000000001fc4       0x50 lib/built-in.o
                0x0000000000001fc4                simple_strtoul
 .text.simple_strtol
                0x0000000000002014       0x1a lib/built-in.o
                0x0000000000002014                simple_strtol
 *fill*         0x000000000000202e        0x2 
 .text.part_init
                0x0000000000002030       0x2c disk/built-in.o
                0x0000000000002030                part_init
 .text.mmc_set_ios
                0x000000000000205c        0xc drivers/built-in.o
 .text.mmc_set_capacity
                0x0000000000002068       0x6e drivers/built-in.o
 .text.board_mmc_getcd
                0x00000000000020d6        0x6 drivers/built-in.o
                0x00000000000020d6                board_mmc_getcd
 .text.mmc_send_cmd
                0x00000000000020dc        0x8 drivers/built-in.o
                0x00000000000020dc                mmc_send_cmd
 .text.mmc_send_ext_csd
                0x00000000000020e4       0x2e drivers/built-in.o
 .text.mmc_go_idle
                0x0000000000002112       0x32 drivers/built-in.o
 .text.mmc_send_op_cond_iter
                0x0000000000002144       0x44 drivers/built-in.o
 .text.mmc_send_status
                0x0000000000002188       0x84 drivers/built-in.o
                0x0000000000002188                mmc_send_status
 .text.mmc_set_blocklen
                0x000000000000220c       0x26 drivers/built-in.o
                0x000000000000220c                mmc_set_blocklen
 *fill*         0x0000000000002232        0x2 
 .text.mmc_bread
                0x0000000000002234       0xd8 drivers/built-in.o
                0x0000000000002234                mmc_bread
 .text.mmc_switch
                0x000000000000230c       0x3e drivers/built-in.o
                0x000000000000230c                mmc_switch
 .text.mmc_switch_part
                0x000000000000234a       0x40 drivers/built-in.o
                0x000000000000234a                mmc_switch_part
 .text.mmc_getcd
                0x000000000000238a       0x20 drivers/built-in.o
                0x000000000000238a                mmc_getcd
 .text.mmc_set_clock
                0x00000000000023aa       0x1c drivers/built-in.o
                0x00000000000023aa                mmc_set_clock
 *fill*         0x00000000000023c6        0x2 
 .text.mmc_startup
                0x00000000000023c8      0x8ec drivers/built-in.o
 .text.board_mmc_power_init
                0x0000000000002cb4        0x2 drivers/built-in.o
                0x0000000000002cb4                board_mmc_power_init
 *fill*         0x0000000000002cb6        0x2 
 .text.mmc_start_init
                0x0000000000002cb8      0x184 drivers/built-in.o
                0x0000000000002cb8                mmc_start_init
 .text.mmc_init
                0x0000000000002e3c       0xc8 drivers/built-in.o
                0x0000000000002e3c                mmc_init
 .text.cpu_mmc_init
                0x0000000000002f04        0x6 drivers/built-in.o
                0x0000000000002f04                cpu_mmc_init
 *fill*         0x0000000000002f0a        0x2 
 .text.mmc_initialize
                0x0000000000002f0c       0x30 drivers/built-in.o
                0x0000000000002f0c                mmc_initialize
 .text.mmc_berase
                0x0000000000002f3c        0x4 drivers/built-in.o
 .text.mmc_bwrite
                0x0000000000002f40        0x4 drivers/built-in.o
 .text.find_mmc_device
                0x0000000000002f44       0x30 drivers/built-in.o
                0x0000000000002f44                find_mmc_device
 .text.mmc_select_hwpartp
                0x0000000000002f74       0x36 drivers/built-in.o
 .text.mmc_get_dev
                0x0000000000002faa       0x1e drivers/built-in.o
 .text.mmc_get_next_devnum
                0x0000000000002fc8       0x10 drivers/built-in.o
                0x0000000000002fc8                mmc_get_next_devnum
 .text.mmc_get_blk_desc
                0x0000000000002fd8        0x4 drivers/built-in.o
                0x0000000000002fd8                mmc_get_blk_desc
 .text.mmc_do_preinit
                0x0000000000002fdc       0x24 drivers/built-in.o
                0x0000000000002fdc                mmc_do_preinit
 .text.mmc_list_init
                0x0000000000003000       0x18 drivers/built-in.o
                0x0000000000003000                mmc_list_init
 .text.mmc_list_add
                0x0000000000003018       0x14 drivers/built-in.o
                0x0000000000003018                mmc_list_add
 .text.mmc_create
                0x000000000000302c       0x84 drivers/built-in.o
                0x000000000000302c                mmc_create
 .text.sunxi_mmc_core_init
                0x00000000000030b0       0x1a drivers/built-in.o
 *fill*         0x00000000000030ca        0x2 
 .text.sunxi_mmc_getcd_gpio
                0x00000000000030cc       0x24 drivers/built-in.o
 .text.sunxi_mmc_getcd_legacy
                0x00000000000030f0       0x1e drivers/built-in.o
 *fill*         0x000000000000310e        0x2 
 .text.mmc_update_clk.isra.1
                0x0000000000003110       0x4c drivers/built-in.o
 .text.mmc_rint_wait.isra.3
                0x000000000000315c       0x3a drivers/built-in.o
 *fill*         0x0000000000003196        0x2 
 .text.sunxi_mmc_send_cmd_legacy
                0x0000000000003198      0x228 drivers/built-in.o
 .text.mmc_set_mod_clk
                0x00000000000033c0       0xb4 drivers/built-in.o
 .text.sunxi_mmc_set_ios_legacy
                0x0000000000003474       0x90 drivers/built-in.o
 .text.sunxi_mmc_init
                0x0000000000003504      0x138 drivers/built-in.o
                0x0000000000003504                sunxi_mmc_init
 .text.get_current
                0x000000000000363c       0x2c drivers/built-in.o
 .text.serial_init
                0x0000000000003668       0x1a drivers/built-in.o
                0x0000000000003668                serial_init
 .text.serial_putc
                0x0000000000003682       0x12 drivers/built-in.o
                0x0000000000003682                serial_putc
 .text.serial_puts
                0x0000000000003694       0x12 drivers/built-in.o
                0x0000000000003694                serial_puts
 *fill*         0x00000000000036a6        0x2 
 .text._serial_putc
                0x00000000000036a8       0x2c drivers/built-in.o
 .text.eserial1_putc
                0x00000000000036d4        0x6 drivers/built-in.o
 .text._serial_puts
                0x00000000000036da       0x16 drivers/built-in.o
 .text.eserial1_puts
                0x00000000000036f0        0x6 drivers/built-in.o
 *fill*         0x00000000000036f6        0x2 
 .text._serial_setbrg
                0x00000000000036f8       0x2c drivers/built-in.o
 .text.eserial1_setbrg
                0x0000000000003724        0x6 drivers/built-in.o
 *fill*         0x000000000000372a        0x2 
 .text.eserial1_init
                0x000000000000372c       0x24 drivers/built-in.o
 .text.eserial1_getc
                0x0000000000003750       0x10 drivers/built-in.o
 .text.eserial1_tstc
                0x0000000000003760        0xc drivers/built-in.o
 .text.default_serial_console
                0x000000000000376c        0x8 drivers/built-in.o
                0x000000000000376c                default_serial_console
 .text.ns16550_calc_divisor
                0x0000000000003774       0x10 drivers/built-in.o
                0x0000000000003774                ns16550_calc_divisor
 .text.NS16550_init
                0x0000000000003784       0x4a drivers/built-in.o
                0x0000000000003784                NS16550_init
 .text.NS16550_reinit
                0x00000000000037ce       0x54 drivers/built-in.o
                0x00000000000037ce                NS16550_reinit
 .text.NS16550_putc
                0x0000000000003822       0x14 drivers/built-in.o
                0x0000000000003822                NS16550_putc
 .text.NS16550_getc
                0x0000000000003836       0x16 drivers/built-in.o
                0x0000000000003836                NS16550_getc
 .text.NS16550_tstc
                0x000000000000384c        0xe drivers/built-in.o
                0x000000000000384c                NS16550_tstc
 .text.gpio_request
                0x000000000000385a        0x4 drivers/built-in.o
                0x000000000000385a                gpio_request
 .text.gpio_direction_input
                0x000000000000385e        0xc drivers/built-in.o
                0x000000000000385e                gpio_direction_input
 *fill*         0x000000000000386a        0x2 
 .text.gpio_get_value
                0x000000000000386c       0x34 drivers/built-in.o
                0x000000000000386c                gpio_get_value
 .text.sunxi_name_to_gpio
                0x00000000000038a0       0x5c drivers/built-in.o
                0x00000000000038a0                sunxi_name_to_gpio
 .text.sunxi_name_to_gpio_bank
                0x00000000000038fc       0x24 drivers/built-in.o
                0x00000000000038fc                sunxi_name_to_gpio_bank
 .text.blk_driver_lookup_type
                0x0000000000003920       0x24 drivers/built-in.o
                0x0000000000003920                blk_driver_lookup_type
 .text.blk_dselect_hwpart
                0x0000000000003944       0x26 drivers/built-in.o
                0x0000000000003944                blk_dselect_hwpart
 *fill*         0x000000000000396a        0x2 
 .text.__ashldi3
                0x000000000000396c       0x20 arch/arm/lib/lib.a(ashldi3.o)
                0x000000000000396c                __ashldi3
                0x000000000000396c                __aeabi_llsl
 .text.__udivsi3
                0x000000000000398c       0x9c arch/arm/lib/lib.a(lib1funcs.o)
                0x000000000000398c                __udivsi3
                0x000000000000398c                __aeabi_uidiv
 .text.__divsi3
                0x0000000000003a28       0xcc arch/arm/lib/lib.a(lib1funcs.o)
                0x0000000000003a28                __aeabi_idiv
                0x0000000000003a28                __divsi3
 .text.__aeabi_uidivmod
                0x0000000000003af4       0x30 arch/arm/lib/lib.a(lib1funcs.o)
                0x0000000000003af4                __aeabi_uidivmod
                0x0000000000003b0c                __aeabi_idivmod
 .text.Ldiv0    0x0000000000003b24       0x10 arch/arm/lib/lib.a(lib1funcs.o)
 .text.__div0   0x0000000000003b34        0x4 arch/arm/lib/lib.a(div0.o)
                0x0000000000003b34                __div0

.glue_7         0x0000000000003b38        0x0
 .glue_7        0x0000000000003b38        0x0 linker stubs

.glue_7t        0x0000000000003b38        0x0
 .glue_7t       0x0000000000003b38        0x0 linker stubs

.vfp11_veneer   0x0000000000003b38        0x0
 .vfp11_veneer  0x0000000000003b38        0x0 linker stubs

.v4_bx          0x0000000000003b38        0x0
 .v4_bx         0x0000000000003b38        0x0 linker stubs

.iplt           0x0000000000003b38        0x0
 .iplt          0x0000000000003b38        0x0 arch/arm/cpu/armv7/start.o
                0x0000000000003b38                . = ALIGN (0x4)

.rodata         0x0000000000003b38      0xebf
 *(SORT(.rodata*))
 .rodata        0x0000000000003b38       0x14 common/spl/built-in.o
 .rodata.ext_csd_bits.9702
                0x0000000000003b4c       0x14 drivers/built-in.o
 .rodata.ext_to_hostcaps.9703
                0x0000000000003b60       0x1c drivers/built-in.o
 .rodata.fbase  0x0000000000003b7c       0x10 drivers/built-in.o
 .rodata.sd_au_size
                0x0000000000003b8c       0x40 drivers/built-in.o
 .rodata.widths.9704
                0x0000000000003bcc       0x14 drivers/built-in.o
 .rodata.sunxi_mmc_ops
                0x0000000000003be0       0x14 drivers/built-in.o
 .rodata.serial_ports
                0x0000000000003bf4       0x18 drivers/built-in.o
 .rodata        0x0000000000003c0c       0x7e arch/arm/mach-sunxi/built-in.o
 .rodata.str1.1
                0x0000000000003c8a      0x102 arch/arm/mach-sunxi/built-in.o
                                        0x103 (size before relaxing)
 .rodata.lookup_table.7416
                0x0000000000003d8c       0x20 arch/arm/mach-sunxi/built-in.o
 .rodata.lookup_table.7429
                0x0000000000003dac       0x20 arch/arm/mach-sunxi/built-in.o
 .rodata.str1.1
                0x0000000000003dcc      0x30e arch/arm/lib/built-in.o
                                        0x357 (size before relaxing)
 .rodata.str1.1
                0x00000000000040da       0xe1 board/sunxi/built-in.o
                                         0xef (size before relaxing)
 .rodata.str1.1
                0x00000000000041bb      0x1e4 common/spl/built-in.o
 .rodata.str1.1
                0x000000000000439f      0x1fa lib/built-in.o
                                        0x200 (size before relaxing)
 .rodata._ctype
                0x0000000000004599      0x100 lib/built-in.o
                0x0000000000004599                _ctype
 .rodata.multipliers
                0x0000000000004699       0x10 drivers/built-in.o
 .rodata.str1.1
                0x00000000000046a9      0x345 drivers/built-in.o
                                        0x359 (size before relaxing)
 .rodata.__func__.9736
                0x00000000000049ee        0x9 drivers/built-in.o

.rel.dyn        0x00000000000049f8        0x0
 .rel.iplt      0x00000000000049f8        0x0 arch/arm/cpu/armv7/start.o
                0x00000000000049f8                . = ALIGN (0x4)

.data           0x00000000000049f8      0x164
 *(SORT(.data*))
 .data          0x00000000000049f8       0xc8 arch/arm/lib/built-in.o
                0x00000000000049f8                gdata
 .data          0x0000000000004ac0       0x18 arch/arm/mach-sunxi/built-in.o
                0x0000000000004ac0                fel_stash
 .data          0x0000000000004ad8       0x50 common/spl/built-in.o
 .data.cur_dev_num
                0x0000000000004b28        0x4 drivers/built-in.o
 .data.eserial1_device
                0x0000000000004b2c       0x30 drivers/built-in.o
                0x0000000000004b2c                eserial1_device

.igot.plt       0x0000000000004b5c        0x0
 .igot.plt      0x0000000000004b5c        0x0 arch/arm/cpu/armv7/start.o

.__bss_end      0x0000000000004b5c        0x0
 .__bss_end     0x0000000000004b5c        0x0 arch/arm/lib/built-in.o

.__bss_start    0x0000000000004b5c        0x0
 .__bss_start   0x0000000000004b5c        0x0 arch/arm/lib/built-in.o
                0x0000000000004b5c                . = ALIGN (0x4)

.u_boot_list    0x0000000000004b5c       0x48
 *(SORT(.u_boot_list*))
 .u_boot_list_2_blk_driver_1
                0x0000000000004b5c        0x0 drivers/built-in.o
 .u_boot_list_2_blk_driver_2_mmc
                0x0000000000004b5c       0x18 drivers/built-in.o
                0x0000000000004b5c                _u_boot_list_2_blk_driver_2_mmc
 .u_boot_list_2_blk_driver_3
                0x0000000000004b74        0x0 drivers/built-in.o
 .u_boot_list_2_cmd_1
                0x0000000000004b74        0x0 common/built-in.o
 .u_boot_list_2_cmd_3
                0x0000000000004b74        0x0 common/built-in.o
 .u_boot_list_2_env_driver_1
                0x0000000000004b74        0x0 env/built-in.o
 .u_boot_list_2_env_driver_3
                0x0000000000004b74        0x0 env/built-in.o
 .u_boot_list_2_part_driver_1
                0x0000000000004b74        0x0 disk/built-in.o
 .u_boot_list_2_part_driver_3
                0x0000000000004b74        0x0 disk/built-in.o
 .u_boot_list_2_spl_image_loader_1
                0x0000000000004b74        0x0 common/spl/built-in.o
 .u_boot_list_2_spl_image_loader_2_spl_board_load_image0BOOT_DEVICE_BOARD
                0x0000000000004b74        0xc arch/arm/mach-sunxi/built-in.o
                0x0000000000004b74                _u_boot_list_2_spl_image_loader_2_spl_board_load_image0BOOT_DEVICE_BOARD
 .u_boot_list_2_spl_image_loader_2_spl_mmc_load_image0BOOT_DEVICE_MMC1
                0x0000000000004b80        0xc common/spl/built-in.o
                0x0000000000004b80                _u_boot_list_2_spl_image_loader_2_spl_mmc_load_image0BOOT_DEVICE_MMC1
 .u_boot_list_2_spl_image_loader_2_spl_mmc_load_image0BOOT_DEVICE_MMC2
                0x0000000000004b8c        0xc common/spl/built-in.o
                0x0000000000004b8c                _u_boot_list_2_spl_image_loader_2_spl_mmc_load_image0BOOT_DEVICE_MMC2
 .u_boot_list_2_spl_image_loader_2_spl_mmc_load_image0BOOT_DEVICE_MMC2_2
                0x0000000000004b98        0xc common/spl/built-in.o
                0x0000000000004b98                _u_boot_list_2_spl_image_loader_2_spl_mmc_load_image0BOOT_DEVICE_MMC2_2
 .u_boot_list_2_spl_image_loader_3
                0x0000000000004ba4        0x0 common/spl/built-in.o
                0x0000000000004ba4                . = ALIGN (0x4)
                0x0000000000004ba4                __image_copy_end = .
                0x0000000000004ba4                _end = .

.bss            0x000000004ff80000      0x10c
                0x000000004ff80000                . = ALIGN (0x4)
                0x000000004ff80000                __bss_start = .
 *(.bss*)
 .bss.stdio_devices
                0x000000004ff80000        0xc common/built-in.o
                0x000000004ff80000                stdio_devices
 .bss.initialized.9757
                0x000000004ff8000c        0x4 drivers/built-in.o
 .bss.mmc_devices
                0x000000004ff80010        0x8 drivers/built-in.o
 .bss.mmc_host  0x000000004ff80018       0xf0 drivers/built-in.o
                0x000000004ff80018                mmc_host
 .bss.serial_current
                0x000000004ff80108        0x4 drivers/built-in.o
                0x000000004ff8010c                . = ALIGN (0x4)
                0x000000004ff8010c                __bss_end = .
Address of section .text set to 0x60
LOAD arch/arm/cpu/armv7/start.o
START GROUP
LOAD arch/arm/mach-sunxi/built-in.o
LOAD arch/arm/cpu/armv7/built-in.o
LOAD arch/arm/cpu/built-in.o
LOAD arch/arm/lib/built-in.o
LOAD board/sunxi/built-in.o
LOAD common/spl/built-in.o
LOAD common/init/built-in.o
LOAD common/built-in.o
LOAD cmd/built-in.o
LOAD env/built-in.o
LOAD lib/built-in.o
LOAD disk/built-in.o
LOAD drivers/built-in.o
LOAD dts/built-in.o
LOAD fs/built-in.o
END GROUP
LOAD arch/arm/lib/eabi_compat.o
LOAD arch/arm/lib/lib.a
OUTPUT(u-boot-spl elf32-littlearm)

.ARM.attributes
                0x0000000000000000       0x2d
 .ARM.attributes
                0x0000000000000000       0x1d arch/arm/cpu/armv7/start.o
 .ARM.attributes
                0x000000000000001d       0x2d arch/arm/mach-sunxi/built-in.o
 .ARM.attributes
                0x000000000000004a       0x2f arch/arm/cpu/armv7/built-in.o
 .ARM.attributes
                0x0000000000000079       0x29 arch/arm/lib/built-in.o
 .ARM.attributes
                0x00000000000000a2       0x2d board/sunxi/built-in.o
 .ARM.attributes
                0x00000000000000cf       0x2d common/spl/built-in.o
 .ARM.attributes
                0x00000000000000fc       0x2d common/init/built-in.o
 .ARM.attributes
                0x0000000000000129       0x2d common/built-in.o
 .ARM.attributes
                0x0000000000000156       0x2d env/built-in.o
 .ARM.attributes
                0x0000000000000183       0x2d lib/built-in.o
 .ARM.attributes
                0x00000000000001b0       0x2d disk/built-in.o
 .ARM.attributes
                0x00000000000001dd       0x2d drivers/built-in.o
 .ARM.attributes
                0x000000000000020a       0x1d arch/arm/lib/lib.a(ashldi3.o)
 .ARM.attributes
                0x0000000000000227       0x1d arch/arm/lib/lib.a(lib1funcs.o)
 .ARM.attributes
                0x0000000000000244       0x2d arch/arm/lib/lib.a(div0.o)

.comment        0x0000000000000000       0x1f
 .comment       0x0000000000000000       0x1f arch/arm/mach-sunxi/built-in.o
                                        0x160 (size before relaxing)
 .comment       0x000000000000001f      0x120 arch/arm/cpu/armv7/built-in.o
 .comment       0x000000000000001f      0x140 arch/arm/lib/built-in.o
 .comment       0x000000000000001f       0x20 board/sunxi/built-in.o
 .comment       0x000000000000001f       0x40 common/spl/built-in.o
 .comment       0x000000000000001f       0x20 common/init/built-in.o
 .comment       0x000000000000001f      0x140 common/built-in.o
 .comment       0x000000000000001f       0x40 env/built-in.o
 .comment       0x000000000000001f      0x260 lib/built-in.o
 .comment       0x000000000000001f       0x20 disk/built-in.o
 .comment       0x000000000000001f      0x100 drivers/built-in.o
 .comment       0x000000000000001f       0x20 arch/arm/lib/lib.a(div0.o)

.note.GNU-stack
                0x0000000000000000        0x0
 .note.GNU-stack
                0x0000000000000000        0x0 arch/arm/mach-sunxi/built-in.o
 .note.GNU-stack
                0x0000000000000000        0x0 arch/arm/cpu/armv7/built-in.o
 .note.GNU-stack
                0x0000000000000000        0x0 arch/arm/lib/built-in.o
 .note.GNU-stack
                0x0000000000000000        0x0 board/sunxi/built-in.o
 .note.GNU-stack
                0x0000000000000000        0x0 common/spl/built-in.o
 .note.GNU-stack
                0x0000000000000000        0x0 common/init/built-in.o
 .note.GNU-stack
                0x0000000000000000        0x0 common/built-in.o
 .note.GNU-stack
                0x0000000000000000        0x0 env/built-in.o
 .note.GNU-stack
                0x0000000000000000        0x0 lib/built-in.o
 .note.GNU-stack
                0x0000000000000000        0x0 disk/built-in.o
 .note.GNU-stack
                0x0000000000000000        0x0 drivers/built-in.o
 .note.GNU-stack
                0x0000000000000000        0x0 arch/arm/lib/lib.a(div0.o)

.debug_line     0x0000000000000000     0x9436
 .debug_line    0x0000000000000000       0x89 arch/arm/cpu/armv7/start.o
 .debug_line    0x0000000000000089     0x1161 arch/arm/mach-sunxi/built-in.o
 .debug_line    0x00000000000011ea      0xad0 arch/arm/cpu/armv7/built-in.o
 .debug_line    0x0000000000001cba      0xd08 arch/arm/lib/built-in.o
 .debug_line    0x00000000000029c2      0x386 board/sunxi/built-in.o
 .debug_line    0x0000000000002d48      0x4db common/spl/built-in.o
 .debug_line    0x0000000000003223      0x11b common/init/built-in.o
 .debug_line    0x000000000000333e     0x1cdc common/built-in.o
 .debug_line    0x000000000000501a      0x36a env/built-in.o
 .debug_line    0x0000000000005384     0x2063 lib/built-in.o
 .debug_line    0x00000000000073e7      0x37b disk/built-in.o
 .debug_line    0x0000000000007762     0x1b52 drivers/built-in.o
 .debug_line    0x00000000000092b4       0x4d arch/arm/lib/lib.a(ashldi3.o)
 .debug_line    0x0000000000009301       0xf1 arch/arm/lib/lib.a(lib1funcs.o)
 .debug_line    0x00000000000093f2       0x44 arch/arm/lib/lib.a(div0.o)

.debug_info     0x0000000000000000    0x3254e
 .debug_info    0x0000000000000000       0x7f arch/arm/cpu/armv7/start.o
 .debug_info    0x000000000000007f     0x8525 arch/arm/mach-sunxi/built-in.o
 .debug_info    0x00000000000085a4     0x1c90 arch/arm/cpu/armv7/built-in.o
 .debug_info    0x000000000000a234     0x35ad arch/arm/lib/built-in.o
 .debug_info    0x000000000000d7e1     0x1a44 board/sunxi/built-in.o
 .debug_info    0x000000000000f225     0x3387 common/spl/built-in.o
 .debug_info    0x00000000000125ac      0x567 common/init/built-in.o
 .debug_info    0x0000000000012b13     0x961e common/built-in.o
 .debug_info    0x000000000001c131     0x13a2 env/built-in.o
 .debug_info    0x000000000001d4d3     0x7c4a lib/built-in.o
 .debug_info    0x000000000002511d     0x16ec disk/built-in.o
 .debug_info    0x0000000000026809     0xbbfa drivers/built-in.o
 .debug_info    0x0000000000032403       0x7b arch/arm/lib/lib.a(ashldi3.o)
 .debug_info    0x000000000003247e       0x79 arch/arm/lib/lib.a(lib1funcs.o)
 .debug_info    0x00000000000324f7       0x57 arch/arm/lib/lib.a(div0.o)

.debug_abbrev   0x0000000000000000     0xa782
 .debug_abbrev  0x0000000000000000       0x14 arch/arm/cpu/armv7/start.o
 .debug_abbrev  0x0000000000000014     0x1858 arch/arm/mach-sunxi/built-in.o
 .debug_abbrev  0x000000000000186c      0xbe6 arch/arm/cpu/armv7/built-in.o
 .debug_abbrev  0x0000000000002452      0xed5 arch/arm/lib/built-in.o
 .debug_abbrev  0x0000000000003327      0x417 board/sunxi/built-in.o
 .debug_abbrev  0x000000000000373e      0x89e common/spl/built-in.o
 .debug_abbrev  0x0000000000003fdc      0x196 common/init/built-in.o
 .debug_abbrev  0x0000000000004172     0x1cc1 common/built-in.o
 .debug_abbrev  0x0000000000005e33      0x494 env/built-in.o
 .debug_abbrev  0x00000000000062c7     0x237b lib/built-in.o
 .debug_abbrev  0x0000000000008642      0x48e disk/built-in.o
 .debug_abbrev  0x0000000000008ad0     0x1c2e drivers/built-in.o
 .debug_abbrev  0x000000000000a6fe       0x14 arch/arm/lib/lib.a(ashldi3.o)
 .debug_abbrev  0x000000000000a712       0x12 arch/arm/lib/lib.a(lib1funcs.o)
 .debug_abbrev  0x000000000000a724       0x5e arch/arm/lib/lib.a(div0.o)

.debug_aranges  0x0000000000000000     0x19d0
 .debug_aranges
                0x0000000000000000       0x20 arch/arm/cpu/armv7/start.o
 .debug_aranges
                0x0000000000000020      0x2e0 arch/arm/mach-sunxi/built-in.o
 .debug_aranges
                0x0000000000000300      0x278 arch/arm/cpu/armv7/built-in.o
 .debug_aranges
                0x0000000000000578      0x290 arch/arm/lib/built-in.o
 .debug_aranges
                0x0000000000000808       0x68 board/sunxi/built-in.o
 .debug_aranges
                0x0000000000000870       0xa8 common/spl/built-in.o
 .debug_aranges
                0x0000000000000918       0x30 common/init/built-in.o
 .debug_aranges
                0x0000000000000948      0x480 common/built-in.o
 .debug_aranges
                0x0000000000000dc8       0x90 env/built-in.o
 .debug_aranges
                0x0000000000000e58      0x5b0 lib/built-in.o
 .debug_aranges
                0x0000000000001408       0x70 disk/built-in.o
 .debug_aranges
                0x0000000000001478      0x4d0 drivers/built-in.o
 .debug_aranges
                0x0000000000001948       0x20 arch/arm/lib/lib.a(ashldi3.o)
 .debug_aranges
                0x0000000000001968       0x48 arch/arm/lib/lib.a(lib1funcs.o)
 .debug_aranges
                0x00000000000019b0       0x20 arch/arm/lib/lib.a(div0.o)

.debug_frame    0x0000000000000000     0x3adc
 .debug_frame   0x0000000000000000      0x620 arch/arm/mach-sunxi/built-in.o
 .debug_frame   0x0000000000000620      0x384 arch/arm/cpu/armv7/built-in.o
 .debug_frame   0x00000000000009a4      0x3a4 arch/arm/lib/built-in.o
 .debug_frame   0x0000000000000d48      0x118 board/sunxi/built-in.o
 .debug_frame   0x0000000000000e60      0x178 common/spl/built-in.o
 .debug_frame   0x0000000000000fd8       0x48 common/init/built-in.o
 .debug_frame   0x0000000000001020      0xbc0 common/built-in.o
 .debug_frame   0x0000000000001be0      0x164 env/built-in.o
 .debug_frame   0x0000000000001d44      0xef8 lib/built-in.o
 .debug_frame   0x0000000000002c3c      0x18c disk/built-in.o
 .debug_frame   0x0000000000002dc8      0xcf4 drivers/built-in.o
 .debug_frame   0x0000000000003abc       0x20 arch/arm/lib/lib.a(div0.o)

.debug_str      0x0000000000000000     0x7b97
 .debug_str     0x0000000000000000     0x1de1 arch/arm/mach-sunxi/built-in.o
                                       0x5593 (size before relaxing)
 .debug_str     0x0000000000001de1      0x614 arch/arm/cpu/armv7/built-in.o
                                       0x1eef (size before relaxing)
 .debug_str     0x00000000000023f5      0x5b3 arch/arm/lib/built-in.o
                                       0x2d3a (size before relaxing)
 .debug_str     0x00000000000029a8      0x628 board/sunxi/built-in.o
                                        0xff0 (size before relaxing)
 .debug_str     0x0000000000002fd0     0x1697 common/spl/built-in.o
                                       0x311f (size before relaxing)
 .debug_str     0x0000000000004667       0x55 common/init/built-in.o
                                        0x5af (size before relaxing)
 .debug_str     0x00000000000046bc     0x16a6 common/built-in.o
                                       0x6370 (size before relaxing)
 .debug_str     0x0000000000005d62      0x23d env/built-in.o
                                        0xe18 (size before relaxing)
 .debug_str     0x0000000000005f9f      0xab6 lib/built-in.o
                                       0x5235 (size before relaxing)
 .debug_str     0x0000000000006a55      0x270 disk/built-in.o
                                        0xa36 (size before relaxing)
 .debug_str     0x0000000000006cc5      0xeb7 drivers/built-in.o
                                       0x6b4c (size before relaxing)
 .debug_str     0x0000000000007b7c       0x1b arch/arm/lib/lib.a(div0.o)
                                        0x18d (size before relaxing)

.debug_loc      0x0000000000000000    0x150f9
 .debug_loc     0x0000000000000000     0x2fba arch/arm/mach-sunxi/built-in.o
 .debug_loc     0x0000000000002fba      0x655 arch/arm/cpu/armv7/built-in.o
 .debug_loc     0x000000000000360f      0xb46 arch/arm/lib/built-in.o
 .debug_loc     0x0000000000004155      0x30a board/sunxi/built-in.o
 .debug_loc     0x000000000000445f      0x7fe common/spl/built-in.o
 .debug_loc     0x0000000000004c5d       0xb9 common/init/built-in.o
 .debug_loc     0x0000000000004d16     0x52db common/built-in.o
 .debug_loc     0x0000000000009ff1      0x359 env/built-in.o
 .debug_loc     0x000000000000a34a     0x5cb9 lib/built-in.o
 .debug_loc     0x0000000000010003      0xde6 disk/built-in.o
 .debug_loc     0x0000000000010de9     0x4310 drivers/built-in.o

.debug_ranges   0x0000000000000000     0x21b0
 .debug_ranges  0x0000000000000000      0x5c0 arch/arm/mach-sunxi/built-in.o
 .debug_ranges  0x00000000000005c0      0x228 arch/arm/cpu/armv7/built-in.o
 .debug_ranges  0x00000000000007e8      0x168 arch/arm/lib/built-in.o
 .debug_ranges  0x0000000000000950       0x58 board/sunxi/built-in.o
 .debug_ranges  0x00000000000009a8      0x120 common/spl/built-in.o
 .debug_ranges  0x0000000000000ac8       0x20 common/init/built-in.o
 .debug_ranges  0x0000000000000ae8      0x550 common/built-in.o
 .debug_ranges  0x0000000000001038       0x70 env/built-in.o
 .debug_ranges  0x00000000000010a8      0x890 lib/built-in.o
 .debug_ranges  0x0000000000001938       0xe8 disk/built-in.o
 .debug_ranges  0x0000000000001a20      0x740 drivers/built-in.o
 .debug_ranges  0x0000000000002160       0x40 arch/arm/lib/lib.a(lib1funcs.o)
 .debug_ranges  0x00000000000021a0       0x10 arch/arm/lib/lib.a(div0.o)
