4a000000 T __image_copy_start
4a000000 T _start
4a000020 T _undefined_instruction
4a000024 T _software_interrupt
4a000028 T _prefetch_abort
4a00002c T _data_abort
4a000030 T _not_used
4a000034 T _irq
4a000038 T _fiq
4a000040 T IRQ_STACK_START_IN
4a000060 t undefined_instruction
4a0000c0 t software_interrupt
4a000120 t prefetch_abort
4a000180 t data_abort
4a0001e0 t not_used
4a000240 t irq
4a0002a0 t fiq
4a0002e8 T reset
4a0002ec T save_boot_params_ret
4a000328 T c_runtime_cpu_setup
4a000338 W save_boot_params
4a00033c T cpu_init_cp15
4a000390 T cpu_init_crit
4a000398 T __v7_flush_dcache_all
4a0003ac t start_flush_levels
4a0003b0 t flush_levels
4a0003ec t loop1
4a0003f0 t loop2
4a000414 t skip
4a000420 t finished
4a000434 T v7_flush_dcache_all
4a000444 T __v7_invalidate_dcache_all
4a00045c t inval_levels
4a000498 t inval_loop1
4a00049c t inval_loop2
4a0004c0 t inval_skip
4a0004cc t inval_finished
4a0004e0 T v7_invalidate_dcache_all
4a0004f0 T invalidate_icache_all
4a000504 W v7_outer_cache_enable
4a000506 W v7_outer_cache_disable
4a000508 W v7_outer_cache_flush_all
4a00050a T flush_dcache_all
4a000518 W v7_outer_cache_inval_all
4a00051a T invalidate_dcache_all
4a000528 T arm_init_before_mmu
4a00054a W v7_outer_cache_flush_range
4a00054c T flush_dcache_range
4a000584 W cpu_cache_initialization
4a000586 T cleanup_before_linux_select
4a0005c4 T cleanup_before_linux
4a0005ca T sdelay
4a0005d0 W lowlevel_init
4a0005f4 t get_gicd_base_address
4a000620 W psci_board_init
4a000624 T armv7_init_nonsec
4a000688 T armv7_apply_memory_carveout
4a00068c T psci_update_dt
4a0006c4 T timer_init
4a0006e0 T get_timer_masked
4a000734 T get_timer
4a000740 T __udelay
4a000778 T get_ticks
4a000782 T get_tbclk
4a000788 T tzpc_init
4a0007c0 T _main
4a00080c t here
4a000860 T memset
4a000900 T memcpy
4a000be0 W relocate_vectors
4a000bec T relocate_code
4a000bfc t copy_loop
4a000c14 t fixloop
4a000c34 t fixnext
4a000c3c t relocate_done
4a000c50 T arch_fixup_fdt
4a000c88 T arch_lmb_reserve
4a000ca2 W board_quiesce_devices
4a000ca4 W setup_board_tags
4a000ca8 t boot_prep_linux
4a000ddc W armv7_boot_nonsec_default
4a000de0 T armv7_boot_nonsec
4a000e20 t boot_jump_linux
4a000ec4 T do_bootm_linux
4a000f08 T boot_prep_vxworks
4a000f38 T boot_jump_vxworks
4a000f40 T bootz_setup
4a000fac W arch_reserve_stacks
4a000fc4 T interrupt_init
4a000fd8 T enable_interrupts
4a000fda T disable_interrupts
4a000fe0 T bad_mode
4a000fec T show_regs
4a0010f4 T do_undefined_instruction
4a001118 T do_software_interrupt
4a00113c T do_prefetch_abort
4a001160 T do_data_abort
4a001184 T do_not_used
4a0011a8 T do_fiq
4a0011cc T do_irq
4a0011f0 W reset_misc
4a0011f4 T do_reset
4a00121c W flush_cache
4a001224 T check_cache_range
4a001244 W arm_init_domains
4a001246 T set_section_dcache
4a001258 W dram_bank_mmu_setup
4a001282 T icache_enable
4a001294 T icache_disable
4a0012aa T dcache_enable
4a00131a T dcache_disable
4a00133a T dcache_status
4a001344 T fdt_psci
4a0014b0 T s_init
4a001504 T sunxi_get_boot_device
4a00154c T reset_cpu
4a00156c T enable_caches
4a001574 T clock_init_sec
4a001594 T clock_init
4a0015a4 T clock_twi_onoff
4a0015f4 T sunxi_get_sram_id
4a001614 T print_cpuinfo
4a00162c T sun8i_efuse_read
4a001688 T sunxi_get_sid
4a0016a0 T sunxi_gpio_set_cfgbank
4a0016c4 T sunxi_gpio_set_cfgpin
4a0016f4 T sunxi_gpio_get_cfgbank
4a001710 T sunxi_gpio_get_cfgpin
4a001734 T sunxi_gpio_set_drv
4a001780 T sunxi_gpio_set_pull
4a0017cc T sunxi_usb_phy_probe
4a001870 T prcm_apb0_enable
4a001888 T prcm_apb0_disable
4a0018a4 T clock_init_uart
4a0018d0 T clock_set_pll1
4a00193c T clock_get_pll1
4a001960 T clock_get_pll6
4a001988 t setup_environment
4a001ad4 T i2c_init_board
4a001af8 T board_init
4a001cb8 T dram_init
4a001cd0 T board_mmc_init
4a001d88 T get_board_serial
4a001dac T misc_init_r
4a001e5c T ft_board_setup
4a001e66 W do_go_exec
4a001e70 t do_go
4a001ebc T do_bootm
4a001f60 T do_bootd
4a001f78 t image_info
4a002004 t do_iminfo
4a002044 T bootm_maybe_autostart
4a002090 t do_help
4a0020bc t do_version
4a0020ec T blk_common_cmd
4a0022e8 T source
4a002378 t do_source
4a0023a8 t print_num
4a0023b8 t do_bdinfo
4a00247c t efi_init_obj_list
4a0024a4 t do_bootefi_exec
4a0026c4 t jmp_target
4a002724 t do_bootefi
4a0027ec T efi_set_bootdev
4a00289c T do_bootz
4a002934 t do_coninfo
4a0029b8 t do_echo
4a002a28 t load_elf_image_shdr
4a002a74 T valid_elf_image
4a002aa4 T do_bootelf
4a002bb8 T do_bootvx
4a002df4 t do_exit
4a002e12 T do_ext4_size
4a002e20 T do_ext4_load
4a002e2e T do_ext4_ls
4a002e3c T do_ext2load
4a002e4a t do_ext2ls
4a002e58 T do_fat_size
4a002e66 T do_fat_fsload
4a002e74 t do_fat_ls
4a002e84 t do_fat_fsinfo
4a002edc t do_fat_fswrite
4a002f9c t fdt_valid
4a003010 t is_printable_string
4a003058 t print_data
4a00315c T set_working_fdt_addr
4a003170 t do_fdt
4a003bc8 t do_size_wrapper
4a003bd8 t do_load_wrapper
4a003c18 t do_save_wrapper
4a003c26 t do_ls_wrapper
4a003c34 t do_fstype_wrapper
4a003c38 t gpio_get_description
4a003cb0 t do_gpio
4a003ec0 t do_i2c
4a003efc t show_bus
4a003f5c t i2c_get_cur_bus
4a003fa8 t i2c_get_cur_bus_chip
4a003fc8 T do_edid
4a004030 t do_i2c_olen
4a0040a4 t do_i2c_flags
4a00411c t do_i2c_bus_speed
4a004180 t do_i2c_reset
4a0041a4 t do_i2c_probe
4a004214 t do_i2c_show_bus
4a004280 t get_alen.constprop.5
4a0042a0 t do_i2c_crc
4a004378 t mod_i2c_mem.isra.2
4a0044dc t do_i2c_nm
4a0044e2 t do_i2c_mm
4a0044e8 t do_i2c_md
4a00463c t do_i2c_mw
4a0046f8 t do_i2c_write
4a0047f8 t do_i2c_read
4a004888 t do_i2c_loop
4a004940 t do_i2c_bus_num
4a0049b0 t evalexp
4a0049f8 t evalstr
4a004a34 t binary_test
4a004b5c t do_itest
4a004ba8 t bin_data_init
4a004bc4 t k_data_save
4a004bf8 t k_data_restore
4a004c2c t getcxmodem
4a004c44 t load_serial_ymodem
4a004cd0 t bin_data_char
4a004cec t chk1.constprop.1
4a004d0c t s1_sendpacket.constprop.2
4a004d40 t load_serial
4a004e74 t do_load_serial
4a004f04 t do_load_serial_bin
4a005438 t do_mem_mw
4a0054b8 t do_mem_loop
4a00553c t do_mem_md
4a0055dc t do_mem_cmp
4a0056cc t do_mem_base
4a0056f4 t do_mem_cp
4a005768 t do_mem_crc
4a005794 t do_mem_mtest
4a0058f8 t mod_mem.isra.0
4a0059dc t do_mem_mm
4a0059e2 t do_mem_nm
4a0059e8 W board_show_dram
4a005a08 t do_mem_info
4a005a16 t extract_range
4a005a48 t do_mii
4a006054 t do_sleep
4a0060d8 t do_mmcops
4a006154 t init_mmc_device
4a006188 t do_mmc_rescan
4a0061a0 t do_mmc_hwpartition
4a00652c t do_mmc_list
4a006538 t do_mmc_dev
4a006604 t do_mmc_read
4a00669c t do_mmc_part
4a0066d4 t do_mmc_erase
4a006774 t do_mmc_write
4a006824 t do_mmcinfo
4a006abc t do_mmc_setdsr
4a006b30 t netboot_common
4a006cd8 t do_bootp
4a006ce0 t do_dhcp
4a006ce8 t do_nfs
4a006cf0 T do_tftpb
4a006d18 t do_ping
4a006d60 t do_part_list
4a006e48 t do_part_start
4a006ecc t do_part_size
4a006f50 t do_part
4a007000 t eol_or_eof
4a007014 t do_pxe
4a00705c t label_print
4a007070 t do_get_tftp
4a00709c t from_env
4a0070b8 t get_string
4a00713c t label_destroy
4a00717a t destroy_pxe_menu
4a0071b0 t get_token
4a007254 t parse_sliteral
4a007288 t parse_integer
4a0072cc t do_get_any
4a0072f8 t do_get_fat
4a007320 t do_get_ext2
4a007348 t format_mac_pxe.constprop.6
4a00739c t get_relfile
4a007468 t get_pxe_file
4a0074a4 t handle_include
4a007508 t parse_pxefile_top
4a007810 t parse_pxefile
4a007850 t get_pxelinux_path
4a0078a0 t do_pxe_get
4a007984 t get_relfile_envaddr
4a0079b8 t label_boot
4a007d84 t handle_pxe_menu
4a007e5c t do_pxe_boot
4a007ef0 t do_sysboot
4a00802c t substitute
4a0080bc t get_arg
4a0080f0 t regex_sub
4a0082f8 t do_setexpr
4a0083e0 t do_false
4a0083e4 t do_true
4a0083e8 t do_test
4a0085f0 t usb_get_class_desc
4a008664 t usb_display_class_sub
4a008758 t usb_display_desc
4a008848 t usb_show_tree_graph
4a00898c t usb_show_subtree
4a0089a8 t usb_for_each_root_dev
4a0089e0 t usb_display_string
4a008a0c t usb_display_config
4a008bb4 t usb_show_info
4a008bea t usb_find_device
4a008c50 t do_usbboot
4a008c5c t do_usb_start
4a008c7c T usb_show_tree
4a008c88 t do_usb
4a008f30 T common_diskboot
4a0090b0 t do_imgextract
4a00926c t extract_val
4a0092c4 t extract_env
4a009364 t set_gpt_info.isra.1.constprop.2
4a00968c t do_gpt
4a0098a4 t do_env_delete
4a009904 t do_env_exists
4a009944 t do_env_save
4a009964 t do_env
4a0099a0 t env_print
4a009a14 t do_env_print
4a009a88 t do_env_import
4a009c04 t do_env_default
4a009c58 t _do_env_set.isra.0
4a009d84 t do_env_set
4a009d98 T get_env_id
4a009da4 T env_set
4a009de0 T env_set_ulong
4a009df8 T env_set_hex
4a009e18 t do_env_export
4a009f64 T envmatch
4a009fa0 T env_get_f
4a00a024 T env_get
4a00a074 T env_get_hex
4a00a096 T env_get_ulong
4a00a0b4 t do_env_edit.part.2
4a00a124 t do_env_edit
4a00a140 T board_init_f_alloc_reserve
4a00a14a T board_init_f_init_reserve
4a00a15e W show_boot_progress
4a00a164 T main_loop
4a00a1b4 t mdelay
4a00a1c8 t dummy
4a00a1ca T get_version
4a00a1d0 T jumptable_init
4a00a338 T hash_command
4a00a3a8 t b_reset
4a00a3b6 t static_get
4a00a3c8 t file_peek
4a00a3d0 t mapset
4a00a3e4 t syntax_err
4a00a3f0 t free_pipe_list
4a00a488 t xmalloc
4a00a4a0 t new_pipe
4a00a4b8 t xrealloc
4a00a4d0 t done_command
4a00a512 t done_pipe
4a00a53c t done_word
4a00a708 t do_showvar
4a00a7a4 t is_assignment
4a00a7d0 t file_get
4a00a914 t b_addchr
4a00a958 t b_addqchr
4a00a988 t static_peek
4a00a990 T get_local_var
4a00a9e8 T set_local_var
4a00aaf4 t insert_var_value_sub
4a00acb4 T parse_string_outer
4a00ad48 t run_list_real
4a00b220 t parse_stream_outer
4a00b65c T parse_file_outer
4a00b688 T u_boot_hush_start
4a00b6b8 T bootdelay_process
4a00b73c T autoboot_command
4a00b7dc t setup_mon_len
4a00b7f4 t reserve_round_4k
4a00b808 W reserve_mmu
4a00b836 t reserve_uboot
4a00b860 t reserve_malloc
4a00b874 t reserve_global_data
4a00b88a t reserve_fdt
4a00b8c4 t initf_console_record
4a00b8c8 W arch_cpu_init_dm
4a00b8cc W dram_init_banksize
4a00b8e6 t setup_reloc
4a00b90c t reloc_fdt
4a00b938 t reserve_board
4a00b960 t announce_dram_init
4a00b970 t init_baud_rate
4a00b98c t initf_dm
4a00b992 t initf_bootstage
4a00b99e W reserve_arch
4a00b9a2 t display_text_info
4a00b9a6 W arch_cpu_init
4a00b9aa W mach_cpu_init
4a00b9ae t reserve_video
4a00b9b2 t reserve_trace
4a00b9b6 t setup_machine
4a00b9ba t reserve_bootstage
4a00b9be t display_new_sp
4a00b9c2 t reloc_bootstage
4a00b9c6 W coloured_LED_init
4a00b9c8 W red_led_on
4a00b9ca W board_add_ram_info
4a00b9cc t show_dram_config
4a00b9f4 W board_get_usable_ram_top
4a00ba06 t setup_dest_addr
4a00ba36 t reserve_stacks
4a00ba50 T board_init_f
4a00ba70 t bootstage_relocate
4a00ba74 t initr_reloc
4a00ba88 W power_init_board
4a00ba8c t dram_set_clk
4a00ba90 t init_env_boot_mmc
4a00bafc t turn_off_tft_bl
4a00bb28 t run_main_loop
4a00bb30 t initr_net
4a00bb44 t initr_ethaddr
4a00bb5c t initr_enable_interrupts
4a00bb66 t initr_jumptable
4a00bb70 t initr_env
4a00bbb8 t initr_mmc
4a00bbd0 t initr_serial
4a00bbda t initr_dm
4a00bbec t initr_bootstage
4a00bbf8 t initr_malloc
4a00bc14 t initr_reloc_global_data
4a00bc3c t initr_caches
4a00bc46 t initr_announce
4a00bc4a t initr_trace
4a00bc4e t initr_barrier
4a00bc52 t initr_console_record
4a00bc56 W cpu_secondary_init_r
4a00bc58 t initr_secondary_cpu
4a00bc64 T nanopi_read_gpio
4a00bcdc T nanopi_read_extra_gpio
4a00bd80 T nanopi_get_board
4a00bf4c t setup_env_boardtype
4a00bf9c T board_init_r
4a00bfac W checkboard
4a00bfb0 W show_board_info
4a00bfdc T bootm_find_images
4a00c048 T bootm_decomp_image
4a00c130 T bootm_disable_interrupts
4a00c140 T do_bootm_states
4a00c628 t copy_args
4a00c660 t do_bootm_rtems
4a00c68c t do_bootm_plan9
4a00c6f4 t do_bootm_standalone
4a00c730 t do_bootm_qnxelf
4a00c77c t do_bootm_netbsd
4a00c820 T do_bootvx_fdt
4a00c8e0 t do_bootm_vxworks
4a00c8f6 W arch_preboot_os
4a00c8f8 T boot_selected_os
4a00c934 T bootm_os_get_boot_func
4a00c940 t of_bus_default_map
4a00c9e8 T fdt_support_default_count_cells
4a00ca1c t of_bus_default_translate
4a00ca98 T fdt_find_and_setprop
4a00cae0 T fdt_find_or_add_subnode
4a00cb20 T fdt_root
4a00cb80 T fdt_initrd
4a00ccac T fdt_chosen
4a00cd3c T do_fixup_by_path
4a00cd70 T fdt_fixup_memory_banks
4a00ce94 T fdt_fixup_memory
4a00ceac T fdt_fixup_ethernet
4a00cfac T fdt_shrink_to_minimum
4a00d038 T fdt_translate_address
4a00d1c8 T miiphy_get_dev_by_name
4a00d200 T miiphy_init
4a00d218 T miiphy_set_current_dev
4a00d240 t miiphy_get_active_dev
4a00d270 T miiphy_get_current_dev
4a00d280 T miiphy_read
4a00d2a8 T miiphy_write
4a00d2cc T miiphy_listdev
4a00d320 T miiphy_info
4a00d37c T miiphy_speed
4a00d400 T miiphy_duplex
4a00d480 T miiphy_is_1000base_x
4a00d484 t usb_set_maxpacket_ep
4a00d4d8 T usb_control_msg
4a00d548 t usb_get_descriptor
4a00d580 t get_descriptor_len
4a00d5e0 t usb_setup_descriptor
4a00d664 t usb_get_string
4a00d6b4 t usb_string_sub
4a00d748 T usb_bulk_msg
4a00d790 T usb_maxpacket
4a00d7aa T usb_clear_halt
4a00d808 T usb_get_configuration_len
4a00d858 T usb_get_configuration_no
4a00d874 T usb_set_interface
4a00d8ec T usb_set_protocol
4a00d91a T usb_set_idle
4a00d94c T usb_string
4a00d9e8 T usb_select_config
4a00dd0c T usb_setup_device
4a00ddb4 T usb_device_has_child_on_port
4a00ddb8 t usb_set_port_feature
4a00dde6 t usb_clear_port_feature
4a00de14 t usb_get_hub_descriptor
4a00de5a W usb_hub_reset_devices
4a00de5c T usb_hub_is_root_hub
4a00de6c T usb_get_port_status
4a00dedc T usb_hub_port_connect_change
4a00dfe0 t usb_hub_configure
4a00e3b8 T usb_hub_scan
4a00e3c6 t usb_hub_post_probe
4a00e3ca t usb_stor_irq
4a00e3da t usb_stor_BBB_reset
4a00e486 t usb_stor_CB_reset
4a00e51c t usb_stor_BBB_clear_endpt_stall.isra.0
4a00e548 t usb_stor_BBB_transport
4a00e6f8 t usb_stor_CB_comdat
4a00e84c t usb_stor_CBI_get_status.isra.2
4a00e8d0 t usb_stor_CB_transport
4a00ea40 t usb_request_sense.constprop.11
4a00ea8c t usb_stor_read
4a00eb88 t usb_stor_write
4a00ec84 T usb_stor_info
4a00ecd0 T usb_stor_reset
4a00ecdc T usb_stor_scan
4a00ed0c T usb_storage_probe
4a00ee90 T usb_stor_get_info
4a00f0b0 t usb_mass_storage_probe
4a00f1e4 T iomux_doenv
4a00f30c t snip
4a00f348 T edid_check_info
4a00f378 T edid_print_info
4a00f800 W menu_display_statusline
4a00f802 T menu_default_set
4a00f854 T menu_get_choice
4a00f978 T menu_item_add
4a00f9fe T menu_create
4a00fa52 T menu_destroy
4a00fa98 t usb_kbd_remove
4a00fb0c t usb_kbd_translate.part.0
4a00fbe4 t usb_kbd_probe
4a00fd2c t usb_kbd_irq_worker
4a00fe58 t usb_kbd_getc
4a00fee0 t usb_kbd_testc
4a00ff78 t usb_kbd_irq
4a00ff90 t delete_char.part.0
4a010014 t cread_add_char
4a010094 T cli_readline_into_buffer
4a010700 T cli_readline
4a010710 T cli_simple_process_macros
4a01082c t console_tstc
4a010888 t console_putc
4a0108c0 t console_puts
4a0108f8 t pre_console_putc
4a010910 t on_console
4a010984 T serial_printf
4a0109b8 t console_getc.isra.0
4a0109d0 T putc
4a010a00 T tstc
4a010a1c T getc
4a010a50 T puts
4a010a98 t print_pre_console_buffer
4a010b50 T fputs
4a010b5c T ctrlc
4a010b94 T disable_ctrlc
4a010ba4 T had_ctrlc
4a010bb0 T clear_ctrlc
4a010bbc T search_device
4a010bd4 T console_assign
4a010c58 T console_init_f
4a010c6c T stdio_print_current_devices
4a010ce4 T console_init_r
4a010e08 T sbrk
4a010e4c T mem_malloc_init
4a010e68 t malloc_trim
4a010ee8 t free
4a011054 t malloc
4a011470 t calloc
4a011508 t realloc
4a0117ec t memalign
4a0118f8 T initf_malloc
4a01190c T malloc_simple
4a011934 t on_loadaddr
4a011954 T image_check_hcrc
4a01197e T image_check_dcrc
4a0119a0 T image_multi_count
4a0119b2 T image_multi_getimg
4a011a00 T env_get_bootm_low
4a011a20 T env_get_bootm_size
4a011a64 T env_get_bootm_mapsize
4a011a84 T memmove_wd
4a011a90 T genimg_print_size
4a011ab4 T get_table_entry
4a011ac6 T get_table_entry_name
4a011adc T genimg_get_os_name
4a011af0 T genimg_get_arch_name
4a011b04 T genimg_get_type_name
4a011b18 T genimg_get_comp_name
4a011b2c T image_print_contents
4a011c38 T genimg_get_kernel_addr_fit
4a011c4c T genimg_get_kernel_addr
4a011c64 T genimg_get_format
4a011c84 T genimg_has_config
4a011c88 T boot_get_ramdisk
4a011e2c T boot_ramdisk_high
4a011ef8 T boot_get_setup
4a011efe T image_setup_linux
4a011f3c t fdt_error
4a011f60 T boot_fdt_add_mem_rsv_regions
4a011fb4 T boot_relocate_fdt
4a0120c0 T boot_get_fdt
4a012270 W ft_verify_fdt
4a012274 T image_setup_libfdt
4a01233c T get_ram_size
4a0123cc W get_effective_memsize
4a0123d2 t nulldev_putc
4a0123d4 t nulldev_puts
4a0123d6 t nulldev_input
4a0123da t stdio_serial_tstc
4a0123de t stdio_serial_getc
4a0123e2 t stdio_serial_puts
4a0123e8 t stdio_serial_putc
4a0123f0 T stdio_get_list
4a0123f8 T stdio_get_by_name
4a012428 T stdio_clone
4a01244c T stdio_register_dev
4a01247c T stdio_register
4a012484 T stdio_deregister_dev
4a012524 T stdio_init_tables
4a012538 T stdio_add_devices
4a0125f4 T run_command
4a012602 T run_command_list
4a012648 T do_run
4a012698 T cli_process_fdt
4a0126c8 T cli_secure_boot_cmd
4a012714 T cli_loop
4a01271c T cli_init
4a012720 T find_cmd_tbl
4a012784 T find_cmd
4a0127a0 T cmd_usage
4a0127dc T _do_help
4a0128d8 T var_complete
4a012920 T cmd_auto_complete
4a012c28 T cmd_get_data_size
4a012c60 T cmd_process
4a012cf4 T cmd_process_error
4a012d10 t hex1_bin
4a012d3a t hex2_bin
4a012d5e T srec_decode
4a012ee2 t CYGACC_COMM_IF_GETC_TIMEOUT.isra.0
4a012f10 t xyzModem_flush
4a012f24 t xyzModem_get_hdr
4a013098 T xyzModem_stream_open
4a013210 T xyzModem_stream_read
4a0133d0 T xyzModem_stream_close
4a013410 T xyzModem_stream_terminate
4a013478 T xyzModem_error
4a013490 T blk_get_dev
4a0134ac T dev_print
4a013604 T part_init
4a013630 T part_print
4a0136f4 T part_get_info
4a013738 T part_get_info_whole_disk
4a013770 T blk_get_device_by_str
4a01383c T blk_get_device_part_str
4a013a84 T part_set_generic_name
4a013ab8 t test_block_type
4a013b08 t print_partition_extended
4a013cc8 T part_print_dos
4a013ce8 t part_test_dos
4a013d34 t part_get_info_extended
4a013f2c T part_get_info_dos
4a013f42 T iso_dread
4a013f64 T part_get_info_iso_verb
4a0141ac t part_test_iso
4a0141c0 t part_print_iso
4a01421c t part_get_info_iso
4a014224 t print_efiname
4a01425c t part_test_efi
4a0142d4 t set_protective_mbr
4a01436c t validate_gpt_entries
4a0143f0 t validate_gpt_header
4a014590 t is_gpt_valid
4a014738 t is_pte_valid
4a014770 T part_print_efi
4a014958 T part_get_info_efi
4a014acc T get_disk_guid
4a014b70 T write_gpt_table
4a014e44 T gpt_fill_pte
4a0150cc T gpt_fill_header
4a015274 T gpt_restore
4a01533c T gpt_verify_headers
4a015390 T gpt_verify_partitions
4a015510 t device_bind_common.isra.0
4a015700 t alloc_priv
4a01573a T device_bind_with_driver_data
4a015750 T device_bind
4a015766 T device_bind_by_name
4a0157ac T device_probe
4a0158e0 T dev_get_platdata
4a015900 T dev_get_parent_platdata
4a015920 T dev_get_uclass_platdata
4a015940 T dev_get_priv
4a015960 T dev_get_uclass_priv
4a015980 T dev_get_parent_priv
4a0159a0 T device_get_child
4a0159d2 T device_find_first_child
4a0159e6 T device_find_next_child
4a0159fc T dev_get_parent
4a015a00 T dev_get_driver_data
4a015a04 T device_get_uclass_id
4a015a0c T device_has_active_children
4a015a2e T device_is_last_sibling
4a015a44 T devfdt_get_addr_index
4a015ab4 T devfdt_get_addr
4a015aba T devfdt_get_addr_ptr
4a015ac0 T lists_driver_lookup_name
4a015aec T lists_uclass_lookup
4a015b10 T lists_bind_drivers
4a015b64 T device_bind_driver_to_node
4a015b90 T device_bind_driver
4a015ba4 T lists_bind_fdt
4a015c84 t dm_scan_fdt_node
4a015cf0 T dm_root
4a015d0c T dm_get_translation_offset
4a015d1c T dm_init
4a015d68 T dm_remove_devices_flags
4a015d7c T dm_scan_platdata
4a015d9c T dm_scan_fdt_dev
4a015dba T dm_scan_fdt
4a015dd0 T dm_extended_scan_fdt
4a015e04 W dm_scan_other
4a015e08 T dm_init_and_scan
4a015e34 T uclass_find
4a015e5e T uclass_get
4a015f08 T uclass_find_device
4a015f48 T uclass_find_first_device
4a015f6a T uclass_find_next_device
4a015f82 T uclass_find_device_by_seq
4a015fcc T uclass_find_device_by_of_offset
4a01600c T uclass_get_device_tail
4a016022 T uclass_get_device
4a01603e T uclass_get_device_by_seq
4a016070 T uclass_get_device_by_of_offset
4a01608c T uclass_first_device
4a0160aa T uclass_next_device
4a0160ce T uclass_bind_device
4a016108 T uclass_unbind_device
4a01612c T uclass_resolve_seq
4a016190 T uclass_pre_probe_device
4a0161be T uclass_post_probe_device
4a0161cc T uclass_pre_remove_device
4a0161da T dm_warn
4a0161f4 T dm_fdt_pre_reloc
4a016238 T device_unbind
4a0162f0 T device_free
4a016334 T device_remove
4a016420 t simple_bus_post_bind
4a016454 t show_devices
4a0164f4 T dm_dump_all
4a016524 T dm_dump_uclass
4a0165b0 T ofnode_read_u32
4a0165de T ofnode_read_u32_default
4a0165f4 T ofnode_read_u32_array
4a01660c T ofnode_get_name
4a01661a T ofnode_path
4a01662a T ofnode_get_property
4a01663e t get_desc
4a016678 T blk_driver_lookup_type
4a01669c T blk_get_if_type_name
4a0166a8 T blk_list_part
4a0166fa T blk_print_part_devnum
4a016730 T blk_list_devices
4a016770 T blk_print_device_num
4a0167ac T blk_show_device
4a016804 T blk_get_devnum_by_type
4a016824 T blk_dselect_hwpart
4a01684c T blk_get_devnum_by_typename
4a01688c T blk_read_devnum
4a0168ba T blk_write_devnum
4a0168e8 T blk_select_hwpart_devnum
4a016912 t mmc_set_ios
4a01691e t mmc_set_capacity
4a01698c W board_mmc_getwp
4a016992 T mmc_getwp
4a0169b2 W board_mmc_getcd
4a0169b8 T mmc_send_cmd
4a0169c0 t mmc_send_ext_csd
4a0169ee t mmc_go_idle
4a016a20 t mmc_send_op_cond_iter
4a016a64 T mmc_send_status
4a016ae8 T mmc_set_blocklen
4a016b10 T mmc_bread
4a016be8 T mmc_switch
4a016c26 T mmc_switch_part
4a016c68 T mmc_hwpart_config
4a016f3c T mmc_getcd
4a016f5c T mmc_set_clock
4a016f78 t mmc_startup
4a0178b8 W board_mmc_power_init
4a0178bc T mmc_start_init
4a017a40 T mmc_init
4a017b08 T mmc_set_dsr
4a017b0e W cpu_mmc_init
4a017b14 T mmc_initialize
4a017b48 T find_mmc_device
4a017b78 t mmc_select_hwpartp
4a017bae t mmc_get_dev
4a017bcc T mmc_get_next_devnum
4a017bdc T mmc_get_blk_desc
4a017be0 T get_mmc_num
4a017bec T mmc_do_preinit
4a017c10 T mmc_list_init
4a017c28 T mmc_list_add
4a017c3c T print_mmc_devices
4a017cc0 T mmc_create
4a017d44 T mmc_berase
4a017e60 T mmc_bwrite
4a017f64 t sunxi_mmc_core_init
4a017f80 t sunxi_mmc_getcd_gpio
4a017fa4 t sunxi_mmc_getcd_legacy
4a017fc4 t mmc_update_clk.isra.1
4a018010 t mmc_rint_wait.isra.3
4a01804c t sunxi_mmc_send_cmd_legacy
4a018274 t mmc_set_mod_clk
4a018328 t sunxi_mmc_set_ios_legacy
4a0183b8 T sunxi_mmc_init
4a0184f0 t keyboard_start
4a018500 t keyboard_stop
4a018510 t keyboard_pre_probe
4a018558 t keyboard_tstc
4a018586 t keyboard_getc
4a0185b4 T input_tstc
4a0185dc T input_getc
4a018610 T input_init
4a018624 t get_function
4a018682 t gpio_to_device
4a0186cc t check_reserved
4a018718 t gpio_renumber
4a01875c t gpio_pre_remove
4a01878e t gpio_post_probe
4a0187b4 T dm_gpio_lookup_name
4a018854 T gpio_lookup_name
4a018890 T dm_gpio_request
4a0188f4 T gpio_request
4a01890c T _dm_gpio_free
4a01894e T gpio_free
4a018968 T gpio_direction_input
4a018994 T gpio_direction_output
4a0189c0 T dm_gpio_get_value
4a0189ec T gpio_get_value
4a018a02 T gpio_get_bank_info
4a018a12 T gpio_get_function
4a018a1a T gpio_get_raw_function
4a018a24 T gpio_get_status
4a018adc t sunxi_gpio_set_value
4a018b06 t sunxi_gpio_get_value
4a018b24 t sunxi_gpio_get_function
4a018b42 t sunxi_gpio_direction_output
4a018b78 t sunxi_gpio_direction_input
4a018b8e t gpio_sunxi_probe
4a018bac t gpio_sunxi_bind
4a018c32 t sunxi_gpio_xlate
4a018c56 T sunxi_name_to_gpio_bank
4a018c7a T sunxi_name_to_gpio
4a018c90 t i2c_setup_offset
4a018cca T dm_i2c_read
4a018dac T dm_i2c_write
4a018ee0 T i2c_get_chip
4a018f7c T i2c_get_chip_for_busnum
4a018fa0 T dm_i2c_probe
4a019002 T dm_i2c_set_bus_speed
4a019028 t i2c_post_probe
4a019054 T dm_i2c_get_bus_speed
4a019070 T i2c_set_chip_flags
4a019098 T i2c_get_chip_flags
4a0190a8 T i2c_set_chip_offset_len
4a0190be T i2c_get_chip_offset_len
4a0190c8 T i2c_deblock
4a0190d8 T i2c_chip_ofdata_to_platdata
4a019110 t i2c_child_post_bind
4a019130 t twsi_wait
4a0191a0 t i2c_begin
4a0191e0 t twsi_stop
4a019234 t mvtwsi_i2c_probe_chip
4a019280 t __twsi_i2c_set_bus_speed
4a0192f4 t mvtwsi_i2c_set_bus_speed
4a01931c t mvtwsi_i2c_probe
4a019378 t mvtwsi_i2c_ofdata_to_platdata
4a0193d8 t mvtwsi_i2c_xfer
4a019572 t _serial_putc
4a019594 t __serial_getc
4a0195ae t __serial_tstc
4a0195be t serial_stub_putc
4a0195c4 t serial_stub_getc
4a0195ca t serial_stub_tstc
4a0195d0 t serial_pre_remove
4a0195e8 t serial_post_probe
4a01965c t serial_stub_puts
4a019674 T serial_init
4a019748 T serial_initialize
4a01974c T serial_putc
4a01975e T serial_puts
4a01977c T serial_getc
4a01978c T serial_tstc
4a01979c T serial_setbrg
4a0197bc t on_baudrate
4a019858 T serial_stdio_init
4a01985c T ns16550_serial_ofdata_to_platdata
4a0198c8 t ns16550_writeb.isra.0
4a0198dc t NS16550_setbrg
4a019910 t ns16550_serial_setbrg
4a019934 t ns16550_readb.isra.1
4a019948 t ns16550_serial_pending
4a019970 t ns16550_serial_putc
4a01999a t ns16550_serial_getc
4a0199c0 T NS16550_init
4a019a02 T ns16550_serial_probe
4a019a22 t usb_match_device
4a019aa0 t usb_child_post_bind
4a019af0 t usb_match_one_id_intf.isra.0
4a019b40 t remove_inactive_children.isra.2
4a019b88 T usb_disable_asynch
4a019b9c T submit_int_msg
4a019bc4 T submit_control_msg
4a019c12 T submit_bulk_msg
4a019c36 T create_int_queue
4a019c60 T poll_int_queue
4a019c7e T destroy_int_queue
4a019c9e T usb_alloc_device
4a019cb2 T usb_reset_root_port
4a019cc8 T usb_update_hub_device
4a019cde T usb_get_max_xfer_size
4a019cf4 T usb_stop
4a019d5c T usb_get_bus
4a019d74 T usb_scan_device
4a019f34 t usb_scan_bus.isra.3
4a019f80 T usb_init
4a01a09c T usb_child_pre_probe
4a01a0e2 T env_get_yesno
4a01a10c T env_get_default
4a01a138 T set_default_env
4a01a1b4 T set_default_vars
4a01a1dc T env_import
4a01a260 T env_export
4a01a2b8 T env_relocate
4a01a2e0 T env_complete
4a01a370 T env_driver_lookup_default
4a01a390 T env_get_char
4a01a3c4 T env_load
4a01a3dc T env_save
4a01a3fc T env_init
4a01a42c t regex_callback
4a01a508 T env_attr_walk
4a01a5c8 T env_attr_lookup
4a01a618 t clear_callback
4a01a620 t find_env_callback
4a01a65c t on_callbacks
4a01a694 t set_callback
4a01a6e4 T env_callback_init
4a01a75c t skip_num
4a01a7a0 t clear_flags
4a01a7a8 t on_flags
4a01a7e0 T env_flags_parse_vartype
4a01a810 T env_flags_parse_varaccess
4a01a848 t set_flags
4a01a8b0 T eth_validate_ethaddr_str
4a01a900 T env_flags_init
4a01a990 T env_flags_validate
4a01ab50 W mmc_get_env_addr
4a01abfc W mmc_get_env_dev
4a01ac00 t env_mmc_save
4a01acdc t env_mmc_load
4a01ad94 t fs_probe_unsupported
4a01ada8 t fs_exists_unsupported
4a01adac t fs_size_unsupported
4a01adb2 t fs_write_unsupported
4a01adb8 t fs_close_unsupported
4a01adba t fs_uuid_unsupported
4a01adc0 t fs_opendir_unsupported
4a01adc8 t fs_get_info
4a01adf0 t fs_close
4a01ae08 t fs_read_unsupported
4a01ae0e t fs_ls_unsupported
4a01ae14 T fs_set_blk_dev
4a01ae80 T fs_set_blk_dev_with_part
4a01aed8 T fs_ls
4a01aefc T fs_exists
4a01af1c T fs_size
4a01af40 T fs_read
4a01afa0 T fs_write
4a01b000 T fs_opendir
4a01b050 T fs_readdir
4a01b08c T fs_closedir
4a01b0b4 t fs_ls_generic
4a01b124 T do_size
4a01b164 T do_load
4a01b2e4 T do_ls
4a01b328 T file_exists
4a01b344 T do_save
4a01b444 T do_fs_type
4a01b490 T get_fs
4a01b498 T ext4fs_free_node
4a01b4b4 T ext4fs_read_file
4a01b724 T ext4fs_ls
4a01b77c T ext4fs_exists
4a01b790 T ext4fs_size
4a01b794 T ext4fs_read
4a01b7cc T ext4fs_probe
4a01b7ec T ext4_read_file
4a01b83c T ext4fs_uuid
4a01b85c T ext4fs_bg_get_inode_table_id
4a01b876 T ext4fs_read_inode
4a01b958 T read_allocated_block
4a01bf68 T ext4fs_reinit_global
4a01bfe0 T ext4fs_close
4a01c018 T ext4fs_iterate_dir
4a01c204 t ext4fs_find_file1
4a01c3b8 T ext4fs_find_file
4a01c3f8 T ext4fs_open
4a01c45c T ext4fs_mount
4a01c4f4 T ext4fs_set_blk_dev
4a01c538 T ext4fs_devread
4a01c560 T ext4_read_superblock
4a01c588 t downcase
4a01c5ac t disk_read
4a01c5dc t mkcksum
4a01c614 t disk_write
4a01c660 t flush_dirty_fat_buffer
4a01c6c0 t set_fatent_value
4a01c804 t get_fatent
4a01c8fc t next_dent
4a01c9ac t find_empty_cluster
4a01c9c4 t get_name
4a01ca50 t get_cluster
4a01cb40 t set_cluster
4a01cc34 t read_bootsectandvi
4a01ccec t fat_itr_root
4a01cdd4 t set_name
4a01cea8 t check_overflow
4a01cf08 t slot2str
4a01cf64 t fat_itr_next
4a01d028 t fat_itr_resolve
4a01d10c t flush_dir_table.constprop.8
4a01d198 t do_fat_write
4a01d9d4 T fat_set_blk_dev
4a01da5c T file_fat_detectfs
4a01db30 T fat_exists
4a01db74 T fat_size
4a01dbec T file_fat_read_at
4a01ded0 T fat_read_file
4a01df00 T fat_opendir
4a01df58 T fat_readdir
4a01dfb0 T fat_closedir
4a01dfc6 T fat_close
4a01dfc8 T file_fat_write
4a01e010 T fs_devread
4a01e180 T efi_load_pe
4a01e39c t indent_string
4a01e3bc t efi_uninstall_protocol_interface.isra.0.part.1
4a01e420 t efi_search.isra.2.part.3
4a01e448 t efi_install_protocol_interface
4a01e4f8 t efi_locate_handle.isra.4
4a01e578 T __efi_entry_check
4a01e5a0 T __efi_exit_check
4a01e5c0 t efi_set_mem
4a01e5dc t efi_copy_mem
4a01e5f6 t efi_calculate_crc32
4a01e614 t efi_uninstall_multiple_protocol_interfaces
4a01e630 t efi_install_multiple_protocol_interfaces
4a01e6a0 t efi_locate_protocol
4a01e714 t efi_locate_handle_buffer
4a01e780 t efi_protocols_per_handle
4a01e80c t efi_open_protocol_information
4a01e820 t efi_open_protocol
4a01e8c8 t efi_handle_protocol
4a01e8dc t efi_disconnect_controller
4a01e8f0 t efi_connect_controller
4a01e904 t efi_set_watchdog_timer
4a01e918 t efi_stall
4a01e930 t efi_get_next_monotonic_count
4a01e958 t efi_unload_image
4a01e990 t efi_locate_device_path
4a01e9bc t efi_locate_handle_ext
4a01e9dc t efi_register_protocol_notify
4a01e9f0 t efi_uninstall_protocol_interface_ext
4a01ea14 t efi_reinstall_protocol_interface
4a01ea28 t efi_install_protocol_interface_ext
4a01ea48 t efi_close_event
4a01ea94 t efi_free_pool_ext
4a01eaac t efi_allocate_pool_ext
4a01eac8 t efi_get_memory_map_ext
4a01eaee t efi_free_pages_ext
4a01eb0e t efi_allocate_pages_ext
4a01eb30 t efi_restore_tpl
4a01eb50 t efi_raise_tpl
4a01eb74 t efi_close_protocol
4a01eb88 T efi_save_gd
4a01eb94 T efi_restore_gd
4a01eba4 t efi_exit
4a01ebc8 T __efi_nesting_inc
4a01ebd8 T __efi_nesting_dec
4a01ebe8 t efi_start_image
4a01ec0c t jmp_target
4a01ec3c T efi_signal_event
4a01ec70 t efi_exit_boot_services
4a01ecc0 t efi_signal_event_ext
4a01ed00 T efi_create_event
4a01ed78 t efi_create_event_ext
4a01eda0 T efi_timer_check
4a01ee1c t efi_check_event
4a01ee7c t efi_wait_for_event
4a01ef20 T efi_set_timer
4a01efbc t efi_set_timer_ext
4a01efdc T efi_install_configuration_table
4a01f07c t efi_install_configuration_table_ext
4a01f094 T efi_setup_loaded_image
4a01f0f4 T efi_load_image_from_path
4a01f1c0 t efi_load_image
4a01f254 t efi_get_time_boottime
4a01f25c t efi_reset_system_boottime
4a01f276 W efi_reset_system_init
4a01f278 W efi_get_time_init
4a01f27c T efi_runtime_relocate
4a01f348 t efi_set_virtual_address_map
4a01f448 t efi_key_notify
4a01f44c t efi_cin_lock_std_in
4a01f460 t efi_cin_set_mode
4a01f474 t efi_cin_get_mode
4a01f49a t efi_cout_test_string
4a01f4a8 t efi_cout_reset
4a01f4bc t efi_cin_reset
4a01f4d0 t efi_cout_enable_cursor
4a01f4f4 t efi_cout_set_cursor_position
4a01f520 t efi_cout_clear_screen
4a01f538 t efi_cout_set_attribute
4a01f57c t efi_cout_output_string
4a01f630 t efi_console_timer_notify
4a01f658 t efi_cout_set_mode
4a01f688 t efi_cin_read_key_stroke
4a01f748 t efi_cout_query_mode
4a01f8b0 T efi_console_register
4a01f94c t efi_mem_cmp
4a01f96c t efi_find_free_memory
4a01f9e4 T efi_add_memory_map
4a01fc2c T efi_allocate_pages
4a01fcac T efi_alloc
4a01fce0 T efi_free_pages
4a01fd08 T efi_allocate_pool
4a01fd3c T efi_free_pool
4a01fd54 T efi_get_memory_map
4a01fdc4 W efi_add_known_memory
4a01fe0c T efi_memory_init
4a01fe70 t efi_convert_device_node_to_text.isra.1
4a020134 t efi_convert_device_path_to_text
4a02014c t efi_convert_device_node_to_text_ext
4a020164 t dp_size
4a02019c t dp_alloc
4a0201b8 t dp_fill
4a020258 t dp_part_fill.part.1
4a02036c T efi_dp_next
4a02038e T efi_dp_match
4a0203ce T efi_dp_size
4a0203e8 t find_obj
4a020484 T efi_dp_find_obj
4a0204a4 T efi_dp_dup
4a0204c8 T efi_dp_from_part
4a02052c T efi_dp_from_file
4a0205d8 T efi_dp_from_eth
4a020630 T efi_dp_from_mem
4a0206f8 T efi_dp_split_file_path
4a02073a t efi_file_flush
4a020748 t efi_file_setinfo
4a02075c t efi_file_getpos
4a020776 t efi_file_delete
4a020792 t set_blk_dev.isra.0
4a02079c t efi_file_getinfo
4a020868 t efi_file_setpos
4a0208d0 t efi_file_write
4a020934 t efi_file_read
4a020a54 t file_open
4a020bf8 t efi_open_volume
4a020c20 t efi_file_open
4a020c58 t efi_file_close
4a020c74 T efi_file_from_path
4a020d2c T efi_simple_file_system
4a020d5c t efi_to_native
4a020d98 t prefix
4a020dba t hex
4a020de4 t parse_attr.part.1
4a020e4c T efi_get_variable
4a020fb8 T efi_get_next_variable
4a020fcc T efi_set_variable
4a02116c t get_var.constprop.0
4a0211e4 T efi_bootmgr_load
4a0212f8 t efi_disk_flush_blocks
4a021308 t efi_disk_reset
4a02131c t efi_disk_add_dev.isra.0.part.1
4a021400 t efi_disk_read_blocks
4a02144c t efi_disk_write_blocks
4a021498 T efi_fs_from_path
4a0214a8 T efi_disk_register
4a0215cc t efi_net_push
4a0215e4 t efi_network_timer_notify
4a021610 t efi_net_nvdata
4a021624 t efi_net_mcastiptomac
4a021638 t efi_net_statistics
4a02164c t efi_net_station_address
4a021660 t efi_net_receive_filters
4a021674 t efi_net_shutdown
4a021682 t efi_net_reset
4a021690 t efi_net_get_status
4a0216cc t efi_net_initialize
4a0216e0 t efi_net_transmit
4a021718 t efi_net_receive
4a0217e8 t efi_net_stop
4a0217f6 t efi_net_start
4a021804 T efi_net_set_dhcp_ack
4a021838 T efi_net_register
4a0219dc T efi_smbios_register
4a021a10 T utf16_strlen
4a021a20 T utf16_strnlen
4a021a36 T utf16_to_utf8
4a021b0c T crc16_ccitt
4a021b34 t smbios_write_type127
4a021b60 t smbios_write_type32
4a021b8c t smbios_string_table_len
4a021ba8 t smbios_add_string
4a021be4 t smbios_write_type3
4a021c34 t smbios_write_type2
4a021c90 t smbios_write_type0
4a021d20 t smbios_write_type1
4a021d98 t smbios_write_type4
4a021e18 T write_smbios_table
4a021ed4 T initcall_run_list
4a021f14 t lmb_add_region
4a02200a T lmb_init
4a022020 T lmb_add
4a022024 T lmb_free
4a0220b0 T lmb_reserve
4a0220b6 T __lmb_alloc_base
4a022174 T lmb_alloc_base
4a022194 T lmb_alloc
4a02219a W board_lmb_reserve
4a02219c T string_to_ip
4a0221e4 T qsort
4a02226c T strcmp_compar
4a022274 t merge
4a0222ac T list_sort
4a022394 T zcalloc
4a02239c T zcfree
4a0223a4 T inflate_fast
4a02276c T inflate_table
4a022ab8 T inflateReset
4a022af8 T inflateInit2_
4a022b94 T inflateEnd
4a022bc2 T adler32
4a022dec T inflate
4a023b0c T gzalloc
4a023b1a T gzfree
4a023b20 T gzip_parse_header
4a023b88 T zunzip
4a023c30 T gunzip
4a023c5c T fdt_check_header
4a023ca8 T fdt_offset_ptr
4a023cda T fdt_next_tag
4a023d60 T _fdt_check_node_offset
4a023d84 T _fdt_check_prop_offset
4a023da8 T fdt_next_node
4a023e16 T fdt_first_subnode
4a023e3e T fdt_next_subnode
4a023e6c T _fdt_find_string
4a023e9c T fdt_move
4a023ec8 T fdt_strerror
4a023f04 T fdt_address_cells
4a023f38 T fdt_size_cells
4a023f6c t fdt_path_next_separator
4a023f96 t _nextprop
4a023fcc T fdt_string
4a023fd6 T fdt_get_mem_rsv
4a02400e T fdt_num_mem_rsv
4a024030 T fdt_subnode_offset_namelen
4a0240ac T fdt_subnode_offset
4a0240ca T fdt_get_name
4a024108 T fdt_first_property_offset
4a024120 T fdt_next_property_offset
4a024138 T fdt_get_property_by_offset
4a024166 T fdt_get_property_namelen
4a0241d4 T fdt_get_property
4a0241f6 T fdt_getprop_namelen
4a024208 T fdt_getprop_by_offset
4a02422e T fdt_getprop
4a024250 T fdt_get_alias_namelen
4a02427c T fdt_path_offset_namelen
4a024310 T fdt_path_offset
4a02432a T fdt_get_alias
4a024344 T fdt_supernode_atdepth_offset
4a0243b6 T fdt_node_depth
4a0243d4 T fdt_parent_offset
4a0243f4 t _fdt_blocks_misordered
4a02442a t _fdt_splice
4a024474 t _fdt_splice_mem_rsv
4a0244a0 t _fdt_splice_struct
4a0244c6 t _fdt_packblocks
4a024522 t _fdt_find_add_string
4a024580 t _fdt_add_property
4a0245e0 t _fdt_rw_check_header
4a024618 T fdt_add_mem_rsv
4a02466a T fdt_del_mem_rsv
4a0246a8 T fdt_setprop_placeholder
4a024712 T fdt_setprop
4a02473c T fdt_appendprop
4a0247ba T fdt_delprop
4a0247f4 T fdt_add_subnode_namelen
4a02488e T fdt_add_subnode
4a0248ac T fdt_del_node
4a0248e0 T fdt_open_into
4a0249d0 T _fdt_node_end_offset
4a0249f8 T fdtdec_get_int
4a024a16 t get_prop_check_min_len
4a024a3c T fdtdec_get_is_enabled
4a024a64 T fdtdec_get_alias_seq
4a024b10 T fdtdec_get_chosen_prop
4a024b34 T fdtdec_get_chosen_node
4a024b50 T fdtdec_prepare_fdt
4a024b80 T fdtdec_get_int_array
4a024bb4 T fdtdec_get_config_int
4a024bdc T fdtdec_get_config_string
4a024c04 T fdtdec_setup
4a024c2c t cmpkey
4a024c38 t _hdelete.isra.0
4a024c68 t drop_var_from_set.part.1
4a024c98 t match_string
4a024d14 t match_entry
4a024d90 T hcreate_r
4a024df0 T hdestroy_r
4a024e38 T hmatch_r
4a024e94 T hsearch_r
4a02513c T hdelete_r
4a0251bc T hexport_r
4a02535c T himport_r
4a0255a0 T hwalk_r
4a0255d0 T display_options_get_banner_priv
4a025630 T display_options_get_banner
4a02563c T display_options
4a025660 T print_size
4a025740 T print_buffer
4a025854 T crc32_no_comp
4a0258e0 T crc32
4a0258ec T crc32_wd
4a0258f0 W __div64_32
4a025970 T hang
4a025988 T skip_spaces
4a0259a0 T strim
4a0259d4 t emit
4a0259f4 t store_char_in_data
4a025a18 t get_escape_char
4a025a60 t relocate
4a025a8c t match
4a025cf0 t loop_greedy
4a025d46 t loop_non_greedy
4a025d94 t quantifier
4a025df0 t fixup_branch
4a025e18 t compile
4a026048 T slre_compile
4a0260d8 T slre_match
4a026130 T strncasecmp
4a026184 T strcpy
4a026194 T strncpy
4a0261ac T strcat
4a0261ca T strncat
4a0261f4 T strcmp
4a02620a T strncmp
4a02622c T strchr
4a026244 T strlen
4a026254 T strlcpy
4a026282 T strrchr
4a0262a2 T strnlen
4a0262ba T strdup
4a0262dc T strpbrk
4a0262fc T strsep
4a02631a T memmove
4a026342 T memcmp
4a02635e T memscan
4a026374 T strstr
4a0263bc T memchr
4a0263d8 t tick_to_time
4a026420 W timer_get_us
4a02643c T udelay
4a02645c T uuid_str_valid
4a0264ac T uuid_str_to_bin
4a0265c0 T uuid_bin_to_str
4a026634 T gen_rand_uuid
4a02667e T gen_rand_uuid_str
4a02669a T rand_r
4a0266b0 T rand
4a0266bc t put_dec_trunc
4a026758 t put_dec
4a0268a0 t number
4a026a88 t string
4a026b00 t vsnprintf_internal
4a027054 T vscnprintf
4a02706a T snprintf
4a027084 T vsprintf
4a027090 T sprintf
4a0270aa T printf
4a0270dc T vprintf
4a027100 T simple_itoa
4a027138 t panic_finish
4a027158 T panic_str
4a027162 T panic
4a027178 t _parse_integer_fixup_radix
4a0271d4 T simple_strtoul
4a027224 T strict_strtoul
4a027266 T simple_strtol
4a027280 T ustrtoul
4a0272bc T simple_strtoull
4a02732c T ustrtoull
4a02737c T trailing_strtoln
4a0273c8 T trailing_strtol
4a0273ce T compute_ip_checksum
4a027414 T ip_checksum_ok
4a027428 T arp_init
4a027460 T arp_raw_request
4a0274f4 T arp_request
4a02754c T arp_timeout_check
4a0275a4 T arp_receive
4a027718 t dhcp_extended
4a027880 t dhcp_process_options
4a0279b4 t dhcp_packet_process_options
4a027a10 t dhcp_handler
4a027cbc T bootp_reset
4a027ce8 T bootp_request
4a027ec4 t bootp_timeout_handler
4a027f1c T dhcp_request
4a027f20 t eth_get_uclass_priv
4a027f34 t eth_pre_remove
4a027f50 t eth_post_probe
4a028060 t eth_write_hwaddr
4a0280d8 t on_ethaddr
4a028124 t eth_post_bind
4a028144 T eth_set_current_to_next
4a028168 T eth_get_dev
4a028188 T eth_set_dev
4a0281ac t eth_pre_unbind
4a0281c4 T eth_get_dev_by_name
4a02824c T eth_get_ethaddr
4a02825e T eth_halt_state_only
4a028274 T eth_get_dev_index
4a02828c T eth_init
4a028320 T eth_halt
4a028340 T eth_send
4a02836e T eth_rx
4a0283d8 T eth_initialize
4a02847c T eth_parse_enetaddr
4a0284ac T eth_env_get_enetaddr
4a0284e0 T eth_env_set_enetaddr
4a028510 T eth_env_get_enetaddr_by_index
4a028540 T eth_env_set_enetaddr_by_index
4a028570 T eth_common_init
4a028580 T eth_mac_skip
4a0285b0 T eth_get_name
4a0285c8 T eth_current_changed
4a028628 T eth_try_another
4a02867c T eth_set_current
4a0286d4 t net_clear_handlers
4a0286f8 t start_again_timeout_handler
4a028704 t dummy_handler
4a028708 t on_ipaddr
4a028720 t on_gatewayip
4a028738 t on_netmask
4a028750 t on_serverip
4a028768 t net_init_loop
4a028788 T net_auto_load
4a0287c8 T net_init
4a028818 T net_start_again
4a028904 T net_loop
4a028b6c T net_set_udp_handler
4a028b84 T net_get_arp_handler
4a028b90 T net_set_timeout_handler
4a028bcc T net_process_received_packet
4a028dcc T net_eth_hdr_size
4a028df8 T net_set_ether
4a028e74 T net_update_ether
4a028ee4 T net_set_ip_header
4a028f44 T net_set_udp_header
4a028fb8 T net_send_udp_packet
4a02906c T copy_filename
4a029098 t on_bootfile
4a0290b8 T ip_to_string
4a0290e0 T string_to_vlan
4a029108 t on_nvlan
4a029120 t on_vlan
4a029138 t rpc_lookup_reply
4a0291a4 t nfs_mount_reply
4a029208 t nfs_umountall_reply
4a029264 t nfs_lookup_reply
4a029320 t nfs3_get_attributes_offset
4a02932c t nfs_readlink_reply
4a0293e4 t basename
4a029404 t rpc_req
4a0294c4 t nfs_umountall_req
4a029518 t nfs_read_reply.isra.0
4a0295fc t nfs_mount_req
4a029684 t nfs_readlink_req
4a029708 t nfs_lookup_req
4a029810 t nfs_read_req
4a0298b4 t nfs_send
4a029988 t nfs_handler
4a029b00 t nfs_timeout_handler
4a029b4c T nfs_start
4a029c48 t ping_timeout_handler
4a029c5c T ping_start
4a029d38 T ping_receive
4a029de0 t tftp_send
4a029f08 t tftp_handler
4a02a174 t tftp_timeout_handler
4a02a1d8 T tftp_start
4a02a454 t do_dm_dump_devres
4a02a458 t do_dm
4a02a49c t do_dm_dump_uclass
4a02a4a6 t do_dm_dump_all
4a02a4b0 T __aeabi_llsl
4a02a4b0 T __ashldi3
4a02a4d0 T __aeabi_uidiv
4a02a4d0 T __udivsi3
4a02a56c T __aeabi_idiv
4a02a56c T __divsi3
4a02a638 T __aeabi_uidivmod
4a02a650 T __aeabi_idivmod
4a02a668 t Ldiv0
4a02a678 T __aeabi_llsr
4a02a678 T __lshrdi3
4a02a698 T __div0
4a02b000 D __secure_start
4a02b000 t _monitor_vectors
4a02b020 t _secure_monitor
4a02b098 T _do_nonsec_entry
4a02b0ac T _nonsec_init
4a02b140 T _psci_vectors
4a02b164 W default_psci_vector
4a02b168 W psci_affinity_info
4a02b168 W psci_cpu_default_suspend
4a02b168 W psci_cpu_freeze
4a02b168 W psci_cpu_suspend
4a02b168 W psci_features
4a02b168 W psci_migrate
4a02b168 W psci_migrate_info_type
4a02b168 W psci_migrate_info_up_cpu
4a02b168 W psci_node_hw_state
4a02b168 W psci_set_suspend_mode
4a02b168 W psci_stat_count
4a02b168 W psci_system_off
4a02b168 W psci_system_reset
4a02b168 W psci_system_suspend
4a02b168 W psci_version
4a02b168 W psi_stat_residency
4a02b170 t _psci_table
4a02b228 t _smc_psci
4a02b270 W psci_get_cpu_id
4a02b27c T psci_v7_flush_dcache_all
4a02b298 t flush_levels
4a02b2dc t loop1
4a02b2e0 t loop2
4a02b2fc t skip
4a02b308 t finished
4a02b320 W psci_disable_smp
4a02b338 W psci_enable_smp
4a02b34c T psci_cpu_off_common
4a02b380 t psci_get_cpu_stack_top
4a02b390 T psci_stack_setup
4a02b3b0 T psci_cpu_entry
4a02b3d0 T psci_save_target_pc
4a02b3e0 T psci_get_target_pc
4a02b3ec t __mdelay
4a02b418 T sunxi_cpu_power_off
4a02b48c T psci_fiq_enter
4a02b4dc T psci_cpu_on
4a02b57c T psci_cpu_off
4a02b59c T psci_arch_init
4a02b5e8 t __psci_fiq_enter_from_arm
4a02b5f8 d psci_target_pc
4a02c000 B __secure_stack_start
4a02d000 B __secure_stack_end
4a02d000 D __secure_end
4a02d008 r efi_boot_services
4a02d0d0 r efi_file_handle_protocol
4a02d180 r CSWTCH.28
4a02d1a0 r CSWTCH.29
4a02d1b4 r CSWTCH.48
4a02d1d4 r boot_os
4a02d234 r color
4a02d274 r crc_table
4a02d674 r desc_and_len_tbl
4a02d6a4 R efi_con_out
4a02d6cc R efi_console_control
4a02d6d8 R efi_device_path_to_text
4a02d6e0 r efi_runtime_detach_list
4a02d730 r env_flags_varaccess_mask
4a02d740 r ext_csd_bits.9754
4a02d754 r ext_to_hostcaps.9755
4a02d770 r fbase
4a02d780 r fdt_errtable
4a02d7c8 r generic_simple_bus_ids
4a02d7e0 r gpio_function
4a02d7f4 r gpio_sunxi_ops
4a02d81c r hub_id_table
4a02d84c r init_sequence_f
4a02d8f0 r kbd_id_table
4a02d920 r keywords
4a02d9b8 r mass_storage_id_table
4a02d9e8 r mvtwsi_i2c_ids
4a02da08 r mvtwsi_i2c_ops
4a02da20 r ns16550_serial_ids
4a02da80 R ns16550_serial_ops
4a02da94 R op_adv
4a02db94 r op_table
4a02dbfc r reg_0_5_desc_tbl
4a02dc2c r reg_0_desc_tbl
4a02dca4 r reg_1_desc_tbl
4a02dd64 r reg_2_desc_tbl
4a02dd70 r reg_3_desc_tbl
4a02dd94 r reg_4_desc_tbl
4a02de24 r reg_5_desc_tbl
4a02deb4 r root_info
4a02debc r sd_au_size
4a02defc r smbios_write_funcs
4a02df18 r soc_data_a_all
4a02df20 r soc_data_l_1
4a02df28 r soc_data_l_2
4a02df30 r soc_data_l_3
4a02df38 r sunxi_gpio_ids
4a02dfc8 r sunxi_mmc_ops
4a02dfdc r uimage_arch
4a02e114 r uimage_comp
4a02e168 r uimage_os
4a02e1e0 r uimage_type
4a02e36c r usb_hub_ids
4a02e37c r usb_kbd_ids
4a02e38c r usb_mass_storage_ids
4a02e39c r widths.9756
4a02e3b0 r CSWTCH.30
4a02e3b8 r crc16_tab
4a02e5b8 r dbase.7360
4a02e5f8 r dext.7361
4a02e638 r distfix
4a02e6b8 r lbase.7358
4a02e6f6 r lenfix
4a02eef6 r lext.7359
4a02ef34 r order.7454
4a02f015 r CSWTCH.66
4a02f02b r END
4a02f02f r ROOT
4a02f043 r __FUNCTION__.8723
4a02f05a r __FUNCTION__.8868
4a02f071 r __func__.10149
4a02f086 r __func__.11524
4a02f091 r __func__.7032
4a02f09c r __func__.7459
4a02f0a3 r __func__.7928
4a02f0b1 r __func__.8024
4a02f0bd r __func__.8330
4a02f0cb r __func__.8340
4a02f0da r __func__.8352
4a02f0ec r __func__.8363
4a02f0ff r __func__.8426
4a02f10b r __func__.8444
4a02f11e r __func__.8494
4a02f12b r __func__.8506
4a02f142 r __func__.8511
4a02f14f r __func__.8600
4a02f167 r __func__.9015
4a02f175 r __func__.9647
4a02f182 r __func__.9653
4a02f193 r __func__.9657
4a02f1ab r __func__.9661
4a02f1c3 r __func__.9665
4a02f1d0 r __func__.9669
4a02f1e4 r __func__.9673
4a02f1f8 r __func__.9788
4a02f201 r __func__.9995
4a02f210 R _ctype
4a02f310 R default_environment
4a0302fa r digits.7079
4a03030a r efi_block_io_guid
4a03031a R efi_file_info_guid
4a03032a R efi_global_variable_guid
4a03033a R efi_guid_console_control
4a03034a R efi_guid_device_path
4a03035a R efi_guid_device_path_to_text_protocol
4a03036a R efi_guid_loaded_image
4a03037a r efi_net_guid
4a03038a r efi_pxe_guid
4a03039a R efi_simple_file_system_protocol_guid
4a0303aa r env_flags_varaccess_rep
4a0303af r env_flags_vartype_rep
4a0303b6 r erase_seq
4a0303ba r hex_asc
4a0303cb r hexchars.7909
4a0303dc r multipliers
4a0303ec r names.7302
4a0303f2 R net_bcast_ethaddr
4a0303f8 r smbios_guid
4a03cbc0 r tab_seq
4a03cbc9 r us_direction
4a03cbe9 r usb_kbd_arrow
4a03cbed r usb_kbd_num_keypad
4a03cc01 r usb_kbd_numkey
4a03cc1c r usb_kbd_numkey_shifted
4a03cc37 V version_string
4a03cca8 d sunxi_usb_phy
4a03cd28 d bootm_help_text
4a03d0b4 d cmd_bootm_sub
4a03d1b0 d source_help_text
4a03d1fe d bootefi_help_text
4a03d37e d bootz_help_text
4a03d586 d root.7946
4a03d588 d tabs.8031
4a03d5a9 d fdt_help_text
4a03dbf2 d i2c_help_text
4a03e010 d cmd_i2c_sub
4a03e1d0 d i2c_dp_last_length
4a03e1d4 d do_echo
4a03e1d8 d dp_last_length
4a03e1dc d curr_device
4a03e1e0 d cmd_mmc
4a03e2f8 d cmd_pxe_sub
4a03e330 D pxe_default_paths
4a03e340 d usb_stor_curr_dev
4a03e344 d imgextract_help_text
4a03e399 d env_help_text
4a03e5e8 d env_id
4a03e5ec d cmd_env_sub
4a03e704 d reserved_list
4a03e788 d init_sequence_r
4a03e808 D npi_boardtype
4a03e80c D nanopi_board
4a03e94c d of_busses
4a03e964 d usb_scan_list
4a03e96c d hist_cur
4a03e970 d av_
4a03ed78 d sbrk_base
4a03ed7c d trim_threshold
4a03ed80 D load_addr
4a03ed84 D stdio_names
4a03ed90 d system_guid
4a03eda0 d cur_dev_num
4a03eda4 D env_htab
4a03edb4 d first_call
4a03edb8 d first_call
4a03edbc d fstypes
4a03ee64 D ext4fs_indir3_blkno
4a03ee68 D ext4fs_indir1_blkno
4a03ee6c D ext4fs_indir2_blkno
4a03ee70 d efi_tpl
4a03ee74 d efi_is_direct_boot
4a03ee78 D efi_obj_list
4a03ee80 d lastoff.10005
4a03ee84 D efi_runtime_mmio
4a03ee8c d efi_console_input_obj
4a03ef18 d __compound_literal.2
4a03ef28 d __compound_literal.4
4a03ef38 D efi_con_in
4a03ef44 d efi_console_output_obj
4a03efd0 d efi_cout_modes
4a03eff4 d efi_console_control_obj
4a03f080 d efi_con_mode
4a03f098 D efi_mem
4a03f0a0 d y
4a03f0a4 d first_call.7653
4a03f0a8 D net_native_vlan
4a03f0aa D net_our_vlan
4a03f0ac d nfs_offset
4a03f0b0 d supported_nfs_versions
4a03f0b2 d tftp_block_size_option
4a03f0b4 D tftp_timeout_count_max
4a03f0b8 d timeout_ms
4a03f0bc d tftp_block_size
4a03f0c0 d timeout_count_max
4a03f0c4 d test_commands
4a03f124 D _u_boot_list_2_blk_driver_2_mmc
4a03f124 d start.7158
4a03f124 d start.7162
4a03f124 d start.7177
4a03f124 d start.7181
4a03f13c D _u_boot_list_2_blk_driver_2_usb
4a03f154 D _u_boot_list_2_cmd_2_base
4a03f154 d end.7165
4a03f154 d end.7184
4a03f154 d start.6963
4a03f154 d start.6967
4a03f154 d start.7110
4a03f154 d start.7114
4a03f154 d start.7141
4a03f154 d start.7145
4a03f170 D _u_boot_list_2_cmd_2_bdinfo
4a03f18c D _u_boot_list_2_cmd_2_boot
4a03f1a8 D _u_boot_list_2_cmd_2_bootd
4a03f1c4 D _u_boot_list_2_cmd_2_bootefi
4a03f1e0 D _u_boot_list_2_cmd_2_bootelf
4a03f1fc D _u_boot_list_2_cmd_2_bootm
4a03f218 D _u_boot_list_2_cmd_2_bootp
4a03f234 D _u_boot_list_2_cmd_2_bootvx
4a03f250 D _u_boot_list_2_cmd_2_bootz
4a03f26c D _u_boot_list_2_cmd_2_cmp
4a03f288 D _u_boot_list_2_cmd_2_coninfo
4a03f2a4 D _u_boot_list_2_cmd_2_cp
4a03f2c0 D _u_boot_list_2_cmd_2_crc32
4a03f2dc D _u_boot_list_2_cmd_2_dhcp
4a03f2f8 D _u_boot_list_2_cmd_2_dm
4a03f314 D _u_boot_list_2_cmd_2_echo
4a03f330 D _u_boot_list_2_cmd_2_editenv
4a03f34c D _u_boot_list_2_cmd_2_env
4a03f368 D _u_boot_list_2_cmd_2_exit
4a03f384 D _u_boot_list_2_cmd_2_ext2load
4a03f3a0 D _u_boot_list_2_cmd_2_ext2ls
4a03f3bc D _u_boot_list_2_cmd_2_ext4load
4a03f3d8 D _u_boot_list_2_cmd_2_ext4ls
4a03f3f4 D _u_boot_list_2_cmd_2_ext4size
4a03f410 D _u_boot_list_2_cmd_2_false
4a03f42c D _u_boot_list_2_cmd_2_fatinfo
4a03f448 D _u_boot_list_2_cmd_2_fatload
4a03f464 D _u_boot_list_2_cmd_2_fatls
4a03f480 D _u_boot_list_2_cmd_2_fatsize
4a03f49c D _u_boot_list_2_cmd_2_fatwrite
4a03f4b8 D _u_boot_list_2_cmd_2_fdt
4a03f4d4 D _u_boot_list_2_cmd_2_fstype
4a03f4f0 D _u_boot_list_2_cmd_2_go
4a03f50c D _u_boot_list_2_cmd_2_gpio
4a03f528 D _u_boot_list_2_cmd_2_gpt
4a03f544 D _u_boot_list_2_cmd_2_help
4a03f560 D _u_boot_list_2_cmd_2_i2c
4a03f57c D _u_boot_list_2_cmd_2_iminfo
4a03f598 D _u_boot_list_2_cmd_2_imxtract
4a03f5b4 D _u_boot_list_2_cmd_2_itest
4a03f5d0 D _u_boot_list_2_cmd_2_load
4a03f5ec D _u_boot_list_2_cmd_2_loadb
4a03f608 D _u_boot_list_2_cmd_2_loads
4a03f624 D _u_boot_list_2_cmd_2_loadx
4a03f640 D _u_boot_list_2_cmd_2_loady
4a03f65c D _u_boot_list_2_cmd_2_loop
4a03f678 D _u_boot_list_2_cmd_2_ls
4a03f694 D _u_boot_list_2_cmd_2_md
4a03f6b0 D _u_boot_list_2_cmd_2_meminfo
4a03f6cc D _u_boot_list_2_cmd_2_mii
4a03f6e8 D _u_boot_list_2_cmd_2_mm
4a03f704 D _u_boot_list_2_cmd_2_mmc
4a03f720 D _u_boot_list_2_cmd_2_mmcinfo
4a03f73c D _u_boot_list_2_cmd_2_mtest
4a03f758 D _u_boot_list_2_cmd_2_mw
4a03f774 D _u_boot_list_2_cmd_2_nfs
4a03f790 D _u_boot_list_2_cmd_2_nm
4a03f7ac D _u_boot_list_2_cmd_2_part
4a03f7c8 D _u_boot_list_2_cmd_2_ping
4a03f7e4 D _u_boot_list_2_cmd_2_printenv
4a03f800 D _u_boot_list_2_cmd_2_pxe
4a03f81c D _u_boot_list_2_cmd_2_question_mark
4a03f838 D _u_boot_list_2_cmd_2_reset
4a03f854 D _u_boot_list_2_cmd_2_run
4a03f870 D _u_boot_list_2_cmd_2_save
4a03f88c D _u_boot_list_2_cmd_2_saveenv
4a03f8a8 D _u_boot_list_2_cmd_2_setenv
4a03f8c4 D _u_boot_list_2_cmd_2_setexpr
4a03f8e0 D _u_boot_list_2_cmd_2_showvar
4a03f8fc D _u_boot_list_2_cmd_2_size
4a03f918 D _u_boot_list_2_cmd_2_sleep
4a03f934 D _u_boot_list_2_cmd_2_source
4a03f950 D _u_boot_list_2_cmd_2_sysboot
4a03f96c D _u_boot_list_2_cmd_2_test
4a03f988 D _u_boot_list_2_cmd_2_tftpboot
4a03f9a4 D _u_boot_list_2_cmd_2_true
4a03f9c0 D _u_boot_list_2_cmd_2_usb
4a03f9dc D _u_boot_list_2_cmd_2_usbboot
4a03f9f8 D _u_boot_list_2_cmd_2_version
4a03fa14 D _u_boot_list_2_driver_2_gpio_sunxi
4a03fa14 d end.6970
4a03fa14 d end.7117
4a03fa14 d end.7148
4a03fa14 d start.8945
4a03fa14 d start.8949
4a03fa14 d start.9031
4a03fa14 d start.9035
4a03fa58 D _u_boot_list_2_driver_2_i2c_generic_chip_drv
4a03fa9c D _u_boot_list_2_driver_2_i2c_mvtwsi
4a03fae0 D _u_boot_list_2_driver_2_ns16550_serial
4a03fb24 D _u_boot_list_2_driver_2_root_driver
4a03fb68 D _u_boot_list_2_driver_2_simple_bus_drv
4a03fbac D _u_boot_list_2_driver_2_usb_dev_generic_drv
4a03fbf0 D _u_boot_list_2_driver_2_usb_generic_hub
4a03fc34 D _u_boot_list_2_driver_2_usb_kbd
4a03fc78 D _u_boot_list_2_driver_2_usb_mass_storage
4a03fcbc D _u_boot_list_2_env_clbk_2_baudrate
4a03fcbc d end.8952
4a03fcbc d end.8991
4a03fcbc d end.9038
4a03fcbc d start.7360
4a03fcbc d start.7367
4a03fcbc d start.8984
4a03fcbc d start.8988
4a03fcc4 D _u_boot_list_2_env_clbk_2_bootfile
4a03fccc D _u_boot_list_2_env_clbk_2_callbacks
4a03fcd4 D _u_boot_list_2_env_clbk_2_console
4a03fcdc D _u_boot_list_2_env_clbk_2_ethaddr
4a03fce4 D _u_boot_list_2_env_clbk_2_flags
4a03fcec D _u_boot_list_2_env_clbk_2_gatewayip
4a03fcf4 D _u_boot_list_2_env_clbk_2_ipaddr
4a03fcfc D _u_boot_list_2_env_clbk_2_loadaddr
4a03fd04 D _u_boot_list_2_env_clbk_2_netmask
4a03fd0c D _u_boot_list_2_env_clbk_2_nvlan
4a03fd14 D _u_boot_list_2_env_clbk_2_serverip
4a03fd1c D _u_boot_list_2_env_clbk_2_vlan
4a03fd24 D _u_boot_list_2_env_driver_2_mmc
4a03fd24 d end.7363
4a03fd24 d start.7360
4a03fd24 d start.7368
4a03fd3c D _u_boot_list_2_part_driver_2_a_efi
4a03fd3c d end.7363
4a03fd3c d start.7052
4a03fd3c d start.7056
4a03fd3c d start.7120
4a03fd3c d start.7124
4a03fd3c d start.7206
4a03fd3c d start.7210
4a03fd54 D _u_boot_list_2_part_driver_2_dos
4a03fd6c D _u_boot_list_2_part_driver_2_iso
4a03fd84 D _u_boot_list_2_uclass_2_display
4a03fd84 d end.7059
4a03fd84 d end.7127
4a03fd84 d end.7213
4a03fd84 d start.8964
4a03fd84 d start.8968
4a03fdcc D _u_boot_list_2_uclass_2_eth
4a03fe14 D _u_boot_list_2_uclass_2_gpio
4a03fe5c D _u_boot_list_2_uclass_2_i2c
4a03fea4 D _u_boot_list_2_uclass_2_i2c_generic
4a03feec D _u_boot_list_2_uclass_2_keyboard
4a03ff34 D _u_boot_list_2_uclass_2_root
4a03ff7c D _u_boot_list_2_uclass_2_serial
4a03ffc4 D _u_boot_list_2_uclass_2_simple_bus
4a04000c D _u_boot_list_2_uclass_2_usb
4a040054 D _u_boot_list_2_uclass_2_usb_dev_generic
4a04009c D _u_boot_list_2_uclass_2_usb_hub
4a0400e4 D _u_boot_list_2_uclass_2_usb_mass_storage
4a04012c D _u_boot_list_2_usb_driver_entry_2_usb_generic_hub
4a04012c d end.8971
4a04012c d start.10086
4a04012c d start.10089
4a040134 D _u_boot_list_2_usb_driver_entry_2_usb_kbd
4a04013c D _u_boot_list_2_usb_driver_entry_2_usb_mass_storage
4a040144 D __efi_runtime_start
4a040144 d end.10092
4a040148 W efi_reset_system
4a04014a W efi_get_time
4a040154 t efi_unimplemented
4a04015c t efi_device_error
4a040164 t efi_invalid_parameter
4a040170 T systab
4a0401b8 t efi_conf_table
4a0401e0 t firmware_vendor
4a0401f8 T efi_runtime_services
4a040248 T __efi_runtime_rel_start
4a040248 T __efi_runtime_stop
4a0402d8 B __bss_base
4a0402d8 B __bss_start
4a0402d8 R __efi_runtime_rel_stop
4a0402d8 R __image_copy_end
4a0402d8 R __rel_dyn_start
4a0402d8 b params
4a0402dc b efi_obj_list_initalized
4a0402e0 b bootefi_device_path
4a0402e4 b bootefi_image_path
4a0402e8 B working_fdt
4a0402ec b data.7919
4a0406ec b i2c_mm_last_addr
4a0406f0 b i2c_mm_last_chip
4a0406f4 b i2c_dp_last_chip
4a0406f8 b i2c_mm_last_alen
4a0406fc b i2c_dp_last_addr
4a040700 b i2c_cur_bus
4a040704 b i2c_dp_last_alen
4a040708 b send_parms
4a04071c b os_data_addr_saved
4a040720 b his_pad_char
4a040721 b a_b
4a04073c b os_data_char
4a040740 b os_data_state
4a040744 b k_data_escape
4a040748 b os_data_state_saved
4a04074c b os_data_addr
4a040750 b send_ptr
4a040754 b his_pad_count
4a040758 b bin_start_address
4a04075c b his_quote
4a040760 b os_data_init
4a040764 b his_eol
4a040768 b k_data_escape_saved
4a04076c b dp_last_addr
4a040770 b base_address
4a040774 b mm_last_size
4a040778 b mm_last_addr
4a04077c b dp_last_size
4a040780 b last_data
4a040784 b last_reg_hi
4a040788 b last_mask
4a04078c b last_addr_lo
4a040790 b last_op
4a040794 b last_addr_hi
4a040798 b last_reg_lo
4a04079c b do_getfile
4a0407a0 b is_pxe
4a0407a4 b fs_argv
4a0407b8 b flag_repeat
4a0407bc b last_return_code
4a0407c0 b the_command.7372
4a040bc4 b ifs
4a040bc8 b buf.7572
4a040bf0 b map
4a040cf0 b do_repeat
4a040cf4 b top_vars
4a040cf8 b stored_bootdelay
4a040cfc b boot_source
4a040d00 B monitor_flash_len
4a040d04 B images
4a040e34 b current_mii
4a040e38 b mii_devs
4a040e40 B usb_started
4a040e44 b running.10046
4a040e48 b usb_stor
4a040fd0 b usb_dev_desc
4a041388 b usb_max_devs
4a04138c b CBWTag
4a0413c0 b usb_ccb
4a041480 b kbd_testc_tms
4a041484 b hist_list
4a0414d4 b hist_lines
4a0464e8 b hist_max
4a0464ec b hist_add_idx
4a0464f0 b hist_num
4a0464f4 B console_buffer
4a0468f8 b initted.7166
4a0468fc b ctrlc_was_pressed
4a046900 B cd_count
4a04690c b tstcdev
4a046910 b ctrlc_disabled
4a046914 B console_devices
4a046920 b max_total_mem
4a046924 B mem_malloc_brk
4a046928 b max_sbrked_mem
4a04692c b current_mallinfo
4a046954 B mem_malloc_end
4a046958 b top_pad
4a04695c B mem_malloc_start
4a046960 B stdio_devices
4a04696c b devs
4a0469b8 b tmp_buf
4a046db8 b tmp_buf.7131
4a046fb8 b xyz
4a047400 b tmpbuf
4a047c00 b name.8294
4a047c28 b initialized.9809
4a047c2c b mmc_devices
4a047c34 B mmc_host
4a047d24 b asynch_allowed
4a047d28 b callback_list
4a047d2c b flags_list
4a047d30 b fs_partition
4a047da8 b fs_type
4a047dac b fs_dev_desc
4a047db0 b fs_dev_part
4a047db8 B ext_fs
4a047e00 B ext4fs_indir3_block
4a047e04 B ext4fs_root
4a047e08 B ext4fs_indir3_size
4a047e0c B ext4fs_indir1_block
4a047e10 B ext4fs_indir2_size
4a047e14 B ext4fs_indir2_block
4a047e18 B ext4fs_indir1_size
4a047e1c b symlinknest
4a047e20 B ext4fs_file
4a047e24 b part_info
4a047e28 B part_offset
4a047e40 B get_contents_vfatname_block
4a049298 R __rel_dyn_end
4a049298 R _end
4a049298 R _image_binary_end
4a057e40 B do_fat_read_at_block
4a067e40 B get_dentfromdir_block
4a077e40 b empty_dentptr
4a077e44 b cur_part_info
4a077ebc b total_sector
4a077ec0 b dir_curclust
4a077ec4 b num_of_fats
4a077ec8 b cur_dev
4a077ecc b ret.8819
4a077ed0 b entry_count
4a077ed4 b app_gd
4a077ed8 b mono.8908
4a077ee0 b nesting_level
4a077ee4 b efi_gd
4a077ee8 b efi_events
4a078168 b console_timer_event
4a07816c b console_size_queried
4a078170 b rs
4a078174 b new_rx_packet
4a078178 b wait_for_packet
4a07817c b network_timer_event
4a078180 b dhcp_ack
4a078184 b new_tx_packet
4a078188 B errno
4a07818c b local.7343
4a0781a2 b arp_tx_packet_buf
4a0787e4 B arp_wait_packet_ethaddr
4a0787e8 b arp_tx_packet
4a0787ec B arp_wait_tx_packet_size
4a0787f0 B arp_wait_try
4a0787f4 b net_arp_wait_reply_ip
4a0787f8 B net_arp_wait_packet_ip
4a0787fc B arp_wait_timer_start
4a078800 b dhcp_state
4a078804 B net_hostname
4a078824 B bootp_timeout
4a078828 b dhcp_server_ip
4a07882c b dhcp_option_overload
4a078830 b time_taken_max
4a078834 B net_root_path
4a078874 B bootp_ids
4a078884 B bootp_num_ids
4a078888 B bootp_try
4a07888c B bootp_start
4a078890 b dhcp_leasetime
4a078894 B net_nis_domain
4a0788b4 b eth_errno
4a0788b8 b env_changed_id.9560
4a0788bc b act.9559
4a0788c0 b first_failed.9554
4a0788c4 B net_ethaddr
4a0788cc B net_dns_server
4a0788d0 B net_state
4a0788d4 B net_server_ip
4a0788d8 B net_rx_packet
4a0788dc B net_boot_file_expected_size_in_blocks
4a0788e0 B net_rx_packets
4a0788f0 b time_start
4a0788f4 b time_start
4a0788f8 B net_gateway
4a0788fc B net_boot_file_name
4a078cfc b udp_packet_handler
4a078d00 b net_dev_exists
4a078d04 b net_try_count
4a078d08 B net_server_ethaddr
4a078d0e B net_null_ethaddr
4a078d14 b net_ip_id
4a078d18 B net_restart_wrap
4a078d1c B net_busy_flag
4a078d20 b net_restarted
4a078d24 b time_delta
4a078d28 b arp_packet_handler
4a078d2c B net_netmask
4a078d30 b net_pkt_buf
4a07ab70 B net_ip
4a07ab74 B net_rx_packet_len
4a07ab78 B net_tx_packet
4a07ab7c b time_handler
4a07ab80 B push_packet
4a07ab84 B net_boot_file_size
4a07ab88 b nfs_server_mount_port
4a07ab8c b nfs_server_ip
4a07ab90 b nfs_filename
4a07ab94 b nfs_state
4a07ab98 b filefh3_length
4a07ab9c b dirfh
4a07abbc b rpc_id
4a07abc0 b fs_mounted
4a07abc4 b nfs_len
4a07abc8 b nfs_server_port
4a07abcc b nfs_download_state
4a07abd0 b nfs_path
4a07abd4 b nfs_path_buff
4a07b3d4 b nfs_timeout_count
4a07b3d8 b filefh
4a07b418 b nfs_our_port
4a07b41c B net_ping_ip
4a07b420 b ping_seq_number
4a07b424 b tftp_prev_block
4a07b428 b timeout_count
4a07b42c b tftp_block_wrap
4a07b430 b default_filename
4a07b440 b tftp_remote_port
4a07b444 b tftp_cur_block
4a07b448 b tftp_remote_ip
4a07b44c b tftp_our_port
4a07b450 b tftp_state
4a07b454 b tftp_filename
4a07b4d4 b tftp_block_wrap_offset
4a07b4d8 B __bss_end
4a07b4d8 B __bss_limit
