Archive member included to satisfy reference by file (symbol)

arch/arm/lib/lib.a(ashldi3.o)
                              drivers/built-in.o (__aeabi_llsl)
arch/arm/lib/lib.a(lib1funcs.o)
                              arch/arm/mach-sunxi/built-in.o (__aeabi_uidiv)
arch/arm/lib/lib.a(lshrdi3.o)
                              fs/built-in.o (__aeabi_llsr)
arch/arm/lib/lib.a(div0.o)    arch/arm/lib/lib.a(lib1funcs.o) (__div0)

Discarded input sections

 .data          0x0000000000000000        0x0 arch/arm/cpu/armv7/start.o
 .bss           0x0000000000000000        0x0 arch/arm/cpu/armv7/start.o
 .text.mmu_page_table_flush
                0x0000000000000000       0x1e arch/arm/cpu/armv7/built-in.o
 .text.v7_outer_cache_inval_range
                0x0000000000000000        0x2 arch/arm/cpu/armv7/built-in.o
 .text.invalidate_dcache_range
                0x0000000000000000       0x42 arch/arm/cpu/armv7/built-in.o
 .text.v7_arch_cp15_set_l2aux_ctrl
                0x0000000000000000        0x6 arch/arm/cpu/armv7/built-in.o
 .text.v7_arch_cp15_set_acr
                0x0000000000000000        0x6 arch/arm/cpu/armv7/built-in.o
 .text.wait_on_value
                0x0000000000000000       0x1e arch/arm/cpu/armv7/built-in.o
 .text.s_init   0x0000000000000000        0x4 arch/arm/cpu/armv7/built-in.o
 .text.protect_secure_section
                0x0000000000000000        0x2 arch/arm/cpu/armv7/built-in.o
 .text.smp_kick_all_cpus
                0x0000000000000000       0x18 arch/arm/cpu/armv7/built-in.o
 .data          0x0000000000000000        0x0 arch/arm/cpu/armv7/built-in.o
 .bss           0x0000000000000000        0x0 arch/arm/cpu/armv7/built-in.o
 .text.enable_caches
                0x0000000000000000        0xc arch/arm/lib/built-in.o
 .text.invalidate_dcache_range
                0x0000000000000000        0x2 arch/arm/lib/built-in.o
 .text.flush_dcache_range
                0x0000000000000000        0x2 arch/arm/lib/built-in.o
 .text.flush_dcache_all
                0x0000000000000000        0xa arch/arm/lib/built-in.o
 .text.invalidate_l2_cache
                0x0000000000000000        0xc arch/arm/lib/built-in.o
 .text.arm_init_before_mmu
                0x0000000000000000        0x2 arch/arm/lib/built-in.o
 .text.mmu_page_table_flush
                0x0000000000000000        0x2 arch/arm/lib/built-in.o
 .text.mmu_set_region_dcache_behaviour
                0x0000000000000000       0x40 arch/arm/lib/built-in.o
 .text.icache_status
                0x0000000000000000        0xa arch/arm/lib/built-in.o
 .data          0x0000000000000000        0x0 arch/arm/lib/built-in.o
 .bss           0x0000000000000000        0x0 arch/arm/lib/built-in.o
 .text          0x0000000000000000        0x0 arch/arm/mach-sunxi/built-in.o
 .text.gtbus_init
                0x0000000000000000        0x2 arch/arm/mach-sunxi/built-in.o
 .text.mctl_await_completion
                0x0000000000000000       0x34 arch/arm/mach-sunxi/built-in.o
 .text.mctl_mem_matches
                0x0000000000000000       0x34 arch/arm/mach-sunxi/built-in.o
 .text.sunxi_usb_phy_enable_squelch_detect
                0x0000000000000000       0x70 arch/arm/mach-sunxi/built-in.o
 .text.sunxi_usb_phy_init
                0x0000000000000000       0x60 arch/arm/mach-sunxi/built-in.o
 .text.sunxi_usb_phy_exit
                0x0000000000000000       0x40 arch/arm/mach-sunxi/built-in.o
 .text.sunxi_usb_phy_power_on
                0x0000000000000000       0x48 arch/arm/mach-sunxi/built-in.o
 .text.sunxi_usb_phy_power_off
                0x0000000000000000       0x20 arch/arm/mach-sunxi/built-in.o
 .text.sunxi_usb_phy_vbus_detect
                0x0000000000000000       0x3c arch/arm/mach-sunxi/built-in.o
 .text.sunxi_usb_phy_id_detect
                0x0000000000000000       0x18 arch/arm/mach-sunxi/built-in.o
 .text.sunxi_usb_phy_remove
                0x0000000000000000       0x40 arch/arm/mach-sunxi/built-in.o
 .text.rsb_await_trans
                0x0000000000000000       0x4c arch/arm/mach-sunxi/built-in.o
 .text.rsb_do_trans
                0x0000000000000000       0x14 arch/arm/mach-sunxi/built-in.o
 .text.rsb_init
                0x0000000000000000       0x9c arch/arm/mach-sunxi/built-in.o
 .text.rsb_set_device_address
                0x0000000000000000       0x20 arch/arm/mach-sunxi/built-in.o
 .text.rsb_write
                0x0000000000000000       0x2c arch/arm/mach-sunxi/built-in.o
 .text.rsb_read
                0x0000000000000000       0x38 arch/arm/mach-sunxi/built-in.o
 .text.clock_set_pll3
                0x0000000000000000       0x38 arch/arm/mach-sunxi/built-in.o
 .text.clock_set_pll3_factors
                0x0000000000000000       0x2c arch/arm/mach-sunxi/built-in.o
 .text.clock_set_pll5
                0x0000000000000000       0xb0 arch/arm/mach-sunxi/built-in.o
 .text.clock_set_pll10
                0x0000000000000000       0x44 arch/arm/mach-sunxi/built-in.o
 .text.clock_get_pll3
[...]
Memory Configuration

Name             Origin             Length             Attributes
*default*        0x0000000000000000 0xffffffffffffffff

Linker script and memory map

Address of section .text set to 0x4a000000
                0x0000000000000000                . = 0x0
                0x0000000000000000                . = ALIGN (0x4)

.text           0x000000004a000000    0x2a69c
 *(.__image_copy_start)
 .__image_copy_start
                0x000000004a000000        0x0 arch/arm/lib/built-in.o
                0x000000004a000000                __image_copy_start
 *(.vectors)
 .vectors       0x000000004a000000      0x2e8 arch/arm/lib/built-in.o
                0x000000004a000000                _start
                0x000000004a000020                _undefined_instruction
                0x000000004a000024                _software_interrupt
                0x000000004a000028                _prefetch_abort
                0x000000004a00002c                _data_abort
                0x000000004a000030                _not_used
                0x000000004a000034                _irq
                0x000000004a000038                _fiq
                0x000000004a000040                IRQ_STACK_START_IN
 arch/arm/cpu/armv7/start.o(.text*)
 .text          0x000000004a0002e8       0xb0 arch/arm/cpu/armv7/start.o
                0x000000004a0002e8                reset
                0x000000004a0002ec                save_boot_params_ret
                0x000000004a000328                c_runtime_cpu_setup
                0x000000004a000338                save_boot_params
                0x000000004a00033c                cpu_init_cp15
                0x000000004a000390                cpu_init_crit
 *(.text*)
 .text          0x000000004a000398      0x158 arch/arm/cpu/armv7/built-in.o
                0x000000004a000398                __v7_flush_dcache_all
                0x000000004a000434                v7_flush_dcache_all
                0x000000004a000444                __v7_invalidate_dcache_all
                0x000000004a0004e0                v7_invalidate_dcache_all
 .text.invalidate_icache_all
                0x000000004a0004f0       0x14 arch/arm/cpu/armv7/built-in.o
                0x000000004a0004f0                invalidate_icache_all
 .text.v7_outer_cache_enable
                0x000000004a000504        0x2 arch/arm/cpu/armv7/built-in.o
                0x000000004a000504                v7_outer_cache_enable
 .text.v7_outer_cache_disable
                0x000000004a000506        0x2 arch/arm/cpu/armv7/built-in.o
                0x000000004a000506                v7_outer_cache_disable
 .text.v7_outer_cache_flush_all
                0x000000004a000508        0x2 arch/arm/cpu/armv7/built-in.o
                0x000000004a000508                v7_outer_cache_flush_all
 .text.flush_dcache_all
                0x000000004a00050a        0xe arch/arm/cpu/armv7/built-in.o
                0x000000004a00050a                flush_dcache_all
 .text.v7_outer_cache_inval_all
                0x000000004a000518        0x2 arch/arm/cpu/armv7/built-in.o
                0x000000004a000518                v7_outer_cache_inval_all
 .text.invalidate_dcache_all
                0x000000004a00051a        0xe arch/arm/cpu/armv7/built-in.o
                0x000000004a00051a                invalidate_dcache_all
 .text.arm_init_before_mmu
                0x000000004a000528       0x22 arch/arm/cpu/armv7/built-in.o
                0x000000004a000528                arm_init_before_mmu
 .text.v7_outer_cache_flush_range
                0x000000004a00054a        0x2 arch/arm/cpu/armv7/built-in.o
                0x000000004a00054a                v7_outer_cache_flush_range
 .text.flush_dcache_range
                0x000000004a00054c       0x38 arch/arm/cpu/armv7/built-in.o
                0x000000004a00054c                flush_dcache_range
 .text.cpu_cache_initialization
                0x000000004a000584        0x2 arch/arm/cpu/armv7/built-in.o
                0x000000004a000584                cpu_cache_initialization
 .text.cleanup_before_linux_select
                0x000000004a000586       0x3e arch/arm/cpu/armv7/built-in.o
                0x000000004a000586                cleanup_before_linux_select
 .text.cleanup_before_linux
                0x000000004a0005c4        0x6 arch/arm/cpu/armv7/built-in.o
                0x000000004a0005c4                cleanup_before_linux
 .text.sdelay   0x000000004a0005ca        0x6 arch/arm/cpu/armv7/built-in.o
                0x000000004a0005ca                sdelay
 .text.lowlevel_init
                0x000000004a0005d0       0x24 arch/arm/cpu/armv7/built-in.o
                0x000000004a0005d0                lowlevel_init
 .text.get_gicd_base_address
                0x000000004a0005f4       0x2c arch/arm/cpu/armv7/built-in.o
 .text.psci_board_init
                0x000000004a000620        0x2 arch/arm/cpu/armv7/built-in.o
                0x000000004a000620                psci_board_init
 *fill*         0x000000004a000622        0x2 
 .text.armv7_init_nonsec
                0x000000004a000624       0x64 arch/arm/cpu/armv7/built-in.o
                0x000000004a000624                armv7_init_nonsec
 .text.armv7_apply_memory_carveout
                0x000000004a000688        0x4 arch/arm/cpu/armv7/built-in.o
                0x000000004a000688                armv7_apply_memory_carveout
 .text.psci_update_dt
                0x000000004a00068c       0x38 arch/arm/cpu/armv7/built-in.o
                0x000000004a00068c                psci_update_dt
 .text.timer_init
                0x000000004a0006c4       0x1c arch/arm/cpu/armv7/built-in.o
                0x000000004a0006c4                timer_init
 .text.get_timer_masked
                0x000000004a0006e0       0x54 arch/arm/cpu/armv7/built-in.o
                0x000000004a0006e0                get_timer_masked
 .text.get_timer
                0x000000004a000734        0xc arch/arm/cpu/armv7/built-in.o
                0x000000004a000734                get_timer
 .text.__udelay
                0x000000004a000740       0x38 arch/arm/cpu/armv7/built-in.o
                0x000000004a000740                __udelay
 .text.get_ticks
                0x000000004a000778        0xa arch/arm/cpu/armv7/built-in.o
                0x000000004a000778                get_ticks
 .text.get_tbclk
                0x000000004a000782        0x6 arch/arm/cpu/armv7/built-in.o
                0x000000004a000782                get_tbclk
 .text.tzpc_init
                0x000000004a000788       0x20 arch/arm/cpu/armv7/built-in.o
                0x000000004a000788                tzpc_init
 *fill*         0x000000004a0007a8       0x18 
 .text          0x000000004a0007c0      0x420 arch/arm/lib/built-in.o
                0x000000004a0007c0                _main
                0x000000004a000860                memset
                0x000000004a000900                memcpy
 .text.relocate_vectors
                0x000000004a000be0       0x70 arch/arm/lib/built-in.o
                0x000000004a000be0                relocate_vectors
                0x000000004a000bec                relocate_code
 .text.arch_fixup_fdt
                0x000000004a000c50       0x38 arch/arm/lib/built-in.o
                0x000000004a000c50                arch_fixup_fdt
 .text.arch_lmb_reserve
                0x000000004a000c88       0x1a arch/arm/lib/built-in.o
                0x000000004a000c88                arch_lmb_reserve
 .text.board_quiesce_devices
                0x000000004a000ca2        0x2 arch/arm/lib/built-in.o
                0x000000004a000ca2                board_quiesce_devices
 .text.setup_board_tags
                0x000000004a000ca4        0x2 arch/arm/lib/built-in.o
                0x000000004a000ca4                setup_board_tags
 *fill*         0x000000004a000ca6        0x2 
 .text.boot_prep_linux
                0x000000004a000ca8      0x134 arch/arm/lib/built-in.o
 .text.armv7_boot_nonsec_default
                0x000000004a000ddc        0x4 arch/arm/lib/built-in.o
                0x000000004a000ddc                armv7_boot_nonsec_default
 .text.armv7_boot_nonsec
                0x000000004a000de0       0x40 arch/arm/lib/built-in.o
                0x000000004a000de0                armv7_boot_nonsec
 .text.boot_jump_linux
                0x000000004a000e20       0xa4 arch/arm/lib/built-in.o
 .text.do_bootm_linux
                0x000000004a000ec4       0x44 arch/arm/lib/built-in.o
                0x000000004a000ec4                do_bootm_linux
 .text.boot_prep_vxworks
                0x000000004a000f08       0x30 arch/arm/lib/built-in.o
                0x000000004a000f08                boot_prep_vxworks
 .text.boot_jump_vxworks
                0x000000004a000f38        0x6 arch/arm/lib/built-in.o
                0x000000004a000f38                boot_jump_vxworks
 *fill*         0x000000004a000f3e        0x2 
 .text.bootz_setup
                0x000000004a000f40       0x6c arch/arm/lib/built-in.o
                0x000000004a000f40                bootz_setup
 .text.arch_reserve_stacks
                0x000000004a000fac       0x16 arch/arm/lib/built-in.o
                0x000000004a000fac                arch_reserve_stacks
 *fill*         0x000000004a000fc2        0x2 
 .text.interrupt_init
                0x000000004a000fc4       0x14 arch/arm/lib/built-in.o
                0x000000004a000fc4                interrupt_init
 .text.enable_interrupts
                0x000000004a000fd8        0x2 arch/arm/lib/built-in.o
                0x000000004a000fd8                enable_interrupts
 .text.disable_interrupts
                0x000000004a000fda        0x4 arch/arm/lib/built-in.o
                0x000000004a000fda                disable_interrupts
 *fill*         0x000000004a000fde        0x2 
 .text.bad_mode
                0x000000004a000fe0        0xc arch/arm/lib/built-in.o
                0x000000004a000fe0                bad_mode
 .text.show_regs
                0x000000004a000fec      0x108 arch/arm/lib/built-in.o
                0x000000004a000fec                show_regs
 .text.do_undefined_instruction
                0x000000004a0010f4       0x24 arch/arm/lib/built-in.o
                0x000000004a0010f4                do_undefined_instruction
 .text.do_software_interrupt
                0x000000004a001118       0x24 arch/arm/lib/built-in.o
                0x000000004a001118                do_software_interrupt
 .text.do_prefetch_abort
                0x000000004a00113c       0x24 arch/arm/lib/built-in.o
                0x000000004a00113c                do_prefetch_abort
 .text.do_data_abort
                0x000000004a001160       0x24 arch/arm/lib/built-in.o
                0x000000004a001160                do_data_abort
 .text.do_not_used
                0x000000004a001184       0x24 arch/arm/lib/built-in.o
                0x000000004a001184                do_not_used
 .text.do_fiq   0x000000004a0011a8       0x24 arch/arm/lib/built-in.o
                0x000000004a0011a8                do_fiq
 .text.do_irq   0x000000004a0011cc       0x24 arch/arm/lib/built-in.o
                0x000000004a0011cc                do_irq
 .text.reset_misc
                0x000000004a0011f0        0x2 arch/arm/lib/built-in.o
                0x000000004a0011f0                reset_misc
 *fill*         0x000000004a0011f2        0x2 
 .text.do_reset
                0x000000004a0011f4       0x28 arch/arm/lib/built-in.o
                0x000000004a0011f4                do_reset
 .text.flush_cache
                0x000000004a00121c        0x6 arch/arm/lib/built-in.o
                0x000000004a00121c                flush_cache
 *fill*         0x000000004a001222        0x2 
 .text.check_cache_range
                0x000000004a001224       0x20 arch/arm/lib/built-in.o
                0x000000004a001224                check_cache_range
 .text.arm_init_domains
                0x000000004a001244        0x2 arch/arm/lib/built-in.o
                0x000000004a001244                arm_init_domains
 .text.set_section_dcache
                0x000000004a001246       0x12 arch/arm/lib/built-in.o
                0x000000004a001246                set_section_dcache
 .text.dram_bank_mmu_setup
                0x000000004a001258       0x2a arch/arm/lib/built-in.o
                0x000000004a001258                dram_bank_mmu_setup
 .text.icache_enable
                0x000000004a001282       0x12 arch/arm/lib/built-in.o
                0x000000004a001282                icache_enable
 .text.icache_disable
                0x000000004a001294       0x16 arch/arm/lib/built-in.o
                0x000000004a001294                icache_disable
 .text.dcache_enable
                0x000000004a0012aa       0x70 arch/arm/lib/built-in.o
                0x000000004a0012aa                dcache_enable
 .text.dcache_disable
                0x000000004a00131a       0x20 arch/arm/lib/built-in.o
                0x000000004a00131a                dcache_disable
 .text.dcache_status
                0x000000004a00133a        0xa arch/arm/lib/built-in.o
                0x000000004a00133a                dcache_status
 .text.fdt_psci
                0x000000004a001344      0x16c arch/arm/lib/built-in.o
                0x000000004a001344                fdt_psci
 .text.s_init   0x000000004a0014b0       0x54 arch/arm/mach-sunxi/built-in.o
                0x000000004a0014b0                s_init
 .text.sunxi_get_boot_device
                0x000000004a001504       0x48 arch/arm/mach-sunxi/built-in.o
                0x000000004a001504                sunxi_get_boot_device
 .text.reset_cpu
                0x000000004a00154c       0x20 arch/arm/mach-sunxi/built-in.o
                0x000000004a00154c                reset_cpu
 .text.enable_caches
                0x000000004a00156c        0x4 arch/arm/mach-sunxi/built-in.o
                0x000000004a00156c                enable_caches
 .text.clock_init_sec
                0x000000004a001570       0x24 arch/arm/mach-sunxi/built-in.o
                0x000000004a001574                clock_init_sec
 .text.clock_init
                0x000000004a001594        0xe arch/arm/mach-sunxi/built-in.o
                0x000000004a001594                clock_init
 *fill*         0x000000004a0015a2        0x2 
 .text.clock_twi_onoff
                0x000000004a0015a4       0x50 arch/arm/mach-sunxi/built-in.o
                0x000000004a0015a4                clock_twi_onoff
 .text.sunxi_get_sram_id
                0x000000004a0015f4       0x20 arch/arm/mach-sunxi/built-in.o
                0x000000004a0015f4                sunxi_get_sram_id
 .text.print_cpuinfo
                0x000000004a001614       0x18 arch/arm/mach-sunxi/built-in.o
                0x000000004a001614                print_cpuinfo
 .text.sun8i_efuse_read
                0x000000004a00162c       0x5c arch/arm/mach-sunxi/built-in.o
                0x000000004a00162c                sun8i_efuse_read
 .text.sunxi_get_sid
                0x000000004a001688       0x18 arch/arm/mach-sunxi/built-in.o
                0x000000004a001688                sunxi_get_sid
 .text.sunxi_gpio_set_cfgbank
                0x000000004a0016a0       0x22 arch/arm/mach-sunxi/built-in.o
                0x000000004a0016a0                sunxi_gpio_set_cfgbank
 *fill*         0x000000004a0016c2        0x2 
 .text.sunxi_gpio_set_cfgpin
                0x000000004a0016c4       0x30 arch/arm/mach-sunxi/built-in.o
                0x000000004a0016c4                sunxi_gpio_set_cfgpin
 .text.sunxi_gpio_get_cfgbank
                0x000000004a0016f4       0x1a arch/arm/mach-sunxi/built-in.o
                0x000000004a0016f4                sunxi_gpio_get_cfgbank
 *fill*         0x000000004a00170e        0x2 
 .text.sunxi_gpio_get_cfgpin
                0x000000004a001710       0x24 arch/arm/mach-sunxi/built-in.o
                0x000000004a001710                sunxi_gpio_get_cfgpin
 .text.sunxi_gpio_set_drv
                0x000000004a001734       0x4c arch/arm/mach-sunxi/built-in.o
                0x000000004a001734                sunxi_gpio_set_drv
 .text.sunxi_gpio_set_pull
                0x000000004a001780       0x4c arch/arm/mach-sunxi/built-in.o
                0x000000004a001780                sunxi_gpio_set_pull
 .text.sunxi_usb_phy_probe
                0x000000004a0017cc       0xa4 arch/arm/mach-sunxi/built-in.o
                0x000000004a0017cc                sunxi_usb_phy_probe
 .text.prcm_apb0_enable
                0x000000004a001870       0x18 arch/arm/mach-sunxi/built-in.o
                0x000000004a001870                prcm_apb0_enable
 .text.prcm_apb0_disable
                0x000000004a001888       0x1c arch/arm/mach-sunxi/built-in.o
                0x000000004a001888                prcm_apb0_disable
 .text.clock_init_uart
                0x000000004a0018a4       0x2c arch/arm/mach-sunxi/built-in.o
                0x000000004a0018a4                clock_init_uart
 .text.clock_set_pll1
                0x000000004a0018d0       0x6c arch/arm/mach-sunxi/built-in.o
                0x000000004a0018d0                clock_set_pll1
 .text.clock_get_pll1
                0x000000004a00193c       0x24 arch/arm/mach-sunxi/built-in.o
                0x000000004a00193c                clock_get_pll1
 .text.clock_get_pll6
                0x000000004a001960       0x28 arch/arm/mach-sunxi/built-in.o
                0x000000004a001960                clock_get_pll6
 .text.setup_environment
                0x000000004a001988      0x14c board/sunxi/built-in.o
 .text.i2c_init_board
                0x000000004a001ad4       0x22 board/sunxi/built-in.o
                0x000000004a001ad4                i2c_init_board
 *fill*         0x000000004a001af6        0x2 
 .text.board_init
                0x000000004a001af8      0x1c0 board/sunxi/built-in.o
                0x000000004a001af8                board_init
 .text.dram_init
                0x000000004a001cb8       0x16 board/sunxi/built-in.o
                0x000000004a001cb8                dram_init
 *fill*         0x000000004a001cce        0x2 
 .text.board_mmc_init
                0x000000004a001cd0       0xb8 board/sunxi/built-in.o
                0x000000004a001cd0                board_mmc_init
 .text.get_board_serial
                0x000000004a001d88       0x24 board/sunxi/built-in.o
                0x000000004a001d88                get_board_serial
 .text.misc_init_r
                0x000000004a001dac       0xb0 board/sunxi/built-in.o
                0x000000004a001dac                misc_init_r
 .text.ft_board_setup
                0x000000004a001e5c        0xa board/sunxi/built-in.o
                0x000000004a001e5c                ft_board_setup
 .text.do_go_exec
                0x000000004a001e66        0x8 cmd/built-in.o
                0x000000004a001e66                do_go_exec
 *fill*         0x000000004a001e6e        0x2 
 .text.do_go    0x000000004a001e70       0x4c cmd/built-in.o
 .text.do_bootm
                0x000000004a001ebc       0xa4 cmd/built-in.o
                0x000000004a001ebc                do_bootm
 .text.do_bootd
                0x000000004a001f60       0x18 cmd/built-in.o
                0x000000004a001f60                do_bootd
 .text.image_info
                0x000000004a001f78       0x8c cmd/built-in.o
 .text.do_iminfo
                0x000000004a002004       0x40 cmd/built-in.o
 .text.bootm_maybe_autostart
                0x000000004a002044       0x4c cmd/built-in.o
                0x000000004a002044                bootm_maybe_autostart
 .text.do_help  0x000000004a002090       0x2c cmd/built-in.o
 .text.do_version
                0x000000004a0020bc       0x30 cmd/built-in.o
 .text.blk_common_cmd
                0x000000004a0020ec      0x1fc cmd/built-in.o
                0x000000004a0020ec                blk_common_cmd
 .text.source   0x000000004a0022e8       0x90 cmd/built-in.o
                0x000000004a0022e8                source
 .text.do_source
                0x000000004a002378       0x30 cmd/built-in.o
 .text.print_num
                0x000000004a0023a8       0x10 cmd/built-in.o
 .text.do_bdinfo
                0x000000004a0023b8       0xc4 cmd/built-in.o
 .text.efi_init_obj_list
                0x000000004a00247c       0x28 cmd/built-in.o
 .text.do_bootefi_exec
                0x000000004a0024a4      0x280 cmd/built-in.o
 .text.do_bootefi
                0x000000004a002724       0xc8 cmd/built-in.o
 .text.efi_set_bootdev
                0x000000004a0027ec       0xb0 cmd/built-in.o
                0x000000004a0027ec                efi_set_bootdev
 .text.do_bootz
                0x000000004a00289c       0x98 cmd/built-in.o
                0x000000004a00289c                do_bootz
 .text.do_coninfo
                0x000000004a002934       0x84 cmd/built-in.o
 .text.do_echo  0x000000004a0029b8       0x70 cmd/built-in.o
 .text.load_elf_image_shdr
                0x000000004a002a28       0x4a cmd/built-in.o
 *fill*         0x000000004a002a72        0x2 
 .text.valid_elf_image
                0x000000004a002a74       0x30 cmd/built-in.o
                0x000000004a002a74                valid_elf_image
 .text.do_bootelf
                0x000000004a002aa4      0x114 cmd/built-in.o
                0x000000004a002aa4                do_bootelf
 .text.do_bootvx
                0x000000004a002bb8      0x23c cmd/built-in.o
                0x000000004a002bb8                do_bootvx
 .text.do_exit  0x000000004a002df4       0x1e cmd/built-in.o
 .text.do_ext4_size
                0x000000004a002e12        0xe cmd/built-in.o
                0x000000004a002e12                do_ext4_size
 .text.do_ext4_load
                0x000000004a002e20        0xe cmd/built-in.o
                0x000000004a002e20                do_ext4_load
 .text.do_ext4_ls
                0x000000004a002e2e        0xe cmd/built-in.o
                0x000000004a002e2e                do_ext4_ls
 .text.do_ext2load
                0x000000004a002e3c        0xe cmd/built-in.o
                0x000000004a002e3c                do_ext2load
 .text.do_ext2ls
                0x000000004a002e4a        0xe cmd/built-in.o
 .text.do_fat_size
                0x000000004a002e58        0xe cmd/built-in.o
                0x000000004a002e58                do_fat_size
 .text.do_fat_fsload
                0x000000004a002e66        0xe cmd/built-in.o
                0x000000004a002e66                do_fat_fsload
 .text.do_fat_ls
                0x000000004a002e74        0xe cmd/built-in.o
 *fill*         0x000000004a002e82        0x2 
 .text.do_fat_fsinfo
                0x000000004a002e84       0x58 cmd/built-in.o
 .text.do_fat_fswrite
                0x000000004a002edc       0xc0 cmd/built-in.o
 .text.fdt_valid
                0x000000004a002f9c       0x74 cmd/built-in.o
 .text.is_printable_string
                0x000000004a003010       0x48 cmd/built-in.o
 .text.print_data
                0x000000004a003058      0x104 cmd/built-in.o
 .text.set_working_fdt_addr
                0x000000004a00315c       0x14 cmd/built-in.o
                0x000000004a00315c                set_working_fdt_addr
 .text.do_fdt   0x000000004a003170      0xa58 cmd/built-in.o
 .text.do_size_wrapper
                0x000000004a003bc8        0xe cmd/built-in.o
 *fill*         0x000000004a003bd6        0x2 
 .text.do_load_wrapper
                0x000000004a003bd8       0x40 cmd/built-in.o
 .text.do_save_wrapper
                0x000000004a003c18        0xe cmd/built-in.o
 .text.do_ls_wrapper
                0x000000004a003c26        0xe cmd/built-in.o
 .text.do_fstype_wrapper
                0x000000004a003c34        0x4 cmd/built-in.o
 .text.gpio_get_description
                0x000000004a003c38       0x78 cmd/built-in.o
 .text.do_gpio  0x000000004a003cb0      0x210 cmd/built-in.o
 .text.do_i2c   0x000000004a003ec0       0x3c cmd/built-in.o
 .text.show_bus
                0x000000004a003efc       0x60 cmd/built-in.o
 .text.i2c_get_cur_bus
                0x000000004a003f5c       0x4c cmd/built-in.o
 .text.i2c_get_cur_bus_chip
                0x000000004a003fa8       0x1e cmd/built-in.o
 *fill*         0x000000004a003fc6        0x2 
 .text.do_edid  0x000000004a003fc8       0x68 cmd/built-in.o
                0x000000004a003fc8                do_edid
 .text.do_i2c_olen
                0x000000004a004030       0x74 cmd/built-in.o
 .text.do_i2c_flags
                0x000000004a0040a4       0x78 cmd/built-in.o
 .text.do_i2c_bus_speed
                0x000000004a00411c       0x64 cmd/built-in.o
 .text.do_i2c_reset
                0x000000004a004180       0x24 cmd/built-in.o
 .text.do_i2c_probe
                0x000000004a0041a4       0x70 cmd/built-in.o
 .text.do_i2c_show_bus
                0x000000004a004214       0x6c cmd/built-in.o
 .text.get_alen.constprop.5
                0x000000004a004280       0x1e cmd/built-in.o
 *fill*         0x000000004a00429e        0x2 
 .text.do_i2c_crc
                0x000000004a0042a0       0xd8 cmd/built-in.o
 .text.mod_i2c_mem.isra.2
                0x000000004a004378      0x164 cmd/built-in.o
 .text.do_i2c_nm
                0x000000004a0044dc        0x6 cmd/built-in.o
 .text.do_i2c_mm
                0x000000004a0044e2        0x6 cmd/built-in.o
 .text.do_i2c_md
                0x000000004a0044e8      0x154 cmd/built-in.o
 .text.do_i2c_mw
                0x000000004a00463c       0xbc cmd/built-in.o
 .text.do_i2c_write
                0x000000004a0046f8      0x100 cmd/built-in.o
 .text.do_i2c_read
                0x000000004a0047f8       0x90 cmd/built-in.o
 .text.do_i2c_loop
                0x000000004a004888       0xb8 cmd/built-in.o
 .text.do_i2c_bus_num
                0x000000004a004940       0x70 cmd/built-in.o
 .text.evalexp  0x000000004a0049b0       0x48 cmd/built-in.o
 .text.evalstr  0x000000004a0049f8       0x3c cmd/built-in.o
 .text.binary_test
                0x000000004a004a34      0x128 cmd/built-in.o
 .text.do_itest
                0x000000004a004b5c       0x4c cmd/built-in.o
 .text.bin_data_init
                0x000000004a004ba8       0x1c cmd/built-in.o
 .text.k_data_save
                0x000000004a004bc4       0x34 cmd/built-in.o
 .text.k_data_restore
                0x000000004a004bf8       0x34 cmd/built-in.o
 .text.getcxmodem
                0x000000004a004c2c       0x16 cmd/built-in.o
 *fill*         0x000000004a004c42        0x2 
 .text.load_serial_ymodem
                0x000000004a004c44       0x8c cmd/built-in.o
 .text.bin_data_char
                0x000000004a004cd0       0x1c cmd/built-in.o
 .text.chk1.constprop.1
                0x000000004a004cec       0x20 cmd/built-in.o
 .text.s1_sendpacket.constprop.2
                0x000000004a004d0c       0x34 cmd/built-in.o
 .text.load_serial
                0x000000004a004d40      0x134 cmd/built-in.o
 .text.do_load_serial
                0x000000004a004e74       0x90 cmd/built-in.o
 .text.do_load_serial_bin
                0x000000004a004f04      0x534 cmd/built-in.o
 .text.do_mem_mw
                0x000000004a005438       0x80 cmd/built-in.o
 .text.do_mem_loop
                0x000000004a0054b8       0x82 cmd/built-in.o
 *fill*         0x000000004a00553a        0x2 
 .text.do_mem_md
                0x000000004a00553c       0xa0 cmd/built-in.o
 .text.do_mem_cmp
                0x000000004a0055dc       0xf0 cmd/built-in.o
 .text.do_mem_base
                0x000000004a0056cc       0x28 cmd/built-in.o
 .text.do_mem_cp
                0x000000004a0056f4       0x74 cmd/built-in.o
 .text.do_mem_crc
                0x000000004a005768       0x2c cmd/built-in.o
 .text.do_mem_mtest
                0x000000004a005794      0x164 cmd/built-in.o
 .text.mod_mem.isra.0
                0x000000004a0058f8       0xe4 cmd/built-in.o
 .text.do_mem_mm
                0x000000004a0059dc        0x6 cmd/built-in.o
 .text.do_mem_nm
                0x000000004a0059e2        0x6 cmd/built-in.o
 .text.board_show_dram
                0x000000004a0059e8       0x20 cmd/built-in.o
                0x000000004a0059e8                board_show_dram
 .text.do_mem_info
                0x000000004a005a08        0xe cmd/built-in.o
 .text.extract_range
                0x000000004a005a16       0x30 cmd/built-in.o
 *fill*         0x000000004a005a46        0x2 
 .text.do_mii   0x000000004a005a48      0x60c cmd/built-in.o
 .text.do_sleep
                0x000000004a006054       0x84 cmd/built-in.o
 .text.do_mmcops
                0x000000004a0060d8       0x7c cmd/built-in.o
 .text.init_mmc_device
                0x000000004a006154       0x34 cmd/built-in.o
 .text.do_mmc_rescan
                0x000000004a006188       0x18 cmd/built-in.o
 .text.do_mmc_hwpartition
                0x000000004a0061a0      0x38c cmd/built-in.o
 .text.do_mmc_list
                0x000000004a00652c        0xc cmd/built-in.o
 .text.do_mmc_dev
                0x000000004a006538       0xcc cmd/built-in.o
 .text.do_mmc_read
                0x000000004a006604       0x98 cmd/built-in.o
 .text.do_mmc_part
                0x000000004a00669c       0x38 cmd/built-in.o
 .text.do_mmc_erase
                0x000000004a0066d4       0xa0 cmd/built-in.o
 .text.do_mmc_write
                0x000000004a006774       0xb0 cmd/built-in.o
 .text.do_mmcinfo
                0x000000004a006824      0x298 cmd/built-in.o
 .text.do_mmc_setdsr
                0x000000004a006abc       0x74 cmd/built-in.o
 .text.netboot_common
                0x000000004a006b30      0x1a8 cmd/built-in.o
 .text.do_bootp
                0x000000004a006cd8        0x8 cmd/built-in.o
 .text.do_dhcp  0x000000004a006ce0        0x8 cmd/built-in.o
 .text.do_nfs   0x000000004a006ce8        0x8 cmd/built-in.o
 .text.do_tftpb
                0x000000004a006cf0       0x26 cmd/built-in.o
                0x000000004a006cf0                do_tftpb
 *fill*         0x000000004a006d16        0x2 
 .text.do_ping  0x000000004a006d18       0x48 cmd/built-in.o
 .text.do_part_list
                0x000000004a006d60       0xe8 cmd/built-in.o
 .text.do_part_start
                0x000000004a006e48       0x84 cmd/built-in.o
 .text.do_part_size
                0x000000004a006ecc       0x84 cmd/built-in.o
 .text.do_part  0x000000004a006f50       0xb0 cmd/built-in.o
 .text.eol_or_eof
                0x000000004a007000       0x12 cmd/built-in.o
 *fill*         0x000000004a007012        0x2 
 .text.do_pxe   0x000000004a007014       0x48 cmd/built-in.o
 .text.label_print
                0x000000004a00705c       0x14 cmd/built-in.o
 .text.do_get_tftp
                0x000000004a007070       0x2c cmd/built-in.o
 .text.from_env
                0x000000004a00709c       0x1c cmd/built-in.o
 .text.get_string
                0x000000004a0070b8       0x84 cmd/built-in.o
 .text.label_destroy
                0x000000004a00713c       0x3e cmd/built-in.o
 .text.destroy_pxe_menu
                0x000000004a00717a       0x36 cmd/built-in.o
 .text.get_token
                0x000000004a0071b0       0xa4 cmd/built-in.o
 .text.parse_sliteral
                0x000000004a007254       0x34 cmd/built-in.o
 .text.parse_integer
                0x000000004a007288       0x44 cmd/built-in.o
 .text.do_get_any
                0x000000004a0072cc       0x2c cmd/built-in.o
 .text.do_get_fat
                0x000000004a0072f8       0x28 cmd/built-in.o
 .text.do_get_ext2
                0x000000004a007320       0x28 cmd/built-in.o
 .text.format_mac_pxe.constprop.6
                0x000000004a007348       0x54 cmd/built-in.o
 .text.get_relfile
                0x000000004a00739c       0xcc cmd/built-in.o
 .text.get_pxe_file
                0x000000004a007468       0x3c cmd/built-in.o
 .text.handle_include
                0x000000004a0074a4       0x64 cmd/built-in.o
 .text.parse_pxefile_top
                0x000000004a007508      0x308 cmd/built-in.o
 .text.parse_pxefile
                0x000000004a007810       0x40 cmd/built-in.o
 .text.get_pxelinux_path
                0x000000004a007850       0x50 cmd/built-in.o
 .text.do_pxe_get
                0x000000004a0078a0       0xe4 cmd/built-in.o
 .text.get_relfile_envaddr
                0x000000004a007984       0x34 cmd/built-in.o
 .text.label_boot
                0x000000004a0079b8      0x3cc cmd/built-in.o
 .text.handle_pxe_menu
                0x000000004a007d84       0xd8 cmd/built-in.o
 .text.do_pxe_boot
                0x000000004a007e5c       0x94 cmd/built-in.o
 .text.do_sysboot
                0x000000004a007ef0      0x13c cmd/built-in.o
 .text.substitute
                0x000000004a00802c       0x90 cmd/built-in.o
 .text.get_arg  0x000000004a0080bc       0x32 cmd/built-in.o
 *fill*         0x000000004a0080ee        0x2 
 .text.regex_sub
                0x000000004a0080f0      0x208 cmd/built-in.o
 .text.do_setexpr
                0x000000004a0082f8       0xe8 cmd/built-in.o
 .text.do_false
                0x000000004a0083e0        0x4 cmd/built-in.o
 .text.do_true  0x000000004a0083e4        0x4 cmd/built-in.o
 .text.do_test  0x000000004a0083e8      0x208 cmd/built-in.o
 .text.usb_get_class_desc
                0x000000004a0085f0       0x74 cmd/built-in.o
 .text.usb_display_class_sub
                0x000000004a008664       0xf4 cmd/built-in.o
 .text.usb_display_desc
                0x000000004a008758       0xf0 cmd/built-in.o
 .text.usb_show_tree_graph
                0x000000004a008848      0x144 cmd/built-in.o
 .text.usb_show_subtree
                0x000000004a00898c       0x1c cmd/built-in.o
 .text.usb_for_each_root_dev
                0x000000004a0089a8       0x38 cmd/built-in.o
 .text.usb_display_string
                0x000000004a0089e0       0x2c cmd/built-in.o
 .text.usb_display_config
                0x000000004a008a0c      0x1a8 cmd/built-in.o
 .text.usb_show_info
                0x000000004a008bb4       0x36 cmd/built-in.o
 .text.usb_find_device
                0x000000004a008bea       0x64 cmd/built-in.o
 *fill*         0x000000004a008c4e        0x2 
 .text.do_usbboot
                0x000000004a008c50        0xc cmd/built-in.o
 .text.do_usb_start
                0x000000004a008c5c       0x20 cmd/built-in.o
 .text.usb_show_tree
                0x000000004a008c7c        0xc cmd/built-in.o
                0x000000004a008c7c                usb_show_tree
 .text.do_usb   0x000000004a008c88      0x2a8 cmd/built-in.o
 .text.common_diskboot
                0x000000004a008f30      0x180 cmd/built-in.o
                0x000000004a008f30                common_diskboot
 .text.do_imgextract
                0x000000004a0090b0      0x1bc cmd/built-in.o
 .text.extract_val
                0x000000004a00926c       0x58 cmd/built-in.o
 .text.extract_env
                0x000000004a0092c4       0xa0 cmd/built-in.o
 .text.set_gpt_info.isra.1.constprop.2
                0x000000004a009364      0x328 cmd/built-in.o
 .text.do_gpt   0x000000004a00968c      0x218 cmd/built-in.o
 .text.do_env_delete
                0x000000004a0098a4       0x60 cmd/built-in.o
 .text.do_env_exists
                0x000000004a009904       0x40 cmd/built-in.o
 .text.do_env_save
                0x000000004a009944       0x20 cmd/built-in.o
 .text.do_env   0x000000004a009964       0x3c cmd/built-in.o
 .text.env_print
                0x000000004a0099a0       0x74 cmd/built-in.o
 .text.do_env_print
                0x000000004a009a14       0x74 cmd/built-in.o
 .text.do_env_import
                0x000000004a009a88      0x17c cmd/built-in.o
 .text.do_env_default
                0x000000004a009c04       0x54 cmd/built-in.o
 .text._do_env_set.isra.0
                0x000000004a009c58      0x12c cmd/built-in.o
 .text.do_env_set
                0x000000004a009d84       0x14 cmd/built-in.o
 .text.get_env_id
                0x000000004a009d98        0xc cmd/built-in.o
                0x000000004a009d98                get_env_id
 .text.env_set  0x000000004a009da4       0x3c cmd/built-in.o
                0x000000004a009da4                env_set
 .text.env_set_ulong
                0x000000004a009de0       0x16 cmd/built-in.o
                0x000000004a009de0                env_set_ulong
 *fill*         0x000000004a009df6        0x2 
 .text.env_set_hex
                0x000000004a009df8       0x20 cmd/built-in.o
                0x000000004a009df8                env_set_hex
 .text.do_env_export
                0x000000004a009e18      0x14c cmd/built-in.o
 .text.envmatch
                0x000000004a009f64       0x3c cmd/built-in.o
                0x000000004a009f64                envmatch
 .text.env_get_f
                0x000000004a009fa0       0x84 cmd/built-in.o
                0x000000004a009fa0                env_get_f
 .text.env_get  0x000000004a00a024       0x50 cmd/built-in.o
                0x000000004a00a024                env_get
 .text.env_get_hex
                0x000000004a00a074       0x22 cmd/built-in.o
                0x000000004a00a074                env_get_hex
 .text.env_get_ulong
                0x000000004a00a096       0x1c cmd/built-in.o
                0x000000004a00a096                env_get_ulong
 *fill*         0x000000004a00a0b2        0x2 
 .text.do_env_edit.part.2
                0x000000004a00a0b4       0x70 cmd/built-in.o
 .text.do_env_edit
                0x000000004a00a124       0x1c cmd/built-in.o
 .text.board_init_f_alloc_reserve
                0x000000004a00a140        0xa common/built-in.o
                0x000000004a00a140                board_init_f_alloc_reserve
 .text.board_init_f_init_reserve
                0x000000004a00a14a       0x14 common/built-in.o
                0x000000004a00a14a                board_init_f_init_reserve
 .text.show_boot_progress
                0x000000004a00a15e        0x4 common/built-in.o
                0x000000004a00a15e                show_boot_progress
 *fill*         0x000000004a00a162        0x2 
 .text.main_loop
                0x000000004a00a164       0x50 common/built-in.o
                0x000000004a00a164                main_loop
 .text.mdelay   0x000000004a00a1b4       0x14 common/built-in.o
 .text.dummy    0x000000004a00a1c8        0x2 common/built-in.o
 .text.get_version
                0x000000004a00a1ca        0x4 common/built-in.o
                0x000000004a00a1ca                get_version
 *fill*         0x000000004a00a1ce        0x2 
 .text.jumptable_init
                0x000000004a00a1d0      0x168 common/built-in.o
                0x000000004a00a1d0                jumptable_init
 .text.hash_command
                0x000000004a00a338       0x70 common/built-in.o
                0x000000004a00a338                hash_command
 .text.b_reset  0x000000004a00a3a8        0xe common/built-in.o
 .text.static_get
                0x000000004a00a3b6       0x12 common/built-in.o
 .text.file_peek
                0x000000004a00a3c8        0x6 common/built-in.o
 *fill*         0x000000004a00a3ce        0x2 
 .text.mapset   0x000000004a00a3d0       0x14 common/built-in.o
 .text.syntax_err
                0x000000004a00a3e4        0xc common/built-in.o
 .text.free_pipe_list
                0x000000004a00a3f0       0x96 common/built-in.o
 *fill*         0x000000004a00a486        0x2 
 .text.xmalloc  0x000000004a00a488       0x18 common/built-in.o
 .text.new_pipe
                0x000000004a00a4a0       0x16 common/built-in.o
 *fill*         0x000000004a00a4b6        0x2 
 .text.xrealloc
                0x000000004a00a4b8       0x18 common/built-in.o
 .text.done_command
                0x000000004a00a4d0       0x42 common/built-in.o
 .text.done_pipe
                0x000000004a00a512       0x2a common/built-in.o
 .text.done_word
                0x000000004a00a53c      0x1cc common/built-in.o
 .text.do_showvar
                0x000000004a00a708       0x9c common/built-in.o
 .text.is_assignment
                0x000000004a00a7a4       0x2c common/built-in.o
 .text.file_get
                0x000000004a00a7d0      0x144 common/built-in.o
 .text.b_addchr
                0x000000004a00a914       0x42 common/built-in.o
 *fill*         0x000000004a00a956        0x2 
 .text.b_addqchr
                0x000000004a00a958       0x30 common/built-in.o
 .text.static_peek
                0x000000004a00a988        0x6 common/built-in.o
 *fill*         0x000000004a00a98e        0x2 
 .text.get_local_var
                0x000000004a00a990       0x58 common/built-in.o
                0x000000004a00a990                get_local_var
 .text.set_local_var
                0x000000004a00a9e8      0x10c common/built-in.o
                0x000000004a00a9e8                set_local_var
 .text.insert_var_value_sub
                0x000000004a00aaf4      0x1c0 common/built-in.o
 .text.parse_string_outer
                0x000000004a00acb4       0x94 common/built-in.o
                0x000000004a00acb4                parse_string_outer
 .text.run_list_real
                0x000000004a00ad48      0x4d8 common/built-in.o
 .text.parse_stream_outer
                0x000000004a00b220      0x43c common/built-in.o
 .text.parse_file_outer
                0x000000004a00b65c       0x2c common/built-in.o
                0x000000004a00b65c                parse_file_outer
 .text.u_boot_hush_start
                0x000000004a00b688       0x30 common/built-in.o
                0x000000004a00b688                u_boot_hush_start
 .text.bootdelay_process
                0x000000004a00b6b8       0x84 common/built-in.o
                0x000000004a00b6b8                bootdelay_process
 .text.autoboot_command
                0x000000004a00b73c       0xa0 common/built-in.o
                0x000000004a00b73c                autoboot_command
 .text.setup_mon_len
                0x000000004a00b7dc       0x18 common/built-in.o
 .text.reserve_round_4k
                0x000000004a00b7f4       0x14 common/built-in.o
 .text.reserve_mmu
                0x000000004a00b808       0x2e common/built-in.o
                0x000000004a00b808                reserve_mmu
 .text.reserve_uboot
                0x000000004a00b836       0x2a common/built-in.o
 .text.reserve_malloc
                0x000000004a00b860       0x14 common/built-in.o
 .text.reserve_global_data
                0x000000004a00b874       0x16 common/built-in.o
 .text.reserve_fdt
                0x000000004a00b88a       0x3a common/built-in.o
 .text.initf_console_record
                0x000000004a00b8c4        0x4 common/built-in.o
 .text.arch_cpu_init_dm
                0x000000004a00b8c8        0x4 common/built-in.o
                0x000000004a00b8c8                arch_cpu_init_dm
 .text.dram_init_banksize
                0x000000004a00b8cc       0x1a common/built-in.o
                0x000000004a00b8cc                dram_init_banksize
 .text.setup_reloc
                0x000000004a00b8e6       0x26 common/built-in.o
 .text.reloc_fdt
                0x000000004a00b90c       0x2c common/built-in.o
 .text.reserve_board
                0x000000004a00b938       0x28 common/built-in.o
 .text.announce_dram_init
                0x000000004a00b960       0x10 common/built-in.o
 .text.init_baud_rate
                0x000000004a00b970       0x1c common/built-in.o
 .text.initf_dm
                0x000000004a00b98c        0x6 common/built-in.o
 .text.initf_bootstage
                0x000000004a00b992        0xc common/built-in.o
 .text.reserve_arch
                0x000000004a00b99e        0x4 common/built-in.o
                0x000000004a00b99e                reserve_arch
 .text.display_text_info
                0x000000004a00b9a2        0x4 common/built-in.o
 .text.arch_cpu_init
                0x000000004a00b9a6        0x4 common/built-in.o
                0x000000004a00b9a6                arch_cpu_init
 .text.mach_cpu_init
                0x000000004a00b9aa        0x4 common/built-in.o
                0x000000004a00b9aa                mach_cpu_init
 .text.reserve_video
                0x000000004a00b9ae        0x4 common/built-in.o
 .text.reserve_trace
                0x000000004a00b9b2        0x4 common/built-in.o
 .text.setup_machine
                0x000000004a00b9b6        0x4 common/built-in.o
 .text.reserve_bootstage
                0x000000004a00b9ba        0x4 common/built-in.o
 .text.display_new_sp
                0x000000004a00b9be        0x4 common/built-in.o
 .text.reloc_bootstage
                0x000000004a00b9c2        0x4 common/built-in.o
 .text.coloured_LED_init
                0x000000004a00b9c6        0x2 common/built-in.o
                0x000000004a00b9c6                coloured_LED_init
 .text.red_led_on
                0x000000004a00b9c8        0x2 common/built-in.o
                0x000000004a00b9c8                red_led_on
 .text.board_add_ram_info
                0x000000004a00b9ca        0x2 common/built-in.o
                0x000000004a00b9ca                board_add_ram_info
 .text.show_dram_config
                0x000000004a00b9cc       0x28 common/built-in.o
 .text.board_get_usable_ram_top
                0x000000004a00b9f4       0x12 common/built-in.o
                0x000000004a00b9f4                board_get_usable_ram_top
 .text.setup_dest_addr
                0x000000004a00ba06       0x30 common/built-in.o
 .text.reserve_stacks
                0x000000004a00ba36       0x1a common/built-in.o
 .text.board_init_f
                0x000000004a00ba50       0x20 common/built-in.o
                0x000000004a00ba50                board_init_f
 .text.bootstage_relocate
                0x000000004a00ba70        0x4 common/built-in.o
 .text.initr_reloc
                0x000000004a00ba74       0x14 common/built-in.o
 .text.power_init_board
                0x000000004a00ba88        0x4 common/built-in.o
                0x000000004a00ba88                power_init_board
 .text.dram_set_clk
                0x000000004a00ba8c        0x4 common/built-in.o
 .text.init_env_boot_mmc
                0x000000004a00ba90       0x6c common/built-in.o
 .text.turn_off_tft_bl
                0x000000004a00bafc       0x2c common/built-in.o
 .text.run_main_loop
                0x000000004a00bb28        0x8 common/built-in.o
 .text.initr_net
                0x000000004a00bb30       0x14 common/built-in.o
 .text.initr_ethaddr
                0x000000004a00bb44       0x18 common/built-in.o
 .text.initr_enable_interrupts
                0x000000004a00bb5c        0xa common/built-in.o
 .text.initr_jumptable
                0x000000004a00bb66        0xa common/built-in.o
 .text.initr_env
                0x000000004a00bb70       0x48 common/built-in.o
 .text.initr_mmc
                0x000000004a00bbb8       0x18 common/built-in.o
 .text.initr_serial
                0x000000004a00bbd0        0xa common/built-in.o
 .text.initr_dm
                0x000000004a00bbda       0x12 common/built-in.o
 .text.initr_bootstage
                0x000000004a00bbec        0xc common/built-in.o
 .text.initr_malloc
                0x000000004a00bbf8       0x1c common/built-in.o
 .text.initr_reloc_global_data
                0x000000004a00bc14       0x28 common/built-in.o
 .text.initr_caches
                0x000000004a00bc3c        0xa common/built-in.o
 .text.initr_announce
                0x000000004a00bc46        0x4 common/built-in.o
 .text.initr_trace
                0x000000004a00bc4a        0x4 common/built-in.o
 .text.initr_barrier
                0x000000004a00bc4e        0x4 common/built-in.o
 .text.initr_console_record
                0x000000004a00bc52        0x4 common/built-in.o
 .text.cpu_secondary_init_r
                0x000000004a00bc56        0x2 common/built-in.o
                0x000000004a00bc56                cpu_secondary_init_r
 .text.initr_secondary_cpu
                0x000000004a00bc58        0xa common/built-in.o
 *fill*         0x000000004a00bc62        0x2 
 .text.nanopi_read_gpio
                0x000000004a00bc64       0x78 common/built-in.o
                0x000000004a00bc64                nanopi_read_gpio
 .text.nanopi_read_extra_gpio
                0x000000004a00bcdc       0xa4 common/built-in.o
                0x000000004a00bcdc                nanopi_read_extra_gpio
 .text.nanopi_get_board
                0x000000004a00bd80      0x1cc common/built-in.o
                0x000000004a00bd80                nanopi_get_board
 .text.setup_env_boardtype
                0x000000004a00bf4c       0x50 common/built-in.o
 .text.board_init_r
                0x000000004a00bf9c       0x10 common/built-in.o
                0x000000004a00bf9c                board_init_r
 .text.checkboard
                0x000000004a00bfac        0x4 common/built-in.o
                0x000000004a00bfac                checkboard
 .text.show_board_info
                0x000000004a00bfb0       0x2c common/built-in.o
                0x000000004a00bfb0                show_board_info
 .text.bootm_find_images
                0x000000004a00bfdc       0x6c common/built-in.o
                0x000000004a00bfdc                bootm_find_images
 .text.bootm_decomp_image
                0x000000004a00c048       0xe8 common/built-in.o
                0x000000004a00c048                bootm_decomp_image
 .text.bootm_disable_interrupts
                0x000000004a00c130       0x10 common/built-in.o
                0x000000004a00c130                bootm_disable_interrupts
 .text.do_bootm_states
                0x000000004a00c140      0x4e8 common/built-in.o
                0x000000004a00c140                do_bootm_states
 .text.copy_args
                0x000000004a00c628       0x36 common/built-in.o
 *fill*         0x000000004a00c65e        0x2 
 .text.do_bootm_rtems
                0x000000004a00c660       0x2c common/built-in.o
 .text.do_bootm_plan9
                0x000000004a00c68c       0x68 common/built-in.o
 .text.do_bootm_standalone
                0x000000004a00c6f4       0x3c common/built-in.o
 .text.do_bootm_qnxelf
                0x000000004a00c730       0x4c common/built-in.o
 .text.do_bootm_netbsd
                0x000000004a00c77c       0xa4 common/built-in.o
 .text.do_bootvx_fdt
                0x000000004a00c820       0xc0 common/built-in.o
                0x000000004a00c820                do_bootvx_fdt
 .text.do_bootm_vxworks
                0x000000004a00c8e0       0x16 common/built-in.o
 .text.arch_preboot_os
                0x000000004a00c8f6        0x2 common/built-in.o
                0x000000004a00c8f6                arch_preboot_os
 .text.boot_selected_os
                0x000000004a00c8f8       0x3a common/built-in.o
                0x000000004a00c8f8                boot_selected_os
 *fill*         0x000000004a00c932        0x2 
 .text.bootm_os_get_boot_func
                0x000000004a00c934        0xc common/built-in.o
                0x000000004a00c934                bootm_os_get_boot_func
 .text.of_bus_default_map
                0x000000004a00c940       0xa6 common/built-in.o
 *fill*         0x000000004a00c9e6        0x2 
 .text.fdt_support_default_count_cells
                0x000000004a00c9e8       0x34 common/built-in.o
                0x000000004a00c9e8                fdt_support_default_count_cells
 .text.of_bus_default_translate
                0x000000004a00ca1c       0x7c common/built-in.o
 .text.fdt_find_and_setprop
                0x000000004a00ca98       0x48 common/built-in.o
                0x000000004a00ca98                fdt_find_and_setprop
 .text.fdt_find_or_add_subnode
                0x000000004a00cae0       0x40 common/built-in.o
                0x000000004a00cae0                fdt_find_or_add_subnode
 .text.fdt_root
                0x000000004a00cb20       0x60 common/built-in.o
                0x000000004a00cb20                fdt_root
 .text.fdt_initrd
                0x000000004a00cb80      0x12c common/built-in.o
                0x000000004a00cb80                fdt_initrd
 .text.fdt_chosen
                0x000000004a00ccac       0x90 common/built-in.o
                0x000000004a00ccac                fdt_chosen
 .text.do_fixup_by_path
                0x000000004a00cd3c       0x34 common/built-in.o
                0x000000004a00cd3c                do_fixup_by_path
 .text.fdt_fixup_memory_banks
                0x000000004a00cd70      0x124 common/built-in.o
                0x000000004a00cd70                fdt_fixup_memory_banks
 .text.fdt_fixup_memory
                0x000000004a00ce94       0x16 common/built-in.o
                0x000000004a00ce94                fdt_fixup_memory
 *fill*         0x000000004a00ceaa        0x2 
 .text.fdt_fixup_ethernet
                0x000000004a00ceac      0x100 common/built-in.o
                0x000000004a00ceac                fdt_fixup_ethernet
 .text.fdt_shrink_to_minimum
                0x000000004a00cfac       0x8a common/built-in.o
                0x000000004a00cfac                fdt_shrink_to_minimum
 *fill*         0x000000004a00d036        0x2 
 .text.fdt_translate_address
                0x000000004a00d038      0x190 common/built-in.o
                0x000000004a00d038                fdt_translate_address
 .text.miiphy_get_dev_by_name
                0x000000004a00d1c8       0x38 common/built-in.o
                0x000000004a00d1c8                miiphy_get_dev_by_name
 .text.miiphy_init
                0x000000004a00d200       0x18 common/built-in.o
                0x000000004a00d200                miiphy_init
 .text.miiphy_set_current_dev
                0x000000004a00d218       0x28 common/built-in.o
                0x000000004a00d218                miiphy_set_current_dev
 .text.miiphy_get_active_dev
                0x000000004a00d240       0x30 common/built-in.o
 .text.miiphy_get_current_dev
                0x000000004a00d270       0x10 common/built-in.o
                0x000000004a00d270                miiphy_get_current_dev
 .text.miiphy_read
                0x000000004a00d280       0x28 common/built-in.o
                0x000000004a00d280                miiphy_read
 .text.miiphy_write
                0x000000004a00d2a8       0x24 common/built-in.o
                0x000000004a00d2a8                miiphy_write
 .text.miiphy_listdev
                0x000000004a00d2cc       0x54 common/built-in.o
                0x000000004a00d2cc                miiphy_listdev
 .text.miiphy_info
                0x000000004a00d320       0x5c common/built-in.o
                0x000000004a00d320                miiphy_info
 .text.miiphy_speed
                0x000000004a00d37c       0x84 common/built-in.o
                0x000000004a00d37c                miiphy_speed
 .text.miiphy_duplex
                0x000000004a00d400       0x80 common/built-in.o
                0x000000004a00d400                miiphy_duplex
 .text.miiphy_is_1000base_x
                0x000000004a00d480        0x4 common/built-in.o
                0x000000004a00d480                miiphy_is_1000base_x
 .text.usb_set_maxpacket_ep
                0x000000004a00d484       0x54 common/built-in.o
 .text.usb_control_msg
                0x000000004a00d4d8       0x70 common/built-in.o
                0x000000004a00d4d8                usb_control_msg
 .text.usb_get_descriptor
                0x000000004a00d548       0x36 common/built-in.o
 *fill*         0x000000004a00d57e        0x2 
 .text.get_descriptor_len
                0x000000004a00d580       0x60 common/built-in.o
 .text.usb_setup_descriptor
                0x000000004a00d5e0       0x84 common/built-in.o
 .text.usb_get_string
                0x000000004a00d664       0x4e common/built-in.o
 *fill*         0x000000004a00d6b2        0x2 
 .text.usb_string_sub
                0x000000004a00d6b4       0x94 common/built-in.o
 .text.usb_bulk_msg
                0x000000004a00d748       0x48 common/built-in.o
                0x000000004a00d748                usb_bulk_msg
 .text.usb_maxpacket
                0x000000004a00d790       0x1a common/built-in.o
                0x000000004a00d790                usb_maxpacket
 .text.usb_clear_halt
                0x000000004a00d7aa       0x5c common/built-in.o
                0x000000004a00d7aa                usb_clear_halt
 *fill*         0x000000004a00d806        0x2 
 .text.usb_get_configuration_len
                0x000000004a00d808       0x50 common/built-in.o
                0x000000004a00d808                usb_get_configuration_len
 .text.usb_get_configuration_no
                0x000000004a00d858       0x1c common/built-in.o
                0x000000004a00d858                usb_get_configuration_no
 .text.usb_set_interface
                0x000000004a00d874       0x78 common/built-in.o
                0x000000004a00d874                usb_set_interface
 .text.usb_set_protocol
                0x000000004a00d8ec       0x2e common/built-in.o
                0x000000004a00d8ec                usb_set_protocol
 .text.usb_set_idle
                0x000000004a00d91a       0x32 common/built-in.o
                0x000000004a00d91a                usb_set_idle
 .text.usb_string
                0x000000004a00d94c       0x9c common/built-in.o
                0x000000004a00d94c                usb_string
 .text.usb_select_config
                0x000000004a00d9e8      0x324 common/built-in.o
                0x000000004a00d9e8                usb_select_config
 .text.usb_setup_device
                0x000000004a00dd0c       0xa8 common/built-in.o
                0x000000004a00dd0c                usb_setup_device
 .text.usb_device_has_child_on_port
                0x000000004a00ddb4        0x4 common/built-in.o
                0x000000004a00ddb4                usb_device_has_child_on_port
 .text.usb_set_port_feature
                0x000000004a00ddb8       0x2e common/built-in.o
 .text.usb_clear_port_feature
                0x000000004a00dde6       0x2e common/built-in.o
 .text.usb_get_hub_descriptor
                0x000000004a00de14       0x46 common/built-in.o
 .text.usb_hub_reset_devices
                0x000000004a00de5a        0x2 common/built-in.o
                0x000000004a00de5a                usb_hub_reset_devices
 .text.usb_hub_is_root_hub
                0x000000004a00de5c       0x10 common/built-in.o
                0x000000004a00de5c                usb_hub_is_root_hub
 .text.usb_get_port_status
                0x000000004a00de6c       0x70 common/built-in.o
                0x000000004a00de6c                usb_get_port_status
 .text.usb_hub_port_connect_change
                0x000000004a00dedc      0x104 common/built-in.o
                0x000000004a00dedc                usb_hub_port_connect_change
 .text.usb_hub_configure
                0x000000004a00dfe0      0x3d8 common/built-in.o
 .text.usb_hub_scan
                0x000000004a00e3b8        0xe common/built-in.o
                0x000000004a00e3b8                usb_hub_scan
 .text.usb_hub_post_probe
                0x000000004a00e3c6        0x4 common/built-in.o
 .text.usb_stor_irq
                0x000000004a00e3ca       0x10 common/built-in.o
 .text.usb_stor_BBB_reset
                0x000000004a00e3da       0xac common/built-in.o
 .text.usb_stor_CB_reset
                0x000000004a00e486       0x96 common/built-in.o
 .text.usb_stor_BBB_clear_endpt_stall.isra.0
                0x000000004a00e51c       0x2c common/built-in.o
 .text.usb_stor_BBB_transport
                0x000000004a00e548      0x1b0 common/built-in.o
 .text.usb_stor_CB_comdat
                0x000000004a00e6f8      0x154 common/built-in.o
 .text.usb_stor_CBI_get_status.isra.2
                0x000000004a00e84c       0x84 common/built-in.o
 .text.usb_stor_CB_transport
                0x000000004a00e8d0      0x170 common/built-in.o
 .text.usb_request_sense.constprop.11
                0x000000004a00ea40       0x4c common/built-in.o
 .text.usb_stor_read
                0x000000004a00ea8c       0xfc common/built-in.o
 .text.usb_stor_write
                0x000000004a00eb88       0xfc common/built-in.o
 .text.usb_stor_info
                0x000000004a00ec84       0x4c common/built-in.o
                0x000000004a00ec84                usb_stor_info
 .text.usb_stor_reset
                0x000000004a00ecd0        0xc common/built-in.o
                0x000000004a00ecd0                usb_stor_reset
 .text.usb_stor_scan
                0x000000004a00ecdc       0x30 common/built-in.o
                0x000000004a00ecdc                usb_stor_scan
 .text.usb_storage_probe
                0x000000004a00ed0c      0x184 common/built-in.o
                0x000000004a00ed0c                usb_storage_probe
 .text.usb_stor_get_info
                0x000000004a00ee90      0x220 common/built-in.o
                0x000000004a00ee90                usb_stor_get_info
 .text.usb_mass_storage_probe
                0x000000004a00f0b0      0x134 common/built-in.o
 .text.iomux_doenv
                0x000000004a00f1e4      0x128 common/built-in.o
                0x000000004a00f1e4                iomux_doenv
 .text.snip     0x000000004a00f30c       0x3c common/built-in.o
 .text.edid_check_info
                0x000000004a00f348       0x30 common/built-in.o
                0x000000004a00f348                edid_check_info
 .text.edid_print_info
                0x000000004a00f378      0x488 common/built-in.o
                0x000000004a00f378                edid_print_info
 .text.menu_display_statusline
                0x000000004a00f800        0x2 common/built-in.o
                0x000000004a00f800                menu_display_statusline
 .text.menu_default_set
                0x000000004a00f802       0x52 common/built-in.o
                0x000000004a00f802                menu_default_set
 .text.menu_get_choice
                0x000000004a00f854      0x124 common/built-in.o
                0x000000004a00f854                menu_get_choice
 .text.menu_item_add
                0x000000004a00f978       0x86 common/built-in.o
                0x000000004a00f978                menu_item_add
 .text.menu_create
                0x000000004a00f9fe       0x54 common/built-in.o
                0x000000004a00f9fe                menu_create
 .text.menu_destroy
                0x000000004a00fa52       0x44 common/built-in.o
                0x000000004a00fa52                menu_destroy
 *fill*         0x000000004a00fa96        0x2 
 .text.usb_kbd_remove
                0x000000004a00fa98       0x74 common/built-in.o
 .text.usb_kbd_translate.part.0
                0x000000004a00fb0c       0xd8 common/built-in.o
 .text.usb_kbd_probe
                0x000000004a00fbe4      0x148 common/built-in.o
 .text.usb_kbd_irq_worker
                0x000000004a00fd2c      0x12c common/built-in.o
 .text.usb_kbd_getc
                0x000000004a00fe58       0x88 common/built-in.o
 .text.usb_kbd_testc
                0x000000004a00fee0       0x98 common/built-in.o
 .text.usb_kbd_irq
                0x000000004a00ff78       0x16 common/built-in.o
 *fill*         0x000000004a00ff8e        0x2 
 .text.delete_char.part.0
                0x000000004a00ff90       0x84 common/built-in.o
 .text.cread_add_char
                0x000000004a010014       0x80 common/built-in.o
 .text.cli_readline_into_buffer
                0x000000004a010094      0x66c common/built-in.o
                0x000000004a010094                cli_readline_into_buffer
 .text.cli_readline
                0x000000004a010700       0x10 common/built-in.o
                0x000000004a010700                cli_readline
 .text.cli_simple_process_macros
                0x000000004a010710      0x11c common/built-in.o
                0x000000004a010710                cli_simple_process_macros
 .text.console_tstc
                0x000000004a01082c       0x5c common/built-in.o
 .text.console_putc
                0x000000004a010888       0x38 common/built-in.o
 .text.console_puts
                0x000000004a0108c0       0x38 common/built-in.o
 .text.pre_console_putc
                0x000000004a0108f8       0x16 common/built-in.o
 *fill*         0x000000004a01090e        0x2 
 .text.on_console
                0x000000004a010910       0x74 common/built-in.o
 .text.serial_printf
                0x000000004a010984       0x32 common/built-in.o
                0x000000004a010984                serial_printf
 *fill*         0x000000004a0109b6        0x2 
 .text.console_getc.isra.0
                0x000000004a0109b8       0x18 common/built-in.o
 .text.putc     0x000000004a0109d0       0x30 common/built-in.o
                0x000000004a0109d0                putc
 .text.tstc     0x000000004a010a00       0x1a common/built-in.o
                0x000000004a010a00                tstc
 *fill*         0x000000004a010a1a        0x2 
 .text.getc     0x000000004a010a1c       0x34 common/built-in.o
                0x000000004a010a1c                getc
 .text.puts     0x000000004a010a50       0x48 common/built-in.o
                0x000000004a010a50                puts
 .text.print_pre_console_buffer
                0x000000004a010a98       0xb8 common/built-in.o
 .text.fputs    0x000000004a010b50        0xa common/built-in.o
                0x000000004a010b50                fputs
 *fill*         0x000000004a010b5a        0x2 
 .text.ctrlc    0x000000004a010b5c       0x38 common/built-in.o
                0x000000004a010b5c                ctrlc
 .text.disable_ctrlc
                0x000000004a010b94       0x10 common/built-in.o
                0x000000004a010b94                disable_ctrlc
 .text.had_ctrlc
                0x000000004a010ba4        0xc common/built-in.o
                0x000000004a010ba4                had_ctrlc
 .text.clear_ctrlc
                0x000000004a010bb0        0xc common/built-in.o
                0x000000004a010bb0                clear_ctrlc
 .text.search_device
                0x000000004a010bbc       0x16 common/built-in.o
                0x000000004a010bbc                search_device
 *fill*         0x000000004a010bd2        0x2 
 .text.console_assign
                0x000000004a010bd4       0x84 common/built-in.o
                0x000000004a010bd4                console_assign
 .text.console_init_f
                0x000000004a010c58       0x12 common/built-in.o
                0x000000004a010c58                console_init_f
 *fill*         0x000000004a010c6a        0x2 
 .text.stdio_print_current_devices
                0x000000004a010c6c       0x78 common/built-in.o
                0x000000004a010c6c                stdio_print_current_devices
 .text.console_init_r
                0x000000004a010ce4      0x124 common/built-in.o
                0x000000004a010ce4                console_init_r
 .text.sbrk     0x000000004a010e08       0x44 common/built-in.o
                0x000000004a010e08                sbrk
 .text.mem_malloc_init
                0x000000004a010e4c       0x1c common/built-in.o
                0x000000004a010e4c                mem_malloc_init
 .text.malloc_trim
                0x000000004a010e68       0x80 common/built-in.o
                0x000000004a010e68                malloc_trim
 .text.free     0x000000004a010ee8      0x16c common/built-in.o
                0x000000004a010ee8                free
 .text.malloc   0x000000004a011054      0x41c common/built-in.o
                0x000000004a011054                malloc
 .text.calloc   0x000000004a011470       0x96 common/built-in.o
                0x000000004a011470                calloc
 *fill*         0x000000004a011506        0x2 
 .text.realloc  0x000000004a011508      0x2e4 common/built-in.o
                0x000000004a011508                realloc
 .text.memalign
                0x000000004a0117ec      0x10c common/built-in.o
                0x000000004a0117ec                memalign
 .text.initf_malloc
                0x000000004a0118f8       0x14 common/built-in.o
                0x000000004a0118f8                initf_malloc
 .text.malloc_simple
                0x000000004a01190c       0x28 common/built-in.o
                0x000000004a01190c                malloc_simple
 .text.on_loadaddr
                0x000000004a011934       0x20 common/built-in.o
 .text.image_check_hcrc
                0x000000004a011954       0x2a common/built-in.o
                0x000000004a011954                image_check_hcrc
 .text.image_check_dcrc
                0x000000004a01197e       0x22 common/built-in.o
                0x000000004a01197e                image_check_dcrc
 .text.image_multi_count
                0x000000004a0119a0       0x12 common/built-in.o
                0x000000004a0119a0                image_multi_count
 .text.image_multi_getimg
                0x000000004a0119b2       0x4c common/built-in.o
                0x000000004a0119b2                image_multi_getimg
 *fill*         0x000000004a0119fe        0x2 
 .text.env_get_bootm_low
                0x000000004a011a00       0x20 common/built-in.o
                0x000000004a011a00                env_get_bootm_low
 .text.env_get_bootm_size
                0x000000004a011a20       0x44 common/built-in.o
                0x000000004a011a20                env_get_bootm_size
 .text.env_get_bootm_mapsize
                0x000000004a011a64       0x20 common/built-in.o
                0x000000004a011a64                env_get_bootm_mapsize
 .text.memmove_wd
                0x000000004a011a84        0xa common/built-in.o
                0x000000004a011a84                memmove_wd
 *fill*         0x000000004a011a8e        0x2 
 .text.genimg_print_size
                0x000000004a011a90       0x24 common/built-in.o
                0x000000004a011a90                genimg_print_size
 .text.get_table_entry
                0x000000004a011ab4       0x12 common/built-in.o
                0x000000004a011ab4                get_table_entry
 .text.get_table_entry_name
                0x000000004a011ac6       0x14 common/built-in.o
                0x000000004a011ac6                get_table_entry_name
 *fill*         0x000000004a011ada        0x2 
 .text.genimg_get_os_name
                0x000000004a011adc       0x14 common/built-in.o
                0x000000004a011adc                genimg_get_os_name
 .text.genimg_get_arch_name
                0x000000004a011af0       0x14 common/built-in.o
                0x000000004a011af0                genimg_get_arch_name
 .text.genimg_get_type_name
                0x000000004a011b04       0x14 common/built-in.o
                0x000000004a011b04                genimg_get_type_name
 .text.genimg_get_comp_name
                0x000000004a011b18       0x14 common/built-in.o
                0x000000004a011b18                genimg_get_comp_name
 .text.image_print_contents
                0x000000004a011b2c      0x10c common/built-in.o
                0x000000004a011b2c                image_print_contents
 .text.genimg_get_kernel_addr_fit
                0x000000004a011c38       0x14 common/built-in.o
                0x000000004a011c38                genimg_get_kernel_addr_fit
 .text.genimg_get_kernel_addr
                0x000000004a011c4c       0x18 common/built-in.o
                0x000000004a011c4c                genimg_get_kernel_addr
 .text.genimg_get_format
                0x000000004a011c64       0x20 common/built-in.o
                0x000000004a011c64                genimg_get_format
 .text.genimg_has_config
                0x000000004a011c84        0x4 common/built-in.o
                0x000000004a011c84                genimg_has_config
 .text.boot_get_ramdisk
                0x000000004a011c88      0x1a4 common/built-in.o
                0x000000004a011c88                boot_get_ramdisk
 .text.boot_ramdisk_high
                0x000000004a011e2c       0xcc common/built-in.o
                0x000000004a011e2c                boot_ramdisk_high
 .text.boot_get_setup
                0x000000004a011ef8        0x6 common/built-in.o
                0x000000004a011ef8                boot_get_setup
 .text.image_setup_linux
                0x000000004a011efe       0x3e common/built-in.o
                0x000000004a011efe                image_setup_linux
 .text.fdt_error
                0x000000004a011f3c       0x24 common/built-in.o
 .text.boot_fdt_add_mem_rsv_regions
                0x000000004a011f60       0x54 common/built-in.o
                0x000000004a011f60                boot_fdt_add_mem_rsv_regions
 .text.boot_relocate_fdt
                0x000000004a011fb4      0x10c common/built-in.o
                0x000000004a011fb4                boot_relocate_fdt
 .text.boot_get_fdt
                0x000000004a0120c0      0x1b0 common/built-in.o
                0x000000004a0120c0                boot_get_fdt
 .text.ft_verify_fdt
                0x000000004a012270        0x4 common/built-in.o
                0x000000004a012270                ft_verify_fdt
 .text.image_setup_libfdt
                0x000000004a012274       0xc8 common/built-in.o
                0x000000004a012274                image_setup_libfdt
 .text.get_ram_size
                0x000000004a01233c       0x90 common/built-in.o
                0x000000004a01233c                get_ram_size
 .text.get_effective_memsize
                0x000000004a0123cc        0x6 common/built-in.o
                0x000000004a0123cc                get_effective_memsize
 .text.nulldev_putc
                0x000000004a0123d2        0x2 common/built-in.o
 .text.nulldev_puts
                0x000000004a0123d4        0x2 common/built-in.o
 .text.nulldev_input
                0x000000004a0123d6        0x4 common/built-in.o
 .text.stdio_serial_tstc
                0x000000004a0123da        0x4 common/built-in.o
 .text.stdio_serial_getc
                0x000000004a0123de        0x4 common/built-in.o
 .text.stdio_serial_puts
                0x000000004a0123e2        0x6 common/built-in.o
 .text.stdio_serial_putc
                0x000000004a0123e8        0x6 common/built-in.o
 *fill*         0x000000004a0123ee        0x2 
 .text.stdio_get_list
                0x000000004a0123f0        0x8 common/built-in.o
                0x000000004a0123f0                stdio_get_list
 .text.stdio_get_by_name
                0x000000004a0123f8       0x30 common/built-in.o
                0x000000004a0123f8                stdio_get_by_name
 .text.stdio_clone
                0x000000004a012428       0x22 common/built-in.o
                0x000000004a012428                stdio_clone
 *fill*         0x000000004a01244a        0x2 
 .text.stdio_register_dev
                0x000000004a01244c       0x30 common/built-in.o
                0x000000004a01244c                stdio_register_dev
 .text.stdio_register
                0x000000004a01247c        0x6 common/built-in.o
                0x000000004a01247c                stdio_register
 *fill*         0x000000004a012482        0x2 
 .text.stdio_deregister_dev
                0x000000004a012484       0xa0 common/built-in.o
                0x000000004a012484                stdio_deregister_dev
 .text.stdio_init_tables
                0x000000004a012524       0x14 common/built-in.o
                0x000000004a012524                stdio_init_tables
 .text.stdio_add_devices
                0x000000004a012538       0xbc common/built-in.o
                0x000000004a012538                stdio_add_devices
 .text.run_command
                0x000000004a0125f4        0xe common/built-in.o
                0x000000004a0125f4                run_command
 .text.run_command_list
                0x000000004a012602       0x46 common/built-in.o
                0x000000004a012602                run_command_list
 .text.do_run   0x000000004a012648       0x50 common/built-in.o
                0x000000004a012648                do_run
 .text.cli_process_fdt
                0x000000004a012698       0x30 common/built-in.o
                0x000000004a012698                cli_process_fdt
 .text.cli_secure_boot_cmd
                0x000000004a0126c8       0x4c common/built-in.o
                0x000000004a0126c8                cli_secure_boot_cmd
 .text.cli_loop
                0x000000004a012714        0x8 common/built-in.o
                0x000000004a012714                cli_loop
 .text.cli_init
                0x000000004a01271c        0x4 common/built-in.o
                0x000000004a01271c                cli_init
 .text.find_cmd_tbl
                0x000000004a012720       0x64 common/built-in.o
                0x000000004a012720                find_cmd_tbl
 .text.find_cmd
                0x000000004a012784       0x1c common/built-in.o
                0x000000004a012784                find_cmd
 .text.cmd_usage
                0x000000004a0127a0       0x3c common/built-in.o
                0x000000004a0127a0                cmd_usage
 .text._do_help
                0x000000004a0127dc       0xfc common/built-in.o
                0x000000004a0127dc                _do_help
 .text.var_complete
                0x000000004a0128d8       0x48 common/built-in.o
                0x000000004a0128d8                var_complete
 .text.cmd_auto_complete
                0x000000004a012920      0x308 common/built-in.o
                0x000000004a012920                cmd_auto_complete
 .text.cmd_get_data_size
                0x000000004a012c28       0x38 common/built-in.o
                0x000000004a012c28                cmd_get_data_size
 .text.cmd_process
                0x000000004a012c60       0x94 common/built-in.o
                0x000000004a012c60                cmd_process
 .text.cmd_process_error
                0x000000004a012cf4       0x1c common/built-in.o
                0x000000004a012cf4                cmd_process_error
 .text.hex1_bin
                0x000000004a012d10       0x2a common/built-in.o
 .text.hex2_bin
                0x000000004a012d3a       0x24 common/built-in.o
 .text.srec_decode
                0x000000004a012d5e      0x184 common/built-in.o
                0x000000004a012d5e                srec_decode
 .text.CYGACC_COMM_IF_GETC_TIMEOUT.isra.0
                0x000000004a012ee2       0x2e common/built-in.o
 .text.xyzModem_flush
                0x000000004a012f10       0x14 common/built-in.o
 .text.xyzModem_get_hdr
                0x000000004a012f24      0x174 common/built-in.o
 .text.xyzModem_stream_open
                0x000000004a013098      0x178 common/built-in.o
                0x000000004a013098                xyzModem_stream_open
 .text.xyzModem_stream_read
                0x000000004a013210      0x1c0 common/built-in.o
                0x000000004a013210                xyzModem_stream_read
 .text.xyzModem_stream_close
                0x000000004a0133d0       0x40 common/built-in.o
                0x000000004a0133d0                xyzModem_stream_close
 .text.xyzModem_stream_terminate
                0x000000004a013410       0x68 common/built-in.o
                0x000000004a013410                xyzModem_stream_terminate
 .text.xyzModem_error
                0x000000004a013478       0x18 common/built-in.o
                0x000000004a013478                xyzModem_error
 .text.blk_get_dev
                0x000000004a013490       0x1c disk/built-in.o
                0x000000004a013490                blk_get_dev
 .text.dev_print
                0x000000004a0134ac      0x158 disk/built-in.o
                0x000000004a0134ac                dev_print
 .text.part_init
                0x000000004a013604       0x2c disk/built-in.o
                0x000000004a013604                part_init
 .text.part_print
                0x000000004a013630       0xc4 disk/built-in.o
                0x000000004a013630                part_print
 .text.part_get_info
                0x000000004a0136f4       0x44 disk/built-in.o
                0x000000004a0136f4                part_get_info
 .text.part_get_info_whole_disk
                0x000000004a013738       0x38 disk/built-in.o
                0x000000004a013738                part_get_info_whole_disk
 .text.blk_get_device_by_str
                0x000000004a013770       0xcc disk/built-in.o
                0x000000004a013770                blk_get_device_by_str
 .text.blk_get_device_part_str
                0x000000004a01383c      0x248 disk/built-in.o
                0x000000004a01383c                blk_get_device_part_str
 .text.part_set_generic_name
                0x000000004a013a84       0x34 disk/built-in.o
                0x000000004a013a84                part_set_generic_name
 .text.test_block_type
                0x000000004a013ab8       0x50 disk/built-in.o
 .text.print_partition_extended
                0x000000004a013b08      0x1c0 disk/built-in.o
 .text.part_print_dos
                0x000000004a013cc8       0x20 disk/built-in.o
                0x000000004a013cc8                part_print_dos
 .text.part_test_dos
                0x000000004a013ce8       0x4a disk/built-in.o
 *fill*         0x000000004a013d32        0x2 
 .text.part_get_info_extended
                0x000000004a013d34      0x1f8 disk/built-in.o
 .text.part_get_info_dos
                0x000000004a013f2c       0x16 disk/built-in.o
                0x000000004a013f2c                part_get_info_dos
 .text.iso_dread
                0x000000004a013f42       0x22 disk/built-in.o
                0x000000004a013f42                iso_dread
 .text.part_get_info_iso_verb
                0x000000004a013f64      0x248 disk/built-in.o
                0x000000004a013f64                part_get_info_iso_verb
 .text.part_test_iso
                0x000000004a0141ac       0x14 disk/built-in.o
 .text.part_print_iso
                0x000000004a0141c0       0x5c disk/built-in.o
 .text.part_get_info_iso
                0x000000004a01421c        0x6 disk/built-in.o
 *fill*         0x000000004a014222        0x2 
 .text.print_efiname
                0x000000004a014224       0x38 disk/built-in.o
 .text.part_test_efi
                0x000000004a01425c       0x76 disk/built-in.o
 *fill*         0x000000004a0142d2        0x2 
 .text.set_protective_mbr
                0x000000004a0142d4       0x98 disk/built-in.o
 .text.validate_gpt_entries
                0x000000004a01436c       0x80 disk/built-in.o
 *fill*         0x000000004a0143ec        0x4 
 .text.validate_gpt_header
                0x000000004a0143f0      0x1a0 disk/built-in.o
 .text.is_gpt_valid
                0x000000004a014590      0x1a8 disk/built-in.o
 .text.is_pte_valid
                0x000000004a014738       0x38 disk/built-in.o
 .text.part_print_efi
                0x000000004a014770      0x1e8 disk/built-in.o
                0x000000004a014770                part_print_efi
 .text.part_get_info_efi
                0x000000004a014958      0x174 disk/built-in.o
                0x000000004a014958                part_get_info_efi
 .text.get_disk_guid
                0x000000004a014acc       0xa4 disk/built-in.o
                0x000000004a014acc                get_disk_guid
 .text.write_gpt_table
                0x000000004a014b70      0x2d4 disk/built-in.o
                0x000000004a014b70                write_gpt_table
 .text.gpt_fill_pte
                0x000000004a014e44      0x288 disk/built-in.o
                0x000000004a014e44                gpt_fill_pte
 .text.gpt_fill_header
                0x000000004a0150cc      0x1a8 disk/built-in.o
                0x000000004a0150cc                gpt_fill_header
 .text.gpt_restore
                0x000000004a015274       0xc8 disk/built-in.o
                0x000000004a015274                gpt_restore
 .text.gpt_verify_headers
                0x000000004a01533c       0x54 disk/built-in.o
                0x000000004a01533c                gpt_verify_headers
 .text.gpt_verify_partitions
                0x000000004a015390      0x180 disk/built-in.o
                0x000000004a015390                gpt_verify_partitions
 .text.device_bind_common.isra.0
                0x000000004a015510      0x1f0 drivers/built-in.o
 .text.alloc_priv
                0x000000004a015700       0x3a drivers/built-in.o
 .text.device_bind_with_driver_data
                0x000000004a01573a       0x16 drivers/built-in.o
                0x000000004a01573a                device_bind_with_driver_data
 .text.device_bind
                0x000000004a015750       0x16 drivers/built-in.o
                0x000000004a015750                device_bind
 .text.device_bind_by_name
                0x000000004a015766       0x44 drivers/built-in.o
                0x000000004a015766                device_bind_by_name
 *fill*         0x000000004a0157aa        0x2 
 .text.device_probe
                0x000000004a0157ac      0x134 drivers/built-in.o
                0x000000004a0157ac                device_probe
 .text.dev_get_platdata
                0x000000004a0158e0       0x20 drivers/built-in.o
                0x000000004a0158e0                dev_get_platdata
 .text.dev_get_parent_platdata
                0x000000004a015900       0x20 drivers/built-in.o
                0x000000004a015900                dev_get_parent_platdata
 .text.dev_get_uclass_platdata
                0x000000004a015920       0x20 drivers/built-in.o
                0x000000004a015920                dev_get_uclass_platdata
 .text.dev_get_priv
                0x000000004a015940       0x20 drivers/built-in.o
                0x000000004a015940                dev_get_priv
 .text.dev_get_uclass_priv
                0x000000004a015960       0x20 drivers/built-in.o
                0x000000004a015960                dev_get_uclass_priv
 .text.dev_get_parent_priv
                0x000000004a015980       0x20 drivers/built-in.o
                0x000000004a015980                dev_get_parent_priv
 .text.device_get_child
                0x000000004a0159a0       0x32 drivers/built-in.o
                0x000000004a0159a0                device_get_child
 .text.device_find_first_child
                0x000000004a0159d2       0x14 drivers/built-in.o
                0x000000004a0159d2                device_find_first_child
 .text.device_find_next_child
                0x000000004a0159e6       0x16 drivers/built-in.o
                0x000000004a0159e6                device_find_next_child
 .text.dev_get_parent
                0x000000004a0159fc        0x4 drivers/built-in.o
                0x000000004a0159fc                dev_get_parent
 .text.dev_get_driver_data
                0x000000004a015a00        0x4 drivers/built-in.o
                0x000000004a015a00                dev_get_driver_data
 .text.device_get_uclass_id
                0x000000004a015a04        0x8 drivers/built-in.o
                0x000000004a015a04                device_get_uclass_id
 .text.device_has_active_children
                0x000000004a015a0c       0x22 drivers/built-in.o
                0x000000004a015a0c                device_has_active_children
 .text.device_is_last_sibling
                0x000000004a015a2e       0x14 drivers/built-in.o
                0x000000004a015a2e                device_is_last_sibling
 *fill*         0x000000004a015a42        0x2 
 .text.devfdt_get_addr_index
                0x000000004a015a44       0x70 drivers/built-in.o
                0x000000004a015a44                devfdt_get_addr_index
 .text.devfdt_get_addr
                0x000000004a015ab4        0x6 drivers/built-in.o
                0x000000004a015ab4                devfdt_get_addr
 .text.devfdt_get_addr_ptr
                0x000000004a015aba        0x6 drivers/built-in.o
                0x000000004a015aba                devfdt_get_addr_ptr
 .text.lists_driver_lookup_name
                0x000000004a015ac0       0x2c drivers/built-in.o
                0x000000004a015ac0                lists_driver_lookup_name
 .text.lists_uclass_lookup
                0x000000004a015aec       0x24 drivers/built-in.o
                0x000000004a015aec                lists_uclass_lookup
 .text.lists_bind_drivers
                0x000000004a015b10       0x54 drivers/built-in.o
                0x000000004a015b10                lists_bind_drivers
 .text.device_bind_driver_to_node
                0x000000004a015b64       0x2c drivers/built-in.o
                0x000000004a015b64                device_bind_driver_to_node
 .text.device_bind_driver
                0x000000004a015b90       0x12 drivers/built-in.o
                0x000000004a015b90                device_bind_driver
 *fill*         0x000000004a015ba2        0x2 
 .text.lists_bind_fdt
                0x000000004a015ba4       0xe0 drivers/built-in.o
                0x000000004a015ba4                lists_bind_fdt
 .text.dm_scan_fdt_node
                0x000000004a015c84       0x6c drivers/built-in.o
 .text.dm_root  0x000000004a015cf0       0x1c drivers/built-in.o
                0x000000004a015cf0                dm_root
 .text.dm_get_translation_offset
                0x000000004a015d0c        0xe drivers/built-in.o
                0x000000004a015d0c                dm_get_translation_offset
 *fill*         0x000000004a015d1a        0x2 
 .text.dm_init  0x000000004a015d1c       0x4c drivers/built-in.o
                0x000000004a015d1c                dm_init
 .text.dm_remove_devices_flags
                0x000000004a015d68       0x12 drivers/built-in.o
                0x000000004a015d68                dm_remove_devices_flags
 *fill*         0x000000004a015d7a        0x2 
 .text.dm_scan_platdata
                0x000000004a015d7c       0x20 drivers/built-in.o
                0x000000004a015d7c                dm_scan_platdata
 .text.dm_scan_fdt_dev
                0x000000004a015d9c       0x1e drivers/built-in.o
                0x000000004a015d9c                dm_scan_fdt_dev
 .text.dm_scan_fdt
                0x000000004a015dba       0x14 drivers/built-in.o
                0x000000004a015dba                dm_scan_fdt
 *fill*         0x000000004a015dce        0x2 
 .text.dm_extended_scan_fdt
                0x000000004a015dd0       0x34 drivers/built-in.o
                0x000000004a015dd0                dm_extended_scan_fdt
 .text.dm_scan_other
                0x000000004a015e04        0x4 drivers/built-in.o
                0x000000004a015e04                dm_scan_other
 .text.dm_init_and_scan
                0x000000004a015e08       0x2c drivers/built-in.o
                0x000000004a015e08                dm_init_and_scan
 .text.uclass_find
                0x000000004a015e34       0x2a drivers/built-in.o
                0x000000004a015e34                uclass_find
 .text.uclass_get
                0x000000004a015e5e       0xaa drivers/built-in.o
                0x000000004a015e5e                uclass_get
 .text.uclass_find_device
                0x000000004a015f08       0x40 drivers/built-in.o
                0x000000004a015f08                uclass_find_device
 .text.uclass_find_first_device
                0x000000004a015f48       0x22 drivers/built-in.o
                0x000000004a015f48                uclass_find_first_device
 .text.uclass_find_next_device
                0x000000004a015f6a       0x18 drivers/built-in.o
                0x000000004a015f6a                uclass_find_next_device
 .text.uclass_find_device_by_seq
                0x000000004a015f82       0x4a drivers/built-in.o
                0x000000004a015f82                uclass_find_device_by_seq
 .text.uclass_find_device_by_of_offset
                0x000000004a015fcc       0x40 drivers/built-in.o
                0x000000004a015fcc                uclass_find_device_by_of_offset
 .text.uclass_get_device_tail
                0x000000004a01600c       0x16 drivers/built-in.o
                0x000000004a01600c                uclass_get_device_tail
 .text.uclass_get_device
                0x000000004a016022       0x1c drivers/built-in.o
                0x000000004a016022                uclass_get_device
 .text.uclass_get_device_by_seq
                0x000000004a01603e       0x32 drivers/built-in.o
                0x000000004a01603e                uclass_get_device_by_seq
 .text.uclass_get_device_by_of_offset
                0x000000004a016070       0x1c drivers/built-in.o
                0x000000004a016070                uclass_get_device_by_of_offset
 .text.uclass_first_device
                0x000000004a01608c       0x1e drivers/built-in.o
                0x000000004a01608c                uclass_first_device
 .text.uclass_next_device
                0x000000004a0160aa       0x24 drivers/built-in.o
                0x000000004a0160aa                uclass_next_device
 .text.uclass_bind_device
                0x000000004a0160ce       0x3a drivers/built-in.o
                0x000000004a0160ce                uclass_bind_device
 .text.uclass_unbind_device
                0x000000004a016108       0x24 drivers/built-in.o
                0x000000004a016108                uclass_unbind_device
 .text.uclass_resolve_seq
                0x000000004a01612c       0x64 drivers/built-in.o
                0x000000004a01612c                uclass_resolve_seq
 .text.uclass_pre_probe_device
                0x000000004a016190       0x2e drivers/built-in.o
                0x000000004a016190                uclass_pre_probe_device
 .text.uclass_post_probe_device
                0x000000004a0161be        0xe drivers/built-in.o
                0x000000004a0161be                uclass_post_probe_device
 .text.uclass_pre_remove_device
                0x000000004a0161cc        0xe drivers/built-in.o
                0x000000004a0161cc                uclass_pre_remove_device
 .text.dm_warn  0x000000004a0161da       0x1a drivers/built-in.o
                0x000000004a0161da                dm_warn
 .text.dm_fdt_pre_reloc
                0x000000004a0161f4       0x44 drivers/built-in.o
                0x000000004a0161f4                dm_fdt_pre_reloc
 .text.device_unbind
                0x000000004a016238       0xb8 drivers/built-in.o
                0x000000004a016238                device_unbind
 .text.device_free
                0x000000004a0162f0       0x44 drivers/built-in.o
                0x000000004a0162f0                device_free
 .text.device_remove
                0x000000004a016334       0xec drivers/built-in.o
                0x000000004a016334                device_remove
 .text.simple_bus_post_bind
                0x000000004a016420       0x34 drivers/built-in.o
 .text.show_devices
                0x000000004a016454       0xa0 drivers/built-in.o
 .text.dm_dump_all
                0x000000004a0164f4       0x30 drivers/built-in.o
                0x000000004a0164f4                dm_dump_all
 .text.dm_dump_uclass
                0x000000004a016524       0x8c drivers/built-in.o
                0x000000004a016524                dm_dump_uclass
 .text.ofnode_read_u32
                0x000000004a0165b0       0x2e drivers/built-in.o
                0x000000004a0165b0                ofnode_read_u32
 .text.ofnode_read_u32_default
                0x000000004a0165de       0x16 drivers/built-in.o
                0x000000004a0165de                ofnode_read_u32_default
 .text.ofnode_read_u32_array
                0x000000004a0165f4       0x18 drivers/built-in.o
                0x000000004a0165f4                ofnode_read_u32_array
 .text.ofnode_get_name
                0x000000004a01660c        0xe drivers/built-in.o
                0x000000004a01660c                ofnode_get_name
 .text.ofnode_path
                0x000000004a01661a       0x10 drivers/built-in.o
                0x000000004a01661a                ofnode_path
 .text.ofnode_get_property
                0x000000004a01662a       0x14 drivers/built-in.o