bootstage.h:368:19:bootstage_relocate	0	static
board_r.c:104:12:initr_reloc	0	static
board_r.c:336:12:power_init_board	0	static
board_r.c:965:12:dram_set_clk	0	static
board_r.c:499:12:init_env_boot_mmc	32	static
board_r.c:971:12:turn_off_tft_bl	8	static
board_r.c:984:12:run_main_loop	8	static
board_r.c:623:12:initr_net	8	static
board_r.c:558:12:initr_ethaddr	8	static
board_r.c:550:12:initr_enable_interrupts	8	static
board_r.c:533:12:initr_jumptable	8	static
board_r.c:473:12:initr_env	8	static
board_r.c:443:12:initr_mmc	8	static
board_r.c:177:12:initr_serial	8	static
board_r.c:304:12:initr_dm	0	static
board_r.c:329:12:initr_bootstage	8	static
board_r.c:256:12:initr_malloc	8	static
board_r.c:130:12:initr_reloc_global_data	8	static
board_r.c:117:12:initr_caches	8	static
board_r.c:341:12:initr_announce	0	static
board_r.c:95:12:initr_trace	0	static
board_r.c:247:12:initr_barrier	0	static
board_r.c:271:12:initr_console_record	0	static
board_r.c:67:12:board_flash_wp_on	0	static
board_r.c:77:13:cpu_secondary_init_r	0	static
board_r.c:81:12:initr_secondary_cpu	8	static
board_r.c:125:12:fixup_cpu	0	static
board_r.c:756:5:nanopi_read_gpio	48	static
board_r.c:785:5:nanopi_read_extra_gpio	112	static
board_r.c:815:5:nanopi_get_board	96	static
board_r.c:954:12:setup_env_boardtype	16	static
board_r.c:1212:6:board_init_r	8	static
