clock_sun6i.c:64:6:clock_init_sec	0	static
clock_sun6i.c:83:6:clock_init_uart	0	static
clock_sun6i.c:113:6:clock_set_pll1	16	static
clock_sun6i.c:20:6:clock_init_safe	8	static
clock_sun6i.c:149:14:clock_get_pll1	0	static
clock_sun6i.c:165:6:clock_set_pll3	0	static
clock_sun6i.c:183:6:clock_set_pll3_factors	0	static
clock_sun6i.c:198:6:clock_set_pll5	24	static
clock_sun6i.c:271:6:clock_set_pll10	0	static
clock_sun6i.c:312:14:clock_get_pll3	8	static
clock_sun6i.c:324:14:clock_get_pll6	0	static
clock_sun6i.c:334:14:clock_get_mipi_pll	8	static
clock_sun6i.c:348:6:clock_set_de_mod_clock	24	static
